Component: ARM Compiler 5.06 update 1 (build 61) Tool: armlink [4d35a8]

==============================================================================

Section Cross References

    gpiocontroller.o(i.digitalWrite) refers to stm32f7xx_hal_gpio.o(i.HAL_GPIO_WritePin) for HAL_GPIO_WritePin
    gpiocontroller.o(i.digitalWrite) refers to gpiocontroller.o(.constdata) for GPIO_PINS
    gpiocontroller.o(i.getPin) refers to gpiocontroller.o(.constdata) for GPIO_PINS
    gpiocontroller.o(i.initGPIO) refers to stm32f7xx_hal_gpio.o(i.HAL_GPIO_Init) for HAL_GPIO_Init
    gpiocontroller.o(i.initGPIO) refers to gpiocontroller.o(.constdata) for GPIO_PINS
    gpiocontroller.o(i.init_button) refers to stm32f7xx_hal_gpio.o(i.HAL_GPIO_Init) for HAL_GPIO_Init
    gpiocontroller.o(i.init_button) refers to gpiocontroller.o(.constdata) for GPIO_PINS
    ledbuzzercontroller.o(i.initBuzzer) refers to stm32f7xx_hal_gpio.o(i.HAL_GPIO_Init) for HAL_GPIO_Init
    ledbuzzercontroller.o(i.initBuzzer) refers to ledbuzzercontroller.o(.constdata) for GPIO_PINS
    ledbuzzercontroller.o(i.initLed) refers to stm32f7xx_hal_gpio.o(i.HAL_GPIO_Init) for HAL_GPIO_Init
    ledbuzzercontroller.o(i.initLed) refers to ledbuzzercontroller.o(.constdata) for GPIO_PINS
    main.o(i.CPU_CACHE_Enable) refers to main.o(i.SCB_EnableDCache) for SCB_EnableDCache
    main.o(i.HAL_GetTick) refers to rt_time.o(.data) for os_time
    main.o(i.SystemClock_Config) refers to stm32f7xx_hal_rcc.o(i.HAL_RCC_OscConfig) for HAL_RCC_OscConfig
    main.o(i.SystemClock_Config) refers to stm32f7xx_hal_pwr_ex.o(i.HAL_PWREx_EnableOverDrive) for HAL_PWREx_EnableOverDrive
    main.o(i.SystemClock_Config) refers to stm32f7xx_hal_rcc.o(i.HAL_RCC_ClockConfig) for HAL_RCC_ClockConfig
    main.o(i.TM_SPI_InitCustomPinsCallback) refers to gpiocontroller.o(i.initGPIO) for initGPIO
    main.o(i.main) refers to _printf_pad.o(.text) for _printf_pre_padding
    main.o(i.main) refers to _printf_percent.o(.ARM.Collect$$_printf_percent$$00000000) for _printf_percent
    main.o(i.main) refers to _printf_x.o(.ARM.Collect$$_printf_percent$$0000000C) for _printf_x
    main.o(i.main) refers to _printf_hex_int.o(.text) for _printf_longlong_hex
    main.o(i.main) refers to main.o(i.CPU_CACHE_Enable) for CPU_CACHE_Enable
    main.o(i.main) refers to stm32f7xx_hal.o(i.HAL_Init) for HAL_Init
    main.o(i.main) refers to stm32746g_discovery_sdram.o(i.BSP_SDRAM_Init) for BSP_SDRAM_Init
    main.o(i.main) refers to main.o(i.SystemClock_Config) for SystemClock_Config
    main.o(i.main) refers to gpiocontroller.o(i.enableClocksGPIO) for enableClocksGPIO
    main.o(i.main) refers to glcd_746g_discovery.o(i.GLCD_Initialize) for GLCD_Initialize
    main.o(i.main) refers to glcd_746g_discovery.o(i.GLCD_SetBackgroundColor) for GLCD_SetBackgroundColor
    main.o(i.main) refers to glcd_746g_discovery.o(i.GLCD_ClearScreen) for GLCD_ClearScreen
    main.o(i.main) refers to glcd_746g_discovery.o(i.GLCD_SetForegroundColor) for GLCD_SetForegroundColor
    main.o(i.main) refers to glcd_746g_discovery.o(i.GLCD_SetFont) for GLCD_SetFont
    main.o(i.main) refers to glcd_746g_discovery.o(i.GLCD_DrawString) for GLCD_DrawString
    main.o(i.main) refers to tm_stm32f4_mfrc522.o(i.TM_MFRC522_Init) for TM_MFRC522_Init
    main.o(i.main) refers to tm_stm32f4_mfrc522.o(i.TM_MFRC522_Check) for TM_MFRC522_Check
    main.o(i.main) refers to noretval__2sprintf.o(.text) for __2sprintf
    main.o(i.main) refers to glcd_fonts.o(.constdata) for GLCD_Font_16x24
    pircontroller.o(i.initPir) refers to gpiocontroller.o(i.getPin) for getPin
    pircontroller.o(i.initPir) refers to stm32f7xx_hal_gpio.o(i.HAL_GPIO_Init) for HAL_GPIO_Init
    tm_stm32f4_mfrc522.o(i.TM_MFRC522_AntennaOff) refers to tm_stm32f4_mfrc522.o(i.TM_MFRC522_ClearBitMask) for TM_MFRC522_ClearBitMask
    tm_stm32f4_mfrc522.o(i.TM_MFRC522_AntennaOn) refers to tm_stm32f4_mfrc522.o(i.TM_MFRC522_ReadRegister) for TM_MFRC522_ReadRegister
    tm_stm32f4_mfrc522.o(i.TM_MFRC522_AntennaOn) refers to tm_stm32f4_mfrc522.o(i.TM_MFRC522_SetBitMask) for TM_MFRC522_SetBitMask
    tm_stm32f4_mfrc522.o(i.TM_MFRC522_Anticoll) refers to tm_stm32f4_mfrc522.o(i.TM_MFRC522_WriteRegister) for TM_MFRC522_WriteRegister
    tm_stm32f4_mfrc522.o(i.TM_MFRC522_Anticoll) refers to tm_stm32f4_mfrc522.o(i.TM_MFRC522_ToCard) for TM_MFRC522_ToCard
    tm_stm32f4_mfrc522.o(i.TM_MFRC522_Auth) refers to tm_stm32f4_mfrc522.o(i.TM_MFRC522_ToCard) for TM_MFRC522_ToCard
    tm_stm32f4_mfrc522.o(i.TM_MFRC522_Auth) refers to tm_stm32f4_mfrc522.o(i.TM_MFRC522_ReadRegister) for TM_MFRC522_ReadRegister
    tm_stm32f4_mfrc522.o(i.TM_MFRC522_CalculateCRC) refers to tm_stm32f4_mfrc522.o(i.TM_MFRC522_ClearBitMask) for TM_MFRC522_ClearBitMask
    tm_stm32f4_mfrc522.o(i.TM_MFRC522_CalculateCRC) refers to tm_stm32f4_mfrc522.o(i.TM_MFRC522_SetBitMask) for TM_MFRC522_SetBitMask
    tm_stm32f4_mfrc522.o(i.TM_MFRC522_CalculateCRC) refers to tm_stm32f4_mfrc522.o(i.TM_MFRC522_WriteRegister) for TM_MFRC522_WriteRegister
[...]
    i._mutex_acquire                         0x080035ac   Section        0  rtx_conf_cm.o(i._mutex_acquire)
    __tagsym$$used                           0x080035ad   Number         0  rtx_conf_cm.o(i._mutex_acquire)
    i._mutex_release                         0x080035cc   Section        0  rtx_conf_cm.o(i._mutex_release)
    __tagsym$$used                           0x080035cd   Number         0  rtx_conf_cm.o(i._mutex_release)
    i.dbg_init                               0x080035e8   Section        0  hal_cm.o(i.dbg_init)
    i.dbg_task_notify                        0x08003618   Section        0  hal_cm.o(i.dbg_task_notify)
    i.dbg_task_switch                        0x08003638   Section        0  hal_cm.o(i.dbg_task_switch)
    i.enableClocksGPIO                       0x08003648   Section        0  gpiocontroller.o(i.enableClocksGPIO)
    i.initGPIO                               0x080036d4   Section        0  gpiocontroller.o(i.initGPIO)
    i.isrMessageGet                          0x0800370c   Section        0  rt_cmsis.o(i.isrMessageGet)
    i.isrMessagePut                          0x08003736   Section        0  rt_cmsis.o(i.isrMessagePut)
    i.isr_mbx_receive                        0x08003764   Section        0  rt_mailbox.o(i.isr_mbx_receive)
    i.isr_mbx_send                           0x080037b6   Section        0  rt_mailbox.o(i.isr_mbx_send)
    i.main                                   0x080037c4   Section        0  main.o(i.main)
    i.osKernelInitialize                     0x080038bc   Section        0  rt_cmsis.o(i.osKernelInitialize)
    i.osKernelStart                          0x080038e0   Section        0  rt_cmsis.o(i.osKernelStart)
    i.osMessageGet                           0x0800394c   Section        0  rt_cmsis.o(i.osMessageGet)
    i.osThreadCreate                         0x08003964   Section        0  rt_cmsis.o(i.osThreadCreate)
    i.osThreadExit                           0x08003994   Section        0  rt_cmsis.o(i.osThreadExit)
    i.osTimerCall                            0x080039ac   Section        0  rt_cmsis.o(i.osTimerCall)
    i.osTimerThread                          0x080039b8   Section        0  rt_cmsis.o(i.osTimerThread)
    i.os_error                               0x080039e4   Section        0  rtx_conf_cm.o(i.os_error)
    i.os_idle_demon                          0x08003a06   Section        0  rtx_conf_cm.o(i.os_idle_demon)
    i.os_tick_init                           0x08003a0c   Section        0  rt_system.o(i.os_tick_init)
    i.os_tick_irqack                         0x08003a34   Section        0  rt_system.o(i.os_tick_irqack)
    i.rt_alloc_box                           0x08003a36   Section        0  rt_membox.o(i.rt_alloc_box)
    i.rt_alloc_mem                           0x08003a50   Section        0  rt_memory.o(i.rt_alloc_mem)
    i.rt_block                               0x08003a90   Section        0  rt_task.o(i.rt_block)
    i.rt_chk_robin                           0x08003ac8   Section        0  rt_robin.o(i.rt_chk_robin)
    i.rt_dec_dly                             0x08003b10   Section        0  rt_list.o(i.rt_dec_dly)
    i.rt_dispatch                            0x08003b80   Section        0  rt_task.o(i.rt_dispatch)
    i.rt_evt_psh                             0x08003bc4   Section        0  rt_event.o(i.rt_evt_psh)
    i.rt_free_box                            0x08003c14   Section        0  rt_membox.o(i.rt_free_box)
    i.rt_free_mem                            0x08003c40   Section        0  rt_memory.o(i.rt_free_mem)
    i.rt_get_first                           0x08003c68   Section        0  rt_list.o(i.rt_get_first)
    i.rt_id2obj                              0x08003c90   Section        0  rt_cmsis.o(i.rt_id2obj)
    rt_id2obj                                0x08003c91   Thumb Code     8  rt_cmsis.o(i.rt_id2obj)
    i.rt_init_context                        0x08003c98   Section        0  rt_task.o(i.rt_init_context)
    rt_init_context                          0x08003c99   Thumb Code    66  rt_task.o(i.rt_init_context)
    i.rt_init_mem                            0x08003ce0   Section        0  rt_memory.o(i.rt_init_mem)
    i.rt_init_robin                          0x08003cfc   Section        0  rt_robin.o(i.rt_init_robin)
    i.rt_init_stack                          0x08003d14   Section        0  hal_cm.o(i.rt_init_stack)
    i.rt_mbx_check                           0x08003d94   Section        0  rt_mailbox.o(i.rt_mbx_check)
    i.rt_mbx_init                            0x08003d9c   Section        0  rt_mailbox.o(i.rt_mbx_init)
    i.rt_mbx_psh                             0x08003db8   Section        0  rt_mailbox.o(i.rt_mbx_psh)
    i.rt_mbx_wait                            0x08003ea8   Section        0  rt_mailbox.o(i.rt_mbx_wait)
    i.rt_ms2tick                             0x08003f5c   Section        0  rt_cmsis.o(i.rt_ms2tick)
    rt_ms2tick                               0x08003f5d   Thumb Code    58  rt_cmsis.o(i.rt_ms2tick)
    i.rt_mut_release                         0x08003fa0   Section        0  rt_mutex.o(i.rt_mut_release)
    i.rt_mut_wait                            0x08004078   Section        0  rt_mutex.o(i.rt_mut_wait)
    i.rt_pop_req                             0x080040e0   Section        0  rt_system.o(i.rt_pop_req)
    i.rt_psh_req                             0x0800415c   Section        0  rt_system.o(i.rt_psh_req)
    i.rt_psq_enq                             0x0800417c   Section        0  rt_list.o(i.rt_psq_enq)
    i.rt_put_dly                             0x080041d8   Section        0  rt_list.o(i.rt_put_dly)
    i.rt_put_prio                            0x08004220   Section        0  rt_list.o(i.rt_put_prio)
    i.rt_put_rdy_first                       0x08004258   Section        0  rt_list.o(i.rt_put_rdy_first)
    i.rt_resort_prio                         0x0800426c   Section        0  rt_list.o(i.rt_resort_prio)
    i.rt_ret_regs                            0x080042a0   Section        0  hal_cm.o(i.rt_ret_regs)
    rt_ret_regs                              0x080042a1   Thumb Code    16  hal_cm.o(i.rt_ret_regs)
    i.rt_ret_val                             0x080042b0   Section        0  hal_cm.o(i.rt_ret_val)
    i.rt_ret_val2                            0x080042bc   Section        0  hal_cm.o(i.rt_ret_val2)
    i.rt_rmv_dly                             0x080042cc   Section        0  rt_list.o(i.rt_rmv_dly)
    i.rt_rmv_list                            0x080042f4   Section        0  rt_list.o(i.rt_rmv_list)
    i.rt_sem_psh                             0x08004324   Section        0  rt_semaphore.o(i.rt_sem_psh)
    i.rt_stk_check                           0x08004358   Section        0  rt_system.o(i.rt_stk_check)
    i.rt_switch_req                          0x0800437c   Section        0  rt_task.o(i.rt_switch_req)
    i.rt_sys_init                            0x080043a4   Section        0  rt_task.o(i.rt_sys_init)
    i.rt_sys_start                           0x08004470   Section        0  rt_task.o(i.rt_sys_start)
    i.rt_systick                             0x080044e8   Section        0  rt_system.o(i.rt_systick)
    i.rt_tid2ptcb                            0x08004528   Section        0  rt_cmsis.o(i.rt_tid2ptcb)
    rt_tid2ptcb                              0x08004529   Thumb Code    18  rt_cmsis.o(i.rt_tid2ptcb)
    i.rt_timer_insert                        0x0800453c   Section        0  rt_cmsis.o(i.rt_timer_insert)
    rt_timer_insert                          0x0800453d   Thumb Code    48  rt_cmsis.o(i.rt_timer_insert)
    i.rt_tsk_create                          0x08004570   Section        0  rt_task.o(i.rt_tsk_create)
    i.rt_tsk_delete                          0x080045f8   Section        0  rt_task.o(i.rt_tsk_delete)
    i.rt_tsk_prio                            0x08004774   Section        0  rt_task.o(i.rt_tsk_prio)
    i.rt_tsk_self                            0x080047f0   Section        0  rt_task.o(i.rt_tsk_self)
    i.svcKernelInitialize                    0x08004800   Section        0  rt_cmsis.o(i.svcKernelInitialize)
    i.svcKernelStart                         0x08004870   Section        0  rt_cmsis.o(i.svcKernelStart)
    i.svcMessageCreate                       0x080048b8   Section        0  rt_cmsis.o(i.svcMessageCreate)
    i.svcMessageGet                          0x080048dc   Section        0  rt_cmsis.o(i.svcMessageGet)
    i.svcThreadCreate                        0x08004918   Section        0  rt_cmsis.o(i.svcThreadCreate)
    i.svcThreadGetId                         0x08004988   Section        0  rt_cmsis.o(i.svcThreadGetId)
    i.svcThreadTerminate                     0x080049a4   Section        0  rt_cmsis.o(i.svcThreadTerminate)
    i.svcTimerCall                           0x080049dc   Section        0  rt_cmsis.o(i.svcTimerCall)
    i.sysTimerTick                           0x080049f4   Section        0  rt_cmsis.o(i.sysTimerTick)
    x$fpl$fpinit                             0x08004a50   Section       10  fpinit.o(x$fpl$fpinit)
    $v0                                      0x08004a50   Number         0  fpinit.o(x$fpl$fpinit)
    .constdata                               0x08004a5c   Section      128  gpiocontroller.o(.constdata)
    GPIO_PINS                                0x08004a5c   Data         128  gpiocontroller.o(.constdata)
    .constdata                               0x08004adc   Section      128  tm_stm32f4_mfrc522.o(.constdata)
    GPIO_PINS                                0x08004adc   Data         128  tm_stm32f4_mfrc522.o(.constdata)
    .constdata                               0x08004b5c   Section     6304  glcd_fonts.o(.constdata)
    Font_6x8_h                               0x08004b5c   Data         896  glcd_fonts.o(.constdata)
    Font_16x24_h                             0x08004edc   Data        5376  glcd_fonts.o(.constdata)
    .constdata                               0x080063fc   Section       86  rtx_conf_cm.o(.constdata)
    __tagsym$$used                           0x08006418   Number         0  rtx_conf_cm.o(.constdata)
    __tagsym$$used                           0x0800641c   Number         0  rtx_conf_cm.o(.constdata)
    __tagsym$$used                           0x08006420   Number         0  rtx_conf_cm.o(.constdata)
    __tagsym$$used                           0x08006424   Number         0  rtx_conf_cm.o(.constdata)
    .constdata                               0x08006452   Section        8  stm32f7xx_hal_dma.o(.constdata)
    flagBitshiftOffset                       0x08006452   Data           8  stm32f7xx_hal_dma.o(.constdata)
    .constdata                               0x0800645a   Section       24  system_stm32f7xx.o(.constdata)
    .constdata                               0x08006472   Section       40  _printf_hex_int.o(.constdata)
    uc_hextab                                0x08006472   Data          20  _printf_hex_int.o(.constdata)
    lc_hextab                                0x08006486   Data          20  _printf_hex_int.o(.constdata)
    .constdata                               0x0800649a   Section       17  __printf_flags_wp.o(.constdata)
    maptable                                 0x0800649a   Data          17  __printf_flags_wp.o(.constdata)
    .data                                    0x20010000   Section        2  stm32746g_discovery_sdram.o(.data)
    sdramstatus                              0x20010000   Data           1  stm32746g_discovery_sdram.o(.data)
    sdramstatus                              0x20010001   Data           1  stm32746g_discovery_sdram.o(.data)
    .data                                    0x20010004   Section        8  glcd_746g_discovery.o(.data)
    foreground_color                         0x20010004   Data           2  glcd_746g_discovery.o(.data)
    background_color                         0x20010006   Data           2  glcd_746g_discovery.o(.data)
    active_font                              0x20010008   Data           4  glcd_746g_discovery.o(.data)
    .data                                    0x2001000c   Section       36  rtx_conf_cm.o(.data)
    nr_mutex                                 0x2001001c   Data           4  rtx_conf_cm.o(.data)
    .data                                    0x20010030   Section        4  system_stm32f7xx.o(.data)
    .data                                    0x20010034   Section        8  rt_cmsis.o(.data)
    .data                                    0x2001003c   Section        8  rt_task.o(.data)
    .data                                    0x20010044   Section        4  rt_time.o(.data)
    .data                                    0x20010048   Section        8  rt_system.o(.data)
    os_lock                                  0x20010048   Data           1  rt_system.o(.data)
    os_psh_flag                              0x20010049   Data           1  rt_system.o(.data)
    pend_flags                               0x2001004a   Data           1  rt_system.o(.data)
    .data                                    0x20010050   Section        8  rt_robin.o(.data)
    .data                                    0x20010058   Section        1  hal_cm.o(.data)
    .bss                                     0x2001005c   Section      288  stm32746g_discovery_sdram.o(.bss)
    Timing                                   0x20010090   Data          28  stm32746g_discovery_sdram.o(.bss)
    Command                                  0x200100ac   Data          16  stm32746g_discovery_sdram.o(.bss)
    dma_handle                               0x200100bc   Data          96  stm32746g_discovery_sdram.o(.bss)
    dma_handle                               0x2001011c   Data          96  stm32746g_discovery_sdram.o(.bss)
    .bss                                     0x2001017c   Section      168  glcd_746g_discovery.o(.bss)
    LTDC_Handle                              0x2001017c   Data         168  glcd_746g_discovery.o(.bss)
    .bss                                     0x20010228   Section     3016  rtx_conf_cm.o(.bss)
    std_libspace                             0x20010ad0   Data         672  rtx_conf_cm.o(.bss)
    std_libmutex                             0x20010d70   Data         128  rtx_conf_cm.o(.bss)
    .bss                                     0x20010df0   Section       52  rt_task.o(.bss)
    .bss                                     0x20010e24   Section       48  rt_list.o(.bss)
    .bss                                     0x20010e54   Section       96  libspace.o(.bss)
    HEAP                                     0x20010eb8   Section      512  startup_stm32f746xx.o(HEAP)
    Heap_Mem                                 0x20010eb8   Data         512  startup_stm32f746xx.o(HEAP)
    STACK                                    0x200110b8   Section     1024  startup_stm32f746xx.o(STACK)
    Stack_Mem                                0x200110b8   Data        1024  startup_stm32f746xx.o(STACK)
    __initial_sp                             0x200114b8   Data           0  startup_stm32f746xx.o(STACK)
    .ARM.__AT_0xC0000000                     0xc0000000   Section    261120  glcd_746g_discovery.o(.ARM.__AT_0xC0000000)
    frame_buf                                0xc0000000   Data       261120  glcd_746g_discovery.o(.ARM.__AT_0xC0000000)

    Global Symbols

    Symbol Name                              Value     Ov Type        Size  Object(Section)

    BuildAttributes$$THM_ISAv4$E$P$D$K$B$S$7EM$VFPi5$EXTD16$VFPS$VFMA$PE$PLD8$A:L22UL41UL21$X:L11$S22US41US21$IEEE1$IW$USESV6$~STKCKD$USESV7$~SHL$OSPACE$ROPI$EBA8$UX$STANDARDLIB$REQ8$PRES8$EABIv2 0x00000000   Number         0  anon$$obj.o ABSOLUTE
    __ARM_use_no_argv                        0x00000000   Number         0  main.o ABSOLUTE
    _printf_flags                            0x00000000   Number         0  printf_stubs.o ABSOLUTE
    _printf_return_value                     0x00000000   Number         0  printf_stubs.o ABSOLUTE
    _printf_sizespec                         0x00000000   Number         0  printf_stubs.o ABSOLUTE
    _printf_widthprec                        0x00000000   Number         0  printf_stubs.o ABSOLUTE
    __ARM_exceptions_init                     - Undefined Weak Reference
    __alloca_initialize                       - Undefined Weak Reference
    __arm_preinit_                            - Undefined Weak Reference
    __cpp_initialize__aeabi_                  - Undefined Weak Reference
    __cxa_finalize                            - Undefined Weak Reference
    __rt_locale                               - Undefined Weak Reference
    __sigvec_lookup                           - Undefined Weak Reference
    _atexit_init                              - Undefined Weak Reference
    _call_atexit_fns                          - Undefined Weak Reference
    _clock_init                               - Undefined Weak Reference
    _fp_trap_init                             - Undefined Weak Reference
    _fp_trap_shutdown                         - Undefined Weak Reference
    _get_lc_collate                           - Undefined Weak Reference
    _get_lc_ctype                             - Undefined Weak Reference
    _get_lc_monetary                          - Undefined Weak Reference
    _get_lc_numeric                           - Undefined Weak Reference
    _get_lc_time                              - Undefined Weak Reference
    _getenv_init                              - Undefined Weak Reference
    _handle_redirection                       - Undefined Weak Reference
    _init_alloc                               - Undefined Weak Reference
    _init_user_alloc                          - Undefined Weak Reference
    _initio                                   - Undefined Weak Reference
    _printf_truncate_unsigned                 - Undefined Weak Reference
    _rand_init                                - Undefined Weak Reference
    _signal_finish                            - Undefined Weak Reference
    _signal_init                              - Undefined Weak Reference
    _terminate_alloc                          - Undefined Weak Reference
    _terminate_user_alloc                     - Undefined Weak Reference
    _terminateio                              - Undefined Weak Reference
    __Vectors_Size                           0x000001c8   Number         0  startup_stm32f746xx.o ABSOLUTE
    __RL_RTX_VER                             0x00000480   Number         0  rt_system.o ABSOLUTE
    __Vectors                                0x08000000   Data           4  startup_stm32f746xx.o(RESET)
    __Vectors_End                            0x080001c8   Data           0  startup_stm32f746xx.o(RESET)
    __main                                   0x080001c9   Thumb Code     8  __main.o(!!!main)
    __scatterload                            0x080001d1   Thumb Code     0  __scatter.o(!!!scatter)
    __scatterload_rt2                        0x080001d1   Thumb Code    44  __scatter.o(!!!scatter)
    __scatterload_rt2_thumb_only             0x080001d1   Thumb Code     0  __scatter.o(!!!scatter)
    __scatterload_null                       0x080001df   Thumb Code     0  __scatter.o(!!!scatter)
    __scatterload_copy                       0x08000205   Thumb Code    26  __scatter_copy.o(!!handler_copy)
    __scatterload_zeroinit                   0x08000221   Thumb Code    28  __scatter_zi.o(!!handler_zi)
    _printf_percent                          0x0800023d   Thumb Code     0  _printf_percent.o(.ARM.Collect$$_printf_percent$$00000000)
    _printf_x                                0x0800023d   Thumb Code     0  _printf_x.o(.ARM.Collect$$_printf_percent$$0000000C)
    _printf_percent_end                      0x08000243   Thumb Code     0  _printf_percent_end.o(.ARM.Collect$$_printf_percent$$00000017)
    __rt_lib_init                            0x08000247   Thumb Code     0  libinit.o(.ARM.Collect$$libinit$$00000000)
    __rt_lib_init_fp_1                       0x08000249   Thumb Code     0  libinit2.o(.ARM.Collect$$libinit$$00000001)
    __rt_lib_init_alloca_1                   0x0800024d   Thumb Code     0  libinit2.o(.ARM.Collect$$libinit$$0000002E)
    __rt_lib_init_argv_1                     0x0800024d   Thumb Code     0  libinit2.o(.ARM.Collect$$libinit$$0000002C)
    __rt_lib_init_atexit_1                   0x0800024d   Thumb Code     0  libinit2.o(.ARM.Collect$$libinit$$0000001B)
    __rt_lib_init_clock_1                    0x0800024d   Thumb Code     0  libinit2.o(.ARM.Collect$$libinit$$00000021)
    __rt_lib_init_cpp_1                      0x0800024d   Thumb Code     0  libinit2.o(.ARM.Collect$$libinit$$00000032)
    __rt_lib_init_exceptions_1               0x0800024d   Thumb Code     0  libinit2.o(.ARM.Collect$$libinit$$00000030)
    __rt_lib_init_fp_trap_1                  0x0800024d   Thumb Code     0  libinit2.o(.ARM.Collect$$libinit$$0000001F)
    __rt_lib_init_getenv_1                   0x0800024d   Thumb Code     0  libinit2.o(.ARM.Collect$$libinit$$00000023)
    __rt_lib_init_heap_1                     0x0800024d   Thumb Code     0  libinit2.o(.ARM.Collect$$libinit$$0000000A)
    __rt_lib_init_lc_collate_1               0x0800024d   Thumb Code     0  libinit2.o(.ARM.Collect$$libinit$$00000011)
    __rt_lib_init_lc_ctype_1                 0x0800024d   Thumb Code     0  libinit2.o(.ARM.Collect$$libinit$$00000013)
    __rt_lib_init_lc_monetary_1              0x0800024d   Thumb Code     0  libinit2.o(.ARM.Collect$$libinit$$00000015)
    __rt_lib_init_lc_numeric_1               0x0800024d   Thumb Code     0  libinit2.o(.ARM.Collect$$libinit$$00000017)
    __rt_lib_init_lc_time_1                  0x0800024d   Thumb Code     0  libinit2.o(.ARM.Collect$$libinit$$00000019)
    __rt_lib_init_preinit_1                  0x0800024d   Thumb Code     0  libinit2.o(.ARM.Collect$$libinit$$00000004)
    __rt_lib_init_rand_1                     0x0800024d   Thumb Code     0  libinit2.o(.ARM.Collect$$libinit$$0000000E)
    __rt_lib_init_return                     0x0800024d   Thumb Code     0  libinit2.o(.ARM.Collect$$libinit$$00000033)
    __rt_lib_init_signal_1                   0x0800024d   Thumb Code     0  libinit2.o(.ARM.Collect$$libinit$$0000001D)
    __rt_lib_init_stdio_1                    0x0800024d   Thumb Code     0  libinit2.o(.ARM.Collect$$libinit$$00000025)
    __rt_lib_init_user_alloc_1               0x0800024d   Thumb Code     0  libinit2.o(.ARM.Collect$$libinit$$0000000C)
    __rt_lib_shutdown                        0x0800024f   Thumb Code     0  libshutdown.o(.ARM.Collect$$libshutdown$$00000000)
    __rt_lib_shutdown_cpp_1                  0x08000251   Thumb Code     0  libshutdown2.o(.ARM.Collect$$libshutdown$$00000002)
    __rt_lib_shutdown_fp_trap_1              0x08000251   Thumb Code     0  libshutdown2.o(.ARM.Collect$$libshutdown$$00000007)
    __rt_lib_shutdown_heap_1                 0x08000251   Thumb Code     0  libshutdown2.o(.ARM.Collect$$libshutdown$$0000000F)
    __rt_lib_shutdown_return                 0x08000251   Thumb Code     0  libshutdown2.o(.ARM.Collect$$libshutdown$$00000010)
    __rt_lib_shutdown_signal_1               0x08000251   Thumb Code     0  libshutdown2.o(.ARM.Collect$$libshutdown$$0000000A)
    __rt_lib_shutdown_stdio_1                0x08000251   Thumb Code     0  libshutdown2.o(.ARM.Collect$$libshutdown$$00000004)
    __rt_lib_shutdown_user_alloc_1           0x08000251   Thumb Code     0  libshutdown2.o(.ARM.Collect$$libshutdown$$0000000C)
    __rt_entry                               0x08000253   Thumb Code     0  __rtentry.o(.ARM.Collect$$rtentry$$00000000)
    __rt_entry_presh_1                       0x08000253   Thumb Code     0  __rtentry2.o(.ARM.Collect$$rtentry$$00000002)
    __rt_entry_sh                            0x08000253   Thumb Code     0  __rtentry4.o(.ARM.Collect$$rtentry$$00000004)
    __rt_entry_li                            0x08000259   Thumb Code     0  __rtentry2.o(.ARM.Collect$$rtentry$$0000000A)
    __rt_entry_postsh_1                      0x08000259   Thumb Code     0  __rtentry2.o(.ARM.Collect$$rtentry$$00000009)
    __rt_entry_postli_1                      0x0800025d   Thumb Code     0  __rtentry2.o(.ARM.Collect$$rtentry$$0000000B)
    __rt_entry_main                          0x08000265   Thumb Code     0  __rtentry2.o(.ARM.Collect$$rtentry$$0000000D)
    __rt_exit                                0x0800026d   Thumb Code     0  rtexit.o(.ARM.Collect$$rtexit$$00000000)
    __rt_exit_ls                             0x0800026f   Thumb Code     0  rtexit2.o(.ARM.Collect$$rtexit$$00000003)
    __rt_exit_prels_1                        0x0800026f   Thumb Code     0  rtexit2.o(.ARM.Collect$$rtexit$$00000002)
    __rt_exit_exit                           0x08000273   Thumb Code     0  rtexit2.o(.ARM.Collect$$rtexit$$00000004)
    _platform_post_lib_init                  0x08000279   Thumb Code    24  rtx_conf_cm.o(.emb_text)
    rt_set_PSP                               0x08000295   Thumb Code     6  hal_cm4.o(.emb_text)
    rt_get_PSP                               0x0800029b   Thumb Code     6  hal_cm4.o(.emb_text)
    os_set_env                               0x080002a1   Thumb Code    24  hal_cm4.o(.emb_text)
    _alloc_box                               0x080002bd   Thumb Code    28  hal_cm4.o(.emb_text)
    _free_box                                0x080002dd   Thumb Code    28  hal_cm4.o(.emb_text)
    SVC_Handler                              0x080002fd   Thumb Code   168  hal_cm4.o(.emb_text)
    PendSV_Handler                           0x080003b5   Thumb Code    96  hal_cm4.o(.emb_text)
    SysTick_Handler                          0x08000419   Thumb Code     8  hal_cm4.o(.emb_text)
    OS_Tick_Handler                          0x08000421   Thumb Code    12  hal_cm4.o(.emb_text)
    Reset_Handler                            0x0800042d   Thumb Code     8  startup_stm32f746xx.o(.text)
    NMI_Handler                              0x08000435   Thumb Code     2  startup_stm32f746xx.o(.text)
    HardFault_Handler                        0x08000437   Thumb Code     2  startup_stm32f746xx.o(.text)
    MemManage_Handler                        0x08000439   Thumb Code     2  startup_stm32f746xx.o(.text)
    BusFault_Handler                         0x0800043b   Thumb Code     2  startup_stm32f746xx.o(.text)
    UsageFault_Handler                       0x0800043d   Thumb Code     2  startup_stm32f746xx.o(.text)
    DebugMon_Handler                         0x08000441   Thumb Code     2  startup_stm32f746xx.o(.text)
    ADC_IRQHandler                           0x08000447   Thumb Code     0  startup_stm32f746xx.o(.text)
    CAN1_RX0_IRQHandler                      0x08000447   Thumb Code     0  startup_stm32f746xx.o(.text)
    CAN1_RX1_IRQHandler                      0x08000447   Thumb Code     0  startup_stm32f746xx.o(.text)
    CAN1_SCE_IRQHandler                      0x08000447   Thumb Code     0  startup_stm32f746xx.o(.text)
    CAN1_TX_IRQHandler                       0x08000447   Thumb Code     0  startup_stm32f746xx.o(.text)
    CAN2_RX0_IRQHandler                      0x08000447   Thumb Code     0  startup_stm32f746xx.o(.text)
    CAN2_RX1_IRQHandler                      0x08000447   Thumb Code     0  startup_stm32f746xx.o(.text)
    CAN2_SCE_IRQHandler                      0x08000447   Thumb Code     0  startup_stm32f746xx.o(.text)
    CAN2_TX_IRQHandler                       0x08000447   Thumb Code     0  startup_stm32f746xx.o(.text)
    CEC_IRQHandler                           0x08000447   Thumb Code     0  startup_stm32f746xx.o(.text)
    DCMI_IRQHandler                          0x08000447   Thumb Code     0  startup_stm32f746xx.o(.text)
    DMA1_Stream0_IRQHandler                  0x08000447   Thumb Code     0  startup_stm32f746xx.o(.text)
    DMA1_Stream1_IRQHandler                  0x08000447   Thumb Code     0  startup_stm32f746xx.o(.text)
    DMA1_Stream2_IRQHandler                  0x08000447   Thumb Code     0  startup_stm32f746xx.o(.text)
    DMA1_Stream3_IRQHandler                  0x08000447   Thumb Code     0  startup_stm32f746xx.o(.text)
    DMA1_Stream4_IRQHandler                  0x08000447   Thumb Code     0  startup_stm32f746xx.o(.text)
    DMA1_Stream5_IRQHandler                  0x08000447   Thumb Code     0  startup_stm32f746xx.o(.text)
    DMA1_Stream6_IRQHandler                  0x08000447   Thumb Code     0  startup_stm32f746xx.o(.text)
    DMA1_Stream7_IRQHandler                  0x08000447   Thumb Code     0  startup_stm32f746xx.o(.text)
    DMA2D_IRQHandler                         0x08000447   Thumb Code     0  startup_stm32f746xx.o(.text)
    DMA2_Stream0_IRQHandler                  0x08000447   Thumb Code     0  startup_stm32f746xx.o(.text)
    DMA2_Stream1_IRQHandler                  0x08000447   Thumb Code     0  startup_stm32f746xx.o(.text)
    DMA2_Stream2_IRQHandler                  0x08000447   Thumb Code     0  startup_stm32f746xx.o(.text)
    DMA2_Stream3_IRQHandler                  0x08000447   Thumb Code     0  startup_stm32f746xx.o(.text)
    DMA2_Stream4_IRQHandler                  0x08000447   Thumb Code     0  startup_stm32f746xx.o(.text)
    DMA2_Stream5_IRQHandler                  0x08000447   Thumb Code     0  startup_stm32f746xx.o(.text)
    DMA2_Stream6_IRQHandler                  0x08000447   Thumb Code     0  startup_stm32f746xx.o(.text)
    DMA2_Stream7_IRQHandler                  0x08000447   Thumb Code     0  startup_stm32f746xx.o(.text)
    ETH_IRQHandler                           0x08000447   Thumb Code     0  startup_stm32f746xx.o(.text)
    ETH_WKUP_IRQHandler                      0x08000447   Thumb Code     0  startup_stm32f746xx.o(.text)
    EXTI0_IRQHandler                         0x08000447   Thumb Code     0  startup_stm32f746xx.o(.text)
    EXTI15_10_IRQHandler                     0x08000447   Thumb Code     0  startup_stm32f746xx.o(.text)
    EXTI1_IRQHandler                         0x08000447   Thumb Code     0  startup_stm32f746xx.o(.text)
    EXTI2_IRQHandler                         0x08000447   Thumb Code     0  startup_stm32f746xx.o(.text)
    EXTI3_IRQHandler                         0x08000447   Thumb Code     0  startup_stm32f746xx.o(.text)
    EXTI4_IRQHandler                         0x08000447   Thumb Code     0  startup_stm32f746xx.o(.text)
    EXTI9_5_IRQHandler                       0x08000447   Thumb Code     0  startup_stm32f746xx.o(.text)
    FLASH_IRQHandler                         0x08000447   Thumb Code     0  startup_stm32f746xx.o(.text)
    FMC_IRQHandler                           0x08000447   Thumb Code     0  startup_stm32f746xx.o(.text)
    FPU_IRQHandler                           0x08000447   Thumb Code     0  startup_stm32f746xx.o(.text)
    I2C1_ER_IRQHandler                       0x08000447   Thumb Code     0  startup_stm32f746xx.o(.text)
    I2C1_EV_IRQHandler                       0x08000447   Thumb Code     0  startup_stm32f746xx.o(.text)
    I2C2_ER_IRQHandler                       0x08000447   Thumb Code     0  startup_stm32f746xx.o(.text)
    I2C2_EV_IRQHandler                       0x08000447   Thumb Code     0  startup_stm32f746xx.o(.text)
    I2C3_ER_IRQHandler                       0x08000447   Thumb Code     0  startup_stm32f746xx.o(.text)
    I2C3_EV_IRQHandler                       0x08000447   Thumb Code     0  startup_stm32f746xx.o(.text)
    I2C4_ER_IRQHandler                       0x08000447   Thumb Code     0  startup_stm32f746xx.o(.text)
    I2C4_EV_IRQHandler                       0x08000447   Thumb Code     0  startup_stm32f746xx.o(.text)
    LPTIM1_IRQHandler                        0x08000447   Thumb Code     0  startup_stm32f746xx.o(.text)
    LTDC_ER_IRQHandler                       0x08000447   Thumb Code     0  startup_stm32f746xx.o(.text)
    LTDC_IRQHandler                          0x08000447   Thumb Code     0  startup_stm32f746xx.o(.text)
    OTG_FS_IRQHandler                        0x08000447   Thumb Code     0  startup_stm32f746xx.o(.text)
    OTG_FS_WKUP_IRQHandler                   0x08000447   Thumb Code     0  startup_stm32f746xx.o(.text)
    OTG_HS_EP1_IN_IRQHandler                 0x08000447   Thumb Code     0  startup_stm32f746xx.o(.text)
    OTG_HS_EP1_OUT_IRQHandler                0x08000447   Thumb Code     0  startup_stm32f746xx.o(.text)
    OTG_HS_IRQHandler                        0x08000447   Thumb Code     0  startup_stm32f746xx.o(.text)
    OTG_HS_WKUP_IRQHandler                   0x08000447   Thumb Code     0  startup_stm32f746xx.o(.text)
    PVD_IRQHandler                           0x08000447   Thumb Code     0  startup_stm32f746xx.o(.text)
    QUADSPI_IRQHandler                       0x08000447   Thumb Code     0  startup_stm32f746xx.o(.text)
    RCC_IRQHandler                           0x08000447   Thumb Code     0  startup_stm32f746xx.o(.text)
    RNG_IRQHandler                           0x08000447   Thumb Code     0  startup_stm32f746xx.o(.text)
    RTC_Alarm_IRQHandler                     0x08000447   Thumb Code     0  startup_stm32f746xx.o(.text)
    RTC_WKUP_IRQHandler                      0x08000447   Thumb Code     0  startup_stm32f746xx.o(.text)
    SAI1_IRQHandler                          0x08000447   Thumb Code     0  startup_stm32f746xx.o(.text)
    SAI2_IRQHandler                          0x08000447   Thumb Code     0  startup_stm32f746xx.o(.text)
    SDMMC1_IRQHandler                        0x08000447   Thumb Code     0  startup_stm32f746xx.o(.text)
    SPDIF_RX_IRQHandler                      0x08000447   Thumb Code     0  startup_stm32f746xx.o(.text)
    SPI1_IRQHandler                          0x08000447   Thumb Code     0  startup_stm32f746xx.o(.text)
    SPI2_IRQHandler                          0x08000447   Thumb Code     0  startup_stm32f746xx.o(.text)
    SPI3_IRQHandler                          0x08000447   Thumb Code     0  startup_stm32f746xx.o(.text)
    SPI4_IRQHandler                          0x08000447   Thumb Code     0  startup_stm32f746xx.o(.text)
    SPI5_IRQHandler                          0x08000447   Thumb Code     0  startup_stm32f746xx.o(.text)
    SPI6_IRQHandler                          0x08000447   Thumb Code     0  startup_stm32f746xx.o(.text)
    TAMP_STAMP_IRQHandler                    0x08000447   Thumb Code     0  startup_stm32f746xx.o(.text)
    TIM1_BRK_TIM9_IRQHandler                 0x08000447   Thumb Code     0  startup_stm32f746xx.o(.text)
    TIM1_CC_IRQHandler                       0x08000447   Thumb Code     0  startup_stm32f746xx.o(.text)
    TIM1_TRG_COM_TIM11_IRQHandler            0x08000447   Thumb Code     0  startup_stm32f746xx.o(.text)
    TIM1_UP_TIM10_IRQHandler                 0x08000447   Thumb Code     0  startup_stm32f746xx.o(.text)
    TIM2_IRQHandler                          0x08000447   Thumb Code     0  startup_stm32f746xx.o(.text)
    TIM3_IRQHandler                          0x08000447   Thumb Code     0  startup_stm32f746xx.o(.text)
    TIM4_IRQHandler                          0x08000447   Thumb Code     0  startup_stm32f746xx.o(.text)
    TIM5_IRQHandler                          0x08000447   Thumb Code     0  startup_stm32f746xx.o(.text)
    TIM6_DAC_IRQHandler                      0x08000447   Thumb Code     0  startup_stm32f746xx.o(.text)
    TIM7_IRQHandler                          0x08000447   Thumb Code     0  startup_stm32f746xx.o(.text)
    TIM8_BRK_TIM12_IRQHandler                0x08000447   Thumb Code     0  startup_stm32f746xx.o(.text)
    TIM8_CC_IRQHandler                       0x08000447   Thumb Code     0  startup_stm32f746xx.o(.text)
    TIM8_TRG_COM_TIM14_IRQHandler            0x08000447   Thumb Code     0  startup_stm32f746xx.o(.text)
    TIM8_UP_TIM13_IRQHandler                 0x08000447   Thumb Code     0  startup_stm32f746xx.o(.text)
    UART4_IRQHandler                         0x08000447   Thumb Code     0  startup_stm32f746xx.o(.text)
    UART5_IRQHandler                         0x08000447   Thumb Code     0  startup_stm32f746xx.o(.text)
    UART7_IRQHandler                         0x08000447   Thumb Code     0  startup_stm32f746xx.o(.text)
    UART8_IRQHandler                         0x08000447   Thumb Code     0  startup_stm32f746xx.o(.text)
    USART1_IRQHandler                        0x08000447   Thumb Code     0  startup_stm32f746xx.o(.text)
    USART2_IRQHandler                        0x08000447   Thumb Code     0  startup_stm32f746xx.o(.text)
    USART3_IRQHandler                        0x08000447   Thumb Code     0  startup_stm32f746xx.o(.text)
    USART6_IRQHandler                        0x08000447   Thumb Code     0  startup_stm32f746xx.o(.text)
    WWDG_IRQHandler                          0x08000447   Thumb Code     0  startup_stm32f746xx.o(.text)
    __user_initial_stackheap                 0x08000449   Thumb Code     0  startup_stm32f746xx.o(.text)
    __user_libspace                          0x0800046d   Thumb Code     8  libspace.o(.text)
    __user_perproc_libspace                  0x0800046d   Thumb Code     0  libspace.o(.text)
    __2sprintf                               0x08000475   Thumb Code    34  noretval__2sprintf.o(.text)
    _printf_pre_padding                      0x0800049d   Thumb Code    44  _printf_pad.o(.text)
    _printf_post_padding                     0x080004c9   Thumb Code    34  _printf_pad.o(.text)
    _printf_int_hex                          0x080004ed   Thumb Code    84  _printf_hex_int.o(.text)
    _printf_longlong_hex                     0x080004ed   Thumb Code     0  _printf_hex_int.o(.text)
    __printf                                 0x08000545   Thumb Code   308  __printf_flags_wp.o(.text)
    exit                                     0x0800067d   Thumb Code    18  exit.o(.text)
    __aeabi_memcpy4                          0x0800068f   Thumb Code     0  rt_memcpy_w.o(.text)
    __aeabi_memcpy8                          0x0800068f   Thumb Code     0  rt_memcpy_w.o(.text)
    __rt_memcpy_w                            0x0800068f   Thumb Code   100  rt_memcpy_w.o(.text)
    _memcpy_lastbytes_aligned                0x080006d7   Thumb Code     0  rt_memcpy_w.o(.text)
    __use_two_region_memory                  0x080006f3   Thumb Code     2  heapauxi.o(.text)
    __rt_heap_escrow$2region                 0x080006f5   Thumb Code     2  heapauxi.o(.text)
    __rt_heap_expand$2region                 0x080006f7   Thumb Code     2  heapauxi.o(.text)
    _printf_int_common                       0x080006f9   Thumb Code   178  _printf_intcommon.o(.text)
    _printf_char_common                      0x080007b7   Thumb Code    32  _printf_char_common.o(.text)
    _sputc                                   0x080007dd   Thumb Code    10  _sputc.o(.text)
    _sys_exit                                0x080007e9   Thumb Code     8  sys_exit.o(.text)
    __user_setup_stackheap                   0x080007f5   Thumb Code    74  sys_stackheap_outer.o(.text)
    __I$use$semihosting                      0x0800083f   Thumb Code     0  use_no_semi.o(.text)
    __use_no_semihosting_swi                 0x0800083f   Thumb Code     2  use_no_semi.o(.text)
    SVC_Count                                0x08000840   Data           4  svc_table.o(SVC_TABLE)
    __semihosting_library_function           0x08000841   Thumb Code     0  indicate_semi.o(.text)
    BSP_SDRAM_Init                           0x08000845   Thumb Code   122  stm32746g_discovery_sdram.o(i.BSP_SDRAM_Init)
    SVC_Table                                0x08000844   Data           0  svc_table.o(SVC_TABLE)
    BSP_SDRAM_Initialization_sequence        0x080008d1   Thumb Code   142  stm32746g_discovery_sdram.o(i.BSP_SDRAM_Initialization_sequence)
    BSP_SDRAM_MspInit                        0x08000969   Thumb Code   418  stm32746g_discovery_sdram.o(i.BSP_SDRAM_MspInit)
    FMC_SDRAM_Init                           0x08000c87   Thumb Code   116  stm32f7xx_ll_fmc.o(i.FMC_SDRAM_Init)
    FMC_SDRAM_ProgramRefreshRate             0x08000cfb   Thumb Code    14  stm32f7xx_ll_fmc.o(i.FMC_SDRAM_ProgramRefreshRate)
    FMC_SDRAM_SendCommand                    0x08000d09   Thumb Code    82  stm32f7xx_ll_fmc.o(i.FMC_SDRAM_SendCommand)
    FMC_SDRAM_Timing_Init                    0x08000d5d   Thumb Code   152  stm32f7xx_ll_fmc.o(i.FMC_SDRAM_Timing_Init)
    GLCD_ClearScreen                         0x08000df9   Thumb Code    26  glcd_746g_discovery.o(i.GLCD_ClearScreen)
    GLCD_DrawChar                            0x08000e1d   Thumb Code   198  glcd_746g_discovery.o(i.GLCD_DrawChar)
    GLCD_DrawString                          0x08000ef5   Thumb Code    38  glcd_746g_discovery.o(i.GLCD_DrawString)
    GLCD_Initialize                          0x08000f21   Thumb Code   502  glcd_746g_discovery.o(i.GLCD_Initialize)
    GLCD_SetBackgroundColor                  0x08001139   Thumb Code    10  glcd_746g_discovery.o(i.GLCD_SetBackgroundColor)
    GLCD_SetFont                             0x08001149   Thumb Code    10  glcd_746g_discovery.o(i.GLCD_SetFont)
    GLCD_SetForegroundColor                  0x08001159   Thumb Code    10  glcd_746g_discovery.o(i.GLCD_SetForegroundColor)
    HAL_DMA_DeInit                           0x08001169   Thumb Code    98  stm32f7xx_hal_dma.o(i.HAL_DMA_DeInit)
    HAL_DMA_Init                             0x080011cd   Thumb Code   228  stm32f7xx_hal_dma.o(i.HAL_DMA_Init)
    HAL_Delay                                0x080012b5   Thumb Code    26  stm32f7xx_hal.o(i.HAL_Delay)
    HAL_GPIO_Init                            0x080012d1   Thumb Code   484  stm32f7xx_hal_gpio.o(i.HAL_GPIO_Init)
    HAL_GPIO_WritePin                        0x080014e9   Thumb Code    12  stm32f7xx_hal_gpio.o(i.HAL_GPIO_WritePin)
    HAL_GetTick                              0x080014f5   Thumb Code     6  main.o(i.HAL_GetTick)
    HAL_Init                                 0x08001501   Thumb Code    34  stm32f7xx_hal.o(i.HAL_Init)
    HAL_InitTick                             0x08001529   Thumb Code    36  stm32f7xx_hal.o(i.HAL_InitTick)
    HAL_LTDC_ConfigLayer                     0x08001551   Thumb Code    94  stm32f7xx_hal_ltdc.o(i.HAL_LTDC_ConfigLayer)
    HAL_LTDC_Init                            0x080015b1   Thumb Code   290  stm32f7xx_hal_ltdc.o(i.HAL_LTDC_Init)
    HAL_LTDC_MspInit                         0x080016d9   Thumb Code     2  stm32f7xx_hal_ltdc.o(i.HAL_LTDC_MspInit)
    HAL_MspInit                              0x080016db   Thumb Code     2  stm32f7xx_hal.o(i.HAL_MspInit)
    HAL_NVIC_EnableIRQ                       0x080016dd   Thumb Code    26  stm32f7xx_hal_cortex.o(i.HAL_NVIC_EnableIRQ)
    HAL_NVIC_SetPriority                     0x080016f7   Thumb Code   124  stm32f7xx_hal_cortex.o(i.HAL_NVIC_SetPriority)
    HAL_NVIC_SetPriorityGrouping             0x08001775   Thumb Code    32  stm32f7xx_hal_cortex.o(i.HAL_NVIC_SetPriorityGrouping)
    HAL_PWREx_EnableOverDrive                0x0800179d   Thumb Code   136  stm32f7xx_hal_pwr_ex.o(i.HAL_PWREx_EnableOverDrive)
    HAL_RCCEx_PeriphCLKConfig                0x0800182d   Thumb Code  2322  stm32f7xx_hal_rcc_ex.o(i.HAL_RCCEx_PeriphCLKConfig)
    HAL_RCC_ClockConfig                      0x08002145   Thumb Code   420  stm32f7xx_hal_rcc.o(i.HAL_RCC_ClockConfig)
    HAL_RCC_GetSysClockFreq                  0x080022f9   Thumb Code   168  stm32f7xx_hal_rcc.o(i.HAL_RCC_GetSysClockFreq)
    HAL_RCC_OscConfig                        0x080023ad   Thumb Code  1252  stm32f7xx_hal_rcc.o(i.HAL_RCC_OscConfig)
    HAL_SDRAM_Init                           0x08002895   Thumb Code    64  stm32f7xx_hal_sdram.o(i.HAL_SDRAM_Init)
    HAL_SDRAM_MspInit                        0x080028d5   Thumb Code     2  stm32f7xx_hal_sdram.o(i.HAL_SDRAM_MspInit)
    HAL_SDRAM_ProgramRefreshRate             0x080028d7   Thumb Code    40  stm32f7xx_hal_sdram.o(i.HAL_SDRAM_ProgramRefreshRate)
    HAL_SDRAM_SendCommand                    0x080028ff   Thumb Code    58  stm32f7xx_hal_sdram.o(i.HAL_SDRAM_SendCommand)
    HAL_SPI_Init                             0x08002939   Thumb Code   242  stm32f7xx_hal_spi.o(i.HAL_SPI_Init)
    HAL_SPI_MspInit                          0x08002a2b   Thumb Code     2  stm32f7xx_hal_spi.o(i.HAL_SPI_MspInit)
    HAL_SYSTICK_Config                       0x08002a2d   Thumb Code    52  stm32f7xx_hal_cortex.o(i.HAL_SYSTICK_Config)
    SystemInit                               0x08002da1   Thumb Code    82  system_stm32f7xx.o(i.SystemInit)
    TM_MFRC522_AntennaOn                     0x08002e05   Thumb Code    26  tm_stm32f4_mfrc522.o(i.TM_MFRC522_AntennaOn)
    TM_MFRC522_Anticoll                      0x08002e1f   Thumb Code    74  tm_stm32f4_mfrc522.o(i.TM_MFRC522_Anticoll)
    TM_MFRC522_CalculateCRC                  0x08002e69   Thumb Code   100  tm_stm32f4_mfrc522.o(i.TM_MFRC522_CalculateCRC)
    TM_MFRC522_Check                         0x08002ecd   Thumb Code    32  tm_stm32f4_mfrc522.o(i.TM_MFRC522_Check)
    TM_MFRC522_ClearBitMask                  0x08002eed   Thumb Code    26  tm_stm32f4_mfrc522.o(i.TM_MFRC522_ClearBitMask)
    TM_MFRC522_Halt                          0x08002f07   Thumb Code    44  tm_stm32f4_mfrc522.o(i.TM_MFRC522_Halt)
    TM_MFRC522_Init                          0x08002f35   Thumb Code    80  tm_stm32f4_mfrc522.o(i.TM_MFRC522_Init)
    TM_MFRC522_InitPins                      0x08002f89   Thumb Code    30  tm_stm32f4_mfrc522.o(i.TM_MFRC522_InitPins)
    TM_MFRC522_ReadRegister                  0x08002fad   Thumb Code    60  tm_stm32f4_mfrc522.o(i.TM_MFRC522_ReadRegister)
    TM_MFRC522_Request                       0x08002ff1   Thumb Code    50  tm_stm32f4_mfrc522.o(i.TM_MFRC522_Request)
    TM_MFRC522_Reset                         0x08003023   Thumb Code    12  tm_stm32f4_mfrc522.o(i.TM_MFRC522_Reset)
    TM_MFRC522_SetBitMask                    0x0800302f   Thumb Code    26  tm_stm32f4_mfrc522.o(i.TM_MFRC522_SetBitMask)
    TM_MFRC522_ToCard                        0x08003049   Thumb Code   298  tm_stm32f4_mfrc522.o(i.TM_MFRC522_ToCard)
    TM_MFRC522_WriteRegister                 0x08003175   Thumb Code    54  tm_stm32f4_mfrc522.o(i.TM_MFRC522_WriteRegister)
    TM_SPI1_INT_InitPins                     0x080031b5   Thumb Code    18  tm_stm32_spi.o(i.TM_SPI1_INT_InitPins)
    TM_SPI2_INT_InitPins                     0x080031cd   Thumb Code    18  tm_stm32_spi.o(i.TM_SPI2_INT_InitPins)
    TM_SPI3_INT_InitPins                     0x080031e5   Thumb Code    18  tm_stm32_spi.o(i.TM_SPI3_INT_InitPins)
    TM_SPI4_INT_InitPins                     0x080031fd   Thumb Code    18  tm_stm32_spi.o(i.TM_SPI4_INT_InitPins)
    TM_SPI5_INT_InitPins                     0x08003215   Thumb Code    18  tm_stm32_spi.o(i.TM_SPI5_INT_InitPins)
    TM_SPI6_INT_InitPins                     0x0800322d   Thumb Code    18  tm_stm32_spi.o(i.TM_SPI6_INT_InitPins)
    TM_SPI_Init                              0x08003245   Thumb Code   176  tm_stm32_spi.o(i.TM_SPI_Init)
    TM_SPI_InitCustomPinsCallback            0x0800330d   Thumb Code    50  main.o(i.TM_SPI_InitCustomPinsCallback)
    _init_box                                0x08003559   Thumb Code    70  rt_membox.o(i._init_box)
    _is_digit                                0x0800359f   Thumb Code    14  __printf_wp.o(i._is_digit)
    _mutex_acquire                           0x080035ad   Thumb Code    22  rtx_conf_cm.o(i._mutex_acquire)
    _mutex_release                           0x080035cd   Thumb Code    18  rtx_conf_cm.o(i._mutex_release)
    dbg_init                                 0x080035e9   Thumb Code    34  hal_cm.o(i.dbg_init)
    dbg_task_notify                          0x08003619   Thumb Code    32  hal_cm.o(i.dbg_task_notify)
    dbg_task_switch                          0x08003639   Thumb Code    16  hal_cm.o(i.dbg_task_switch)
    enableClocksGPIO                         0x08003649   Thumb Code   136  gpiocontroller.o(i.enableClocksGPIO)
    initGPIO                                 0x080036d5   Thumb Code    52  gpiocontroller.o(i.initGPIO)
    isrMessageGet                            0x0800370d   Thumb Code    42  rt_cmsis.o(i.isrMessageGet)
    isrMessagePut                            0x08003737   Thumb Code    44  rt_cmsis.o(i.isrMessagePut)
    isr_mbx_receive                          0x08003765   Thumb Code    82  rt_mailbox.o(i.isr_mbx_receive)
    isr_mbx_send                             0x080037b7   Thumb Code    14  rt_mailbox.o(i.isr_mbx_send)
    main                                     0x080037c5   Thumb Code   184  main.o(i.main)
    osKernelInitialize                       0x080038bd   Thumb Code    30  rt_cmsis.o(i.osKernelInitialize)
    osKernelStart                            0x080038e1   Thumb Code    98  rt_cmsis.o(i.osKernelStart)
    osMessageGet                             0x0800394d   Thumb Code    18  rt_cmsis.o(i.osMessageGet)
    osThreadCreate                           0x08003965   Thumb Code    38  rt_cmsis.o(i.osThreadCreate)
    osThreadExit                             0x08003995   Thumb Code    14  rt_cmsis.o(i.osThreadExit)
    osTimerCall                              0x080039ad   Thumb Code     8  rt_cmsis.o(i.osTimerCall)
    osTimerThread                            0x080039b9   Thumb Code    38  rt_cmsis.o(i.osTimerThread)
    os_error                                 0x080039e5   Thumb Code    34  rtx_conf_cm.o(i.os_error)
    os_idle_demon                            0x08003a07   Thumb Code     4  rtx_conf_cm.o(i.os_idle_demon)
    os_tick_init                             0x08003a0d   Thumb Code    32  rt_system.o(i.os_tick_init)
    os_tick_irqack                           0x08003a35   Thumb Code     2  rt_system.o(i.os_tick_irqack)
    rt_alloc_box                             0x08003a37   Thumb Code    26  rt_membox.o(i.rt_alloc_box)
    rt_alloc_mem                             0x08003a51   Thumb Code    62  rt_memory.o(i.rt_alloc_mem)
    rt_block                                 0x08003a91   Thumb Code    48  rt_task.o(i.rt_block)
    rt_chk_robin                             0x08003ac9   Thumb Code    60  rt_robin.o(i.rt_chk_robin)
    rt_dec_dly                               0x08003b11   Thumb Code   102  rt_list.o(i.rt_dec_dly)
    rt_dispatch                              0x08003b81   Thumb Code    60  rt_task.o(i.rt_dispatch)
    rt_evt_psh                               0x08003bc5   Thumb Code    76  rt_event.o(i.rt_evt_psh)
    rt_free_box                              0x08003c15   Thumb Code    44  rt_membox.o(i.rt_free_box)
    rt_free_mem                              0x08003c41   Thumb Code    40  rt_memory.o(i.rt_free_mem)
    rt_get_first                             0x08003c69   Thumb Code    40  rt_list.o(i.rt_get_first)
    rt_init_mem                              0x08003ce1   Thumb Code    26  rt_memory.o(i.rt_init_mem)
    rt_init_robin                            0x08003cfd   Thumb Code    14  rt_robin.o(i.rt_init_robin)
    rt_init_stack                            0x08003d15   Thumb Code   118  hal_cm.o(i.rt_init_stack)
    rt_mbx_check                             0x08003d95   Thumb Code     8  rt_mailbox.o(i.rt_mbx_check)
    rt_mbx_init                              0x08003d9d   Thumb Code    26  rt_mailbox.o(i.rt_mbx_init)
    rt_mbx_psh                               0x08003db9   Thumb Code   236  rt_mailbox.o(i.rt_mbx_psh)
    rt_mbx_wait                              0x08003ea9   Thumb Code   174  rt_mailbox.o(i.rt_mbx_wait)
    rt_mut_release                           0x08003fa1   Thumb Code   208  rt_mutex.o(i.rt_mut_release)
    rt_mut_wait                              0x08004079   Thumb Code   100  rt_mutex.o(i.rt_mut_wait)
    rt_pop_req                               0x080040e1   Thumb Code   112  rt_system.o(i.rt_pop_req)
    rt_psh_req                               0x0800415d   Thumb Code    22  rt_system.o(i.rt_psh_req)
    rt_psq_enq                               0x0800417d   Thumb Code    88  rt_list.o(i.rt_psq_enq)
    rt_put_dly                               0x080041d9   Thumb Code    68  rt_list.o(i.rt_put_dly)
    rt_put_prio                              0x08004221   Thumb Code    54  rt_list.o(i.rt_put_prio)
    rt_put_rdy_first                         0x08004259   Thumb Code    14  rt_list.o(i.rt_put_rdy_first)
    rt_resort_prio                           0x0800426d   Thumb Code    46  rt_list.o(i.rt_resort_prio)
    rt_ret_val                               0x080042b1   Thumb Code    12  hal_cm.o(i.rt_ret_val)
    rt_ret_val2                              0x080042bd   Thumb Code    16  hal_cm.o(i.rt_ret_val2)
    rt_rmv_dly                               0x080042cd   Thumb Code    40  rt_list.o(i.rt_rmv_dly)
    rt_rmv_list                              0x080042f5   Thumb Code    44  rt_list.o(i.rt_rmv_list)
    rt_sem_psh                               0x08004325   Thumb Code    48  rt_semaphore.o(i.rt_sem_psh)
    rt_stk_check                             0x08004359   Thumb Code    28  rt_system.o(i.rt_stk_check)
    rt_switch_req                            0x0800437d   Thumb Code    30  rt_task.o(i.rt_switch_req)
    rt_sys_init                              0x080043a5   Thumb Code   138  rt_task.o(i.rt_sys_init)
    rt_sys_start                             0x08004471   Thumb Code   110  rt_task.o(i.rt_sys_start)
    rt_systick                               0x080044e9   Thumb Code    50  rt_system.o(i.rt_systick)
    rt_tsk_create                            0x08004571   Thumb Code   118  rt_task.o(i.rt_tsk_create)
    rt_tsk_delete                            0x080045f9   Thumb Code   352  rt_task.o(i.rt_tsk_delete)
    rt_tsk_prio                              0x08004775   Thumb Code   108  rt_task.o(i.rt_tsk_prio)
    rt_tsk_self                              0x080047f1   Thumb Code    12  rt_task.o(i.rt_tsk_self)
    svcKernelInitialize                      0x08004801   Thumb Code    80  rt_cmsis.o(i.svcKernelInitialize)
    svcKernelStart                           0x08004871   Thumb Code    62  rt_cmsis.o(i.svcKernelStart)
    svcMessageCreate                         0x080048b9   Thumb Code    36  rt_cmsis.o(i.svcMessageCreate)
    svcMessageGet                            0x080048dd   Thumb Code    58  rt_cmsis.o(i.svcMessageGet)
    svcThreadCreate                          0x08004919   Thumb Code   100  rt_cmsis.o(i.svcThreadCreate)
    svcThreadGetId                           0x08004989   Thumb Code    22  rt_cmsis.o(i.svcThreadGetId)
    svcThreadTerminate                       0x080049a5   Thumb Code    50  rt_cmsis.o(i.svcThreadTerminate)
    svcTimerCall                             0x080049dd   Thumb Code    24  rt_cmsis.o(i.svcTimerCall)
    sysTimerTick                             0x080049f5   Thumb Code    84  rt_cmsis.o(i.sysTimerTick)
    _fp_init                                 0x08004a51   Thumb Code    10  fpinit.o(x$fpl$fpinit)
    __fplib_config_fpu_vfp                   0x08004a59   Thumb Code     0  fpinit.o(x$fpl$fpinit)
    __fplib_config_pureend_doubles           0x08004a59   Thumb Code     0  fpinit.o(x$fpl$fpinit)
    GLCD_Font_6x8                            0x080063dc   Data          16  glcd_fonts.o(.constdata)
    GLCD_Font_16x24                          0x080063ec   Data          16  glcd_fonts.o(.constdata)
    os_maxtaskrun                            0x080063fc   Data           2  rtx_conf_cm.o(.constdata)
    os_stackinfo                             0x08006400   Data           4  rtx_conf_cm.o(.constdata)
    os_rrobin                                0x08006404   Data           4  rtx_conf_cm.o(.constdata)
    os_tickfreq                              0x08006408   Data           4  rtx_conf_cm.o(.constdata)
    os_tickus_i                              0x0800640c   Data           2  rtx_conf_cm.o(.constdata)
    os_tickus_f                              0x0800640e   Data           2  rtx_conf_cm.o(.constdata)
    os_trv                                   0x08006410   Data           4  rtx_conf_cm.o(.constdata)
    os_flags                                 0x08006414   Data           1  rtx_conf_cm.o(.constdata)
    CMSIS_RTOS_API_Version                   0x08006418   Data           4  rtx_conf_cm.o(.constdata)
    CMSIS_RTOS_RTX_Version                   0x0800641c   Data           4  rtx_conf_cm.o(.constdata)
    os_clockrate                             0x08006420   Data           4  rtx_conf_cm.o(.constdata)
    os_timernum                              0x08006424   Data           4  rtx_conf_cm.o(.constdata)
    mp_tcb_size                              0x08006428   Data           2  rtx_conf_cm.o(.constdata)
    mp_stk_size                              0x0800642c   Data           4  rtx_conf_cm.o(.constdata)
    os_stack_sz                              0x08006430   Data           4  rtx_conf_cm.o(.constdata)
    os_fifo_size                             0x08006434   Data           1  rtx_conf_cm.o(.constdata)
    os_thread_def_osTimerThread              0x08006438   Data          16  rtx_conf_cm.o(.constdata)
    os_messageQ_def_osTimerMessageQ          0x08006448   Data           8  rtx_conf_cm.o(.constdata)
    mp_tmr_size                              0x08006450   Data           2  rtx_conf_cm.o(.constdata)
    AHBPrescTable                            0x0800645a   Data          16  system_stm32f7xx.o(.constdata)
    APBPrescTable                            0x0800646a   Data           8  system_stm32f7xx.o(.constdata)
    Region$$Table$$Base                      0x080064ac   Number         0  anon$$obj.o(Region$$Table)
    Region$$Table$$Limit                     0x080064cc   Number         0  anon$$obj.o(Region$$Table)
    osThreadId_osTimerThread                 0x2001000c   Data           4  rtx_conf_cm.o(.data)
    osMessageQId_osTimerMessageQ             0x20010010   Data           4  rtx_conf_cm.o(.data)
    os_tmr                                   0x20010014   Data           4  rtx_conf_cm.o(.data)
    m_tmr                                    0x20010018   Data           4  rtx_conf_cm.o(.data)
    os_thread_def_main                       0x20010020   Data          16  rtx_conf_cm.o(.data)
    SystemCoreClock                          0x20010030   Data           4  system_stm32f7xx.o(.data)
    os_initialized                           0x20010034   Data           1  rt_cmsis.o(.data)
    os_running                               0x20010035   Data           1  rt_cmsis.o(.data)
    os_timer_head                            0x20010038   Data           4  rt_cmsis.o(.data)
    os_tsk                                   0x2001003c   Data           8  rt_task.o(.data)
    os_time                                  0x20010044   Data           4  rt_time.o(.data)
    os_tick_irqn                             0x2001004c   Data           4  rt_system.o(.data)
    os_robin                                 0x20010050   Data           8  rt_robin.o(.data)
    dbg_msg                                  0x20010058   Data           1  hal_cm.o(.data)
    sdramHandle                              0x2001005c   Data          52  stm32746g_discovery_sdram.o(.bss)
    mp_tcb                                   0x20010228   Data         376  rtx_conf_cm.o(.bss)
    mp_stk                                   0x200103a0   Data        1216  rtx_conf_cm.o(.bss)
    os_stack_mem                             0x20010860   Data         432  rtx_conf_cm.o(.bss)
    os_fifo                                  0x20010a10   Data         132  rtx_conf_cm.o(.bss)
    os_active_TCB                            0x20010a94   Data          28  rtx_conf_cm.o(.bss)
    os_messageQ_q_osTimerMessageQ            0x20010ab0   Data          32  rtx_conf_cm.o(.bss)
    os_idle_TCB                              0x20010df0   Data          52  rt_task.o(.bss)
    os_rdy                                   0x20010e24   Data          24  rt_list.o(.bss)
    os_dly                                   0x20010e3c   Data          24  rt_list.o(.bss)
    __libspace_start                         0x20010e54   Data          96  libspace.o(.bss)
    __temporary_stack_top$libspace           0x20010eb4   Data           0  libspace.o(.bss)



==============================================================================

Memory Map of the image

  Image Entry point : 0x0800042d

  Load Region LR_1 (Base: 0x08000000, Size: 0x00006528, Max: 0xffffffff, ABSOLUTE)

    Execution Region ER_RO (Base: 0x08000000, Size: 0x000064cc, Max: 0xffffffff, ABSOLUTE)

    Base Addr    Size         Type   Attr      Idx    E Section Name        Object

    0x08000000   0x000001c8   Data   RO         6312    RESET               startup_stm32f746xx.o
    0x080001c8   0x00000008   Code   RO         7637  * !!!main             c_w.l(__main.o)
    0x080001d0   0x00000034   Code   RO         7807    !!!scatter          c_w.l(__scatter.o)
    0x08000204   0x0000001a   Code   RO         7809    !!handler_copy      c_w.l(__scatter_copy.o)
    0x0800021e   0x00000002   PAD
    0x08000220   0x0000001c   Code   RO         7811    !!handler_zi        c_w.l(__scatter_zi.o)
    0x0800023c   0x00000000   Code   RO         7630    .ARM.Collect$$_printf_percent$$00000000  c_w.l(_printf_percent.o)
    0x0800023c   0x00000006   Code   RO         7629    .ARM.Collect$$_printf_percent$$0000000C  c_w.l(_printf_x.o)
    0x08000242   0x00000004   Code   RO         7652    .ARM.Collect$$_printf_percent$$00000017  c_w.l(_printf_percent_end.o)
    0x08000246   0x00000002   Code   RO         7693    .ARM.Collect$$libinit$$00000000  c_w.l(libinit.o)
    0x08000248   0x00000004   Code   RO         7704    .ARM.Collect$$libinit$$00000001  c_w.l(libinit2.o)
    0x0800024c   0x00000000   Code   RO         7707    .ARM.Collect$$libinit$$00000004  c_w.l(libinit2.o)
    0x0800024c   0x00000000   Code   RO         7710    .ARM.Collect$$libinit$$0000000A  c_w.l(libinit2.o)
    0x0800024c   0x00000000   Code   RO         7712    .ARM.Collect$$libinit$$0000000C  c_w.l(libinit2.o)
    0x0800024c   0x00000000   Code   RO         7714    .ARM.Collect$$libinit$$0000000E  c_w.l(libinit2.o)
    0x0800024c   0x00000000   Code   RO         7717    .ARM.Collect$$libinit$$00000011  c_w.l(libinit2.o)
    0x0800024c   0x00000000   Code   RO         7719    .ARM.Collect$$libinit$$00000013  c_w.l(libinit2.o)
    0x0800024c   0x00000000   Code   RO         7721    .ARM.Collect$$libinit$$00000015  c_w.l(libinit2.o)
    0x0800024c   0x00000000   Code   RO         7723    .ARM.Collect$$libinit$$00000017  c_w.l(libinit2.o)
    0x0800024c   0x00000000   Code   RO         7725    .ARM.Collect$$libinit$$00000019  c_w.l(libinit2.o)
    0x0800024c   0x00000000   Code   RO         7727    .ARM.Collect$$libinit$$0000001B  c_w.l(libinit2.o)
    0x0800024c   0x00000000   Code   RO         7729    .ARM.Collect$$libinit$$0000001D  c_w.l(libinit2.o)
    0x0800024c   0x00000000   Code   RO         7731    .ARM.Collect$$libinit$$0000001F  c_w.l(libinit2.o)
    0x0800024c   0x00000000   Code   RO         7733    .ARM.Collect$$libinit$$00000021  c_w.l(libinit2.o)
    0x0800024c   0x00000000   Code   RO         7735    .ARM.Collect$$libinit$$00000023  c_w.l(libinit2.o)
    0x0800024c   0x00000000   Code   RO         7737    .ARM.Collect$$libinit$$00000025  c_w.l(libinit2.o)
    0x0800024c   0x00000000   Code   RO         7741    .ARM.Collect$$libinit$$0000002C  c_w.l(libinit2.o)
    0x0800024c   0x00000000   Code   RO         7743    .ARM.Collect$$libinit$$0000002E  c_w.l(libinit2.o)
    0x0800024c   0x00000000   Code   RO         7745    .ARM.Collect$$libinit$$00000030  c_w.l(libinit2.o)
    0x0800024c   0x00000000   Code   RO         7747    .ARM.Collect$$libinit$$00000032  c_w.l(libinit2.o)
    0x0800024c   0x00000002   Code   RO         7748    .ARM.Collect$$libinit$$00000033  c_w.l(libinit2.o)
    0x0800024e   0x00000002   Code   RO         7694    .ARM.Collect$$libshutdown$$00000000  c_w.l(libshutdown.o)
    0x08000250   0x00000000   Code   RO         7750    .ARM.Collect$$libshutdown$$00000002  c_w.l(libshutdown2.o)
    0x08000250   0x00000000   Code   RO         7752    .ARM.Collect$$libshutdown$$00000004  c_w.l(libshutdown2.o)
    0x08000250   0x00000000   Code   RO         7755    .ARM.Collect$$libshutdown$$00000007  c_w.l(libshutdown2.o)
    0x08000250   0x00000000   Code   RO         7758    .ARM.Collect$$libshutdown$$0000000A  c_w.l(libshutdown2.o)
    0x08000250   0x00000000   Code   RO         7760    .ARM.Collect$$libshutdown$$0000000C  c_w.l(libshutdown2.o)
    0x08000250   0x00000000   Code   RO         7763    .ARM.Collect$$libshutdown$$0000000F  c_w.l(libshutdown2.o)
    0x08000250   0x00000002   Code   RO         7764    .ARM.Collect$$libshutdown$$00000010  c_w.l(libshutdown2.o)
    0x08000252   0x00000000   Code   RO         7639    .ARM.Collect$$rtentry$$00000000  c_w.l(__rtentry.o)
    0x08000252   0x00000000   Code   RO         7654    .ARM.Collect$$rtentry$$00000002  c_w.l(__rtentry2.o)
    0x08000252   0x00000006   Code   RO         7666    .ARM.Collect$$rtentry$$00000004  c_w.l(__rtentry4.o)
    0x08000258   0x00000000   Code   RO         7656    .ARM.Collect$$rtentry$$00000009  c_w.l(__rtentry2.o)
    0x08000258   0x00000004   Code   RO         7657    .ARM.Collect$$rtentry$$0000000A  c_w.l(__rtentry2.o)
    0x0800025c   0x00000008   Code   RO         7658    .ARM.Collect$$rtentry$$0000000B  c_w.l(__rtentry2.o)
    0x08000264   0x00000008   Code   RO         7660    .ARM.Collect$$rtentry$$0000000D  c_w.l(__rtentry2.o)
    0x0800026c   0x00000002   Code   RO         7640    .ARM.Collect$$rtexit$$00000000  c_w.l(rtexit.o)
    0x0800026e   0x00000000   Code   RO         7669    .ARM.Collect$$rtexit$$00000002  c_w.l(rtexit2.o)
    0x0800026e   0x00000004   Code   RO         7670    .ARM.Collect$$rtexit$$00000003  c_w.l(rtexit2.o)
    0x08000272   0x00000006   Code   RO         7671    .ARM.Collect$$rtexit$$00000004  c_w.l(rtexit2.o)
    0x08000278   0x0000001c   Code   RO         1451    .emb_text           rtx_conf_cm.o
    0x08000294   0x00000198   Code   RO         7560    .emb_text           RTX_CM4.lib(hal_cm4.o)
    0x0800042c   0x00000040   Code   RO         6313  * .text               startup_stm32f746xx.o
    0x0800046c   0x00000008   Code   RO         7575    .text               c_w.l(libspace.o)
    0x08000474   0x00000028   Code   RO         7582    .text               c_w.l(noretval__2sprintf.o)
    0x0800049c   0x0000004e   Code   RO         7586    .text               c_w.l(_printf_pad.o)
    0x080004ea   0x00000002   PAD
    0x080004ec   0x00000058   Code   RO         7591    .text               c_w.l(_printf_hex_int.o)
    0x08000544   0x00000138   Code   RO         7621    .text               c_w.l(__printf_flags_wp.o)
    0x0800067c   0x00000012   Code   RO         7631    .text               c_w.l(exit.o)
    0x0800068e   0x00000064   Code   RO         7633    .text               c_w.l(rt_memcpy_w.o)
    0x080006f2   0x00000006   Code   RO         7635    .text               c_w.l(heapauxi.o)
    0x080006f8   0x000000b2   Code   RO         7646    .text               c_w.l(_printf_intcommon.o)
    0x080007aa   0x00000002   PAD
    0x080007ac   0x00000030   Code   RO         7648    .text               c_w.l(_printf_char_common.o)
    0x080007dc   0x0000000a   Code   RO         7650    .text               c_w.l(_sputc.o)
    0x080007e6   0x00000002   PAD
    0x080007e8   0x0000000c   Code   RO         7679    .text               c_w.l(sys_exit.o)
    0x080007f4   0x0000004a   Code   RO         7681    .text               c_w.l(sys_stackheap_outer.o)
    0x0800083e   0x00000002   Code   RO         7695    .text               c_w.l(use_no_semi.o)
    0x08000840   0x00000000   Code   RO         7697    .text               c_w.l(indicate_semi.o)
    0x08000840   0x00000004   Code   RO         7570    SVC_TABLE           RTX_CM4.lib(svc_table.o)
    0x08000844   0x0000008c   Code   RO         1124    i.BSP_SDRAM_Init    stm32746g_discovery_sdram.o
    0x080008d0   0x00000098   Code   RO         1125    i.BSP_SDRAM_Initialization_sequence  stm32746g_discovery_sdram.o
    0x08000968   0x000001c8   Code   RO         1127    i.BSP_SDRAM_MspInit  stm32746g_discovery_sdram.o
    0x08000b30   0x00000068   Code   RO          227    i.CPU_CACHE_Enable  main.o
    0x08000b98   0x00000034   Code   RO         2193    i.DMA_CalcBaseAndBitshift  stm32f7xx_hal_dma.o
    0x08000bcc   0x000000ba   Code   RO         2194    i.DMA_CheckFifoParam  stm32f7xx_hal_dma.o
    0x08000c86   0x00000074   Code   RO         6178    i.FMC_SDRAM_Init    stm32f7xx_ll_fmc.o
    0x08000cfa   0x0000000e   Code   RO         6179    i.FMC_SDRAM_ProgramRefreshRate  stm32f7xx_ll_fmc.o
    0x08000d08   0x00000052   Code   RO         6180    i.FMC_SDRAM_SendCommand  stm32f7xx_ll_fmc.o
    0x08000d5a   0x00000002   PAD
    0x08000d5c   0x0000009c   Code   RO         6182    i.FMC_SDRAM_Timing_Init  stm32f7xx_ll_fmc.o
    0x08000df8   0x00000024   Code   RO         1285    i.GLCD_ClearScreen  glcd_746g_discovery.o
    0x08000e1c   0x000000d8   Code   RO         1288    i.GLCD_DrawChar     glcd_746g_discovery.o
    0x08000ef4   0x0000002c   Code   RO         1292    i.GLCD_DrawString   glcd_746g_discovery.o
    0x08000f20   0x00000218   Code   RO         1296    i.GLCD_Initialize   glcd_746g_discovery.o
    0x08001138   0x00000010   Code   RO         1297    i.GLCD_SetBackgroundColor  glcd_746g_discovery.o
    0x08001148   0x00000010   Code   RO         1298    i.GLCD_SetFont      glcd_746g_discovery.o
    0x08001158   0x00000010   Code   RO         1299    i.GLCD_SetForegroundColor  glcd_746g_discovery.o
    0x08001168   0x00000062   Code   RO         2198    i.HAL_DMA_DeInit    stm32f7xx_hal_dma.o
    0x080011ca   0x00000002   PAD
    0x080011cc   0x000000e8   Code   RO         2202    i.HAL_DMA_Init      stm32f7xx_hal_dma.o
    0x080012b4   0x0000001a   Code   RO         1522    i.HAL_Delay         stm32f7xx_hal.o
    0x080012ce   0x00000002   PAD
    0x080012d0   0x00000218   Code   RO         2763    i.HAL_GPIO_Init     stm32f7xx_hal_gpio.o
    0x080014e8   0x0000000c   Code   RO         2767    i.HAL_GPIO_WritePin  stm32f7xx_hal_gpio.o
    0x080014f4   0x0000000c   Code   RO          228    i.HAL_GetTick       main.o
    0x08001500   0x00000028   Code   RO         1532    i.HAL_Init          stm32f7xx_hal.o
    0x08001528   0x00000028   Code   RO         1533    i.HAL_InitTick      stm32f7xx_hal.o
    0x08001550   0x0000005e   Code   RO         3287    i.HAL_LTDC_ConfigLayer  stm32f7xx_hal_ltdc.o
    0x080015ae   0x00000002   PAD
    0x080015b0   0x00000128   Code   RO         3304    i.HAL_LTDC_Init     stm32f7xx_hal_ltdc.o
    0x080016d8   0x00000002   Code   RO         3307    i.HAL_LTDC_MspInit  stm32f7xx_hal_ltdc.o
    0x080016da   0x00000002   Code   RO         1535    i.HAL_MspInit       stm32f7xx_hal.o
    0x080016dc   0x0000001a   Code   RO         1679    i.HAL_NVIC_EnableIRQ  stm32f7xx_hal_cortex.o
    0x080016f6   0x0000007c   Code   RO         1685    i.HAL_NVIC_SetPriority  stm32f7xx_hal_cortex.o
    0x08001772   0x00000002   PAD
    0x08001774   0x00000028   Code   RO         1686    i.HAL_NVIC_SetPriorityGrouping  stm32f7xx_hal_cortex.o
    0x0800179c   0x00000090   Code   RO         3851    i.HAL_PWREx_EnableOverDrive  stm32f7xx_hal_pwr_ex.o
    0x0800182c   0x00000918   Code   RO         4041    i.HAL_RCCEx_PeriphCLKConfig  stm32f7xx_hal_rcc_ex.o
    0x08002144   0x000001b4   Code   RO         3938    i.HAL_RCC_ClockConfig  stm32f7xx_hal_rcc.o
    0x080022f8   0x000000b4   Code   RO         3947    i.HAL_RCC_GetSysClockFreq  stm32f7xx_hal_rcc.o
    0x080023ac   0x000004e8   Code   RO         3950    i.HAL_RCC_OscConfig  stm32f7xx_hal_rcc.o
    0x08002894   0x00000040   Code   RO         4459    i.HAL_SDRAM_Init    stm32f7xx_hal_sdram.o
    0x080028d4   0x00000002   Code   RO         4461    i.HAL_SDRAM_MspInit  stm32f7xx_hal_sdram.o
    0x080028d6   0x00000028   Code   RO         4462    i.HAL_SDRAM_ProgramRefreshRate  stm32f7xx_hal_sdram.o
    0x080028fe   0x0000003a   Code   RO         4468    i.HAL_SDRAM_SendCommand  stm32f7xx_hal_sdram.o
    0x08002938   0x000000f2   Code   RO         4620    i.HAL_SPI_Init      stm32f7xx_hal_spi.o
    0x08002a2a   0x00000002   Code   RO         4622    i.HAL_SPI_MspInit   stm32f7xx_hal_spi.o
    0x08002a2c   0x00000034   Code   RO         1690    i.HAL_SYSTICK_Config  stm32f7xx_hal_cortex.o
    0x08002a60   0x00000212   Code   RO         3323    i.LTDC_SetConfig    stm32f7xx_hal_ltdc.o
    0x08002c72   0x00000002   PAD
    0x08002c74   0x00000010   Code   RO         1692    i.NVIC_GetPriorityGrouping  stm32f7xx_hal_cortex.o
    0x08002c84   0x00000028   Code   RO         1693    i.NVIC_SetPriority  stm32f7xx_hal_cortex.o
    0x08002cac   0x0000009c   Code   RO          229    i.SCB_EnableDCache  main.o
    0x08002d48   0x00000056   Code   RO          230    i.SystemClock_Config  main.o
    0x08002d9e   0x00000002   PAD
    0x08002da0   0x00000064   Code   RO         6321    i.SystemInit        system_stm32f7xx.o
    0x08002e04   0x0000001a   Code   RO          450    i.TM_MFRC522_AntennaOn  tm_stm32f4_mfrc522.o
    0x08002e1e   0x0000004a   Code   RO          451    i.TM_MFRC522_Anticoll  tm_stm32f4_mfrc522.o
    0x08002e68   0x00000064   Code   RO          453    i.TM_MFRC522_CalculateCRC  tm_stm32f4_mfrc522.o
    0x08002ecc   0x00000020   Code   RO          454    i.TM_MFRC522_Check  tm_stm32f4_mfrc522.o
    0x08002eec   0x0000001a   Code   RO          455    i.TM_MFRC522_ClearBitMask  tm_stm32f4_mfrc522.o
    0x08002f06   0x0000002c   Code   RO          457    i.TM_MFRC522_Halt   tm_stm32f4_mfrc522.o
    0x08002f32   0x00000002   PAD
    0x08002f34   0x00000054   Code   RO          458    i.TM_MFRC522_Init   tm_stm32f4_mfrc522.o
    0x08002f88   0x00000024   Code   RO          459    i.TM_MFRC522_InitPins  tm_stm32f4_mfrc522.o
    0x08002fac   0x00000044   Code   RO          461    i.TM_MFRC522_ReadRegister  tm_stm32f4_mfrc522.o
    0x08002ff0   0x00000032   Code   RO          462    i.TM_MFRC522_Request  tm_stm32f4_mfrc522.o
    0x08003022   0x0000000c   Code   RO          463    i.TM_MFRC522_Reset  tm_stm32f4_mfrc522.o
    0x0800302e   0x0000001a   Code   RO          465    i.TM_MFRC522_SetBitMask  tm_stm32f4_mfrc522.o
    0x08003048   0x0000012a   Code   RO          466    i.TM_MFRC522_ToCard  tm_stm32f4_mfrc522.o
    0x08003172   0x00000002   PAD
    0x08003174   0x00000040   Code   RO          468    i.TM_MFRC522_WriteRegister  tm_stm32f4_mfrc522.o
    0x080031b4   0x00000018   Code   RO          661    i.TM_SPI1_INT_InitPins  tm_stm32_spi.o
    0x080031cc   0x00000018   Code   RO          662    i.TM_SPI2_INT_InitPins  tm_stm32_spi.o
    0x080031e4   0x00000018   Code   RO          663    i.TM_SPI3_INT_InitPins  tm_stm32_spi.o
    0x080031fc   0x00000018   Code   RO          664    i.TM_SPI4_INT_InitPins  tm_stm32_spi.o
    0x08003214   0x00000018   Code   RO          665    i.TM_SPI5_INT_InitPins  tm_stm32_spi.o
    0x0800322c   0x00000018   Code   RO          666    i.TM_SPI6_INT_InitPins  tm_stm32_spi.o
    0x08003244   0x000000c8   Code   RO          668    i.TM_SPI_Init       tm_stm32_spi.o
    0x0800330c   0x00000038   Code   RO          231    i.TM_SPI_InitCustomPinsCallback  main.o
    0x08003344   0x00000042   Code   RO          469    i.TM_SPI_Send       tm_stm32f4_mfrc522.o
    0x08003386   0x00000002   PAD
    0x08003388   0x000001d0   Code   RO          679    i.TM_SPIx_Init      tm_stm32_spi.o
    0x08003558   0x00000046   Code   RO         7454    i._init_box         RTX_CM4.lib(rt_membox.o)
    0x0800359e   0x0000000e   Code   RO         7619    i._is_digit         c_w.l(__printf_wp.o)
    0x080035ac   0x00000020   Code   RO         1453    i._mutex_acquire    rtx_conf_cm.o
    0x080035cc   0x0000001c   Code   RO         1455    i._mutex_release    rtx_conf_cm.o
    0x080035e8   0x00000030   Code   RO         7507    i.dbg_init          RTX_CM4.lib(hal_cm.o)
    0x08003618   0x00000020   Code   RO         7508    i.dbg_task_notify   RTX_CM4.lib(hal_cm.o)
    0x08003638   0x00000010   Code   RO         7509    i.dbg_task_switch   RTX_CM4.lib(hal_cm.o)
    0x08003648   0x0000008c   Code   RO            5    i.enableClocksGPIO  gpiocontroller.o
    0x080036d4   0x00000038   Code   RO            7    i.initGPIO          gpiocontroller.o
    0x0800370c   0x0000002a   Code   RO         6357    i.isrMessageGet     RTX_CM4.lib(rt_cmsis.o)
    0x08003736   0x0000002c   Code   RO         6358    i.isrMessagePut     RTX_CM4.lib(rt_cmsis.o)
    0x08003762   0x00000002   PAD
    0x08003764   0x00000052   Code   RO         7342    i.isr_mbx_receive   RTX_CM4.lib(rt_mailbox.o)
    0x080037b6   0x0000000e   Code   RO         7343    i.isr_mbx_send      RTX_CM4.lib(rt_mailbox.o)
    0x080037c4   0x000000f8   Code   RO          233    i.main              main.o
    0x080038bc   0x00000024   Code   RO         6362    i.osKernelInitialize  RTX_CM4.lib(rt_cmsis.o)
    0x080038e0   0x0000006c   Code   RO         6364    i.osKernelStart     RTX_CM4.lib(rt_cmsis.o)
    0x0800394c   0x00000018   Code   RO         6373    i.osMessageGet      RTX_CM4.lib(rt_cmsis.o)
    0x08003964   0x00000030   Code   RO         6390    i.osThreadCreate    RTX_CM4.lib(rt_cmsis.o)
    0x08003994   0x00000018   Code   RO         6391    i.osThreadExit      RTX_CM4.lib(rt_cmsis.o)
    0x080039ac   0x0000000c   Code   RO         6397    i.osTimerCall       RTX_CM4.lib(rt_cmsis.o)
    0x080039b8   0x0000002c   Code   RO         6402    i.osTimerThread     RTX_CM4.lib(rt_cmsis.o)
    0x080039e4   0x00000022   Code   RO         1456    i.os_error          rtx_conf_cm.o
    0x08003a06   0x00000004   Code   RO         1457    i.os_idle_demon     rtx_conf_cm.o
    0x08003a0a   0x00000002   PAD
    0x08003a0c   0x00000028   Code   RO         7134    i.os_tick_init      RTX_CM4.lib(rt_system.o)
    0x08003a34   0x00000002   Code   RO         7135    i.os_tick_irqack    RTX_CM4.lib(rt_system.o)
    0x08003a36   0x0000001a   Code   RO         7455    i.rt_alloc_box      RTX_CM4.lib(rt_membox.o)
    0x08003a50   0x0000003e   Code   RO         7483    i.rt_alloc_mem      RTX_CM4.lib(rt_memory.o)
    0x08003a8e   0x00000002   PAD
    0x08003a90   0x00000038   Code   RO         6982    i.rt_block          RTX_CM4.lib(rt_task.o)
    0x08003ac8   0x00000048   Code   RO         7432    i.rt_chk_robin      RTX_CM4.lib(rt_robin.o)
    0x08003b10   0x00000070   Code   RO         7266    i.rt_dec_dly        RTX_CM4.lib(rt_list.o)
    0x08003b80   0x00000044   Code   RO         6983    i.rt_dispatch       RTX_CM4.lib(rt_task.o)
    0x08003bc4   0x00000050   Code   RO         7227    i.rt_evt_psh        RTX_CM4.lib(rt_event.o)
    0x08003c14   0x0000002c   Code   RO         7456    i.rt_free_box       RTX_CM4.lib(rt_membox.o)
    0x08003c40   0x00000028   Code   RO         7484    i.rt_free_mem       RTX_CM4.lib(rt_memory.o)
    0x08003c68   0x00000028   Code   RO         7267    i.rt_get_first      RTX_CM4.lib(rt_list.o)
    0x08003c90   0x00000008   Code   RO         6407    i.rt_id2obj         RTX_CM4.lib(rt_cmsis.o)
    0x08003c98   0x00000048   Code   RO         6984    i.rt_init_context   RTX_CM4.lib(rt_task.o)
    0x08003ce0   0x0000001a   Code   RO         7485    i.rt_init_mem       RTX_CM4.lib(rt_memory.o)
    0x08003cfa   0x00000002   PAD
    0x08003cfc   0x00000018   Code   RO         7433    i.rt_init_robin     RTX_CM4.lib(rt_robin.o)
    0x08003d14   0x00000080   Code   RO         7510    i.rt_init_stack     RTX_CM4.lib(hal_cm.o)
    0x08003d94   0x00000008   Code   RO         7344    i.rt_mbx_check      RTX_CM4.lib(rt_mailbox.o)
    0x08003d9c   0x0000001a   Code   RO         7345    i.rt_mbx_init       RTX_CM4.lib(rt_mailbox.o)
    0x08003db6   0x00000002   PAD
    0x08003db8   0x000000f0   Code   RO         7346    i.rt_mbx_psh        RTX_CM4.lib(rt_mailbox.o)
    0x08003ea8   0x000000b4   Code   RO         7348    i.rt_mbx_wait       RTX_CM4.lib(rt_mailbox.o)
    0x08003f5c   0x00000044   Code   RO         6408    i.rt_ms2tick        RTX_CM4.lib(rt_cmsis.o)
    0x08003fa0   0x000000d8   Code   RO         7101    i.rt_mut_release    RTX_CM4.lib(rt_mutex.o)
    0x08004078   0x00000068   Code   RO         7102    i.rt_mut_wait       RTX_CM4.lib(rt_mutex.o)
    0x080040e0   0x0000007c   Code   RO         7138    i.rt_pop_req        RTX_CM4.lib(rt_system.o)
    0x0800415c   0x00000020   Code   RO         7139    i.rt_psh_req        RTX_CM4.lib(rt_system.o)
    0x0800417c   0x0000005c   Code   RO         7269    i.rt_psq_enq        RTX_CM4.lib(rt_list.o)
    0x080041d8   0x00000048   Code   RO         7270    i.rt_put_dly        RTX_CM4.lib(rt_list.o)
    0x08004220   0x00000036   Code   RO         7271    i.rt_put_prio       RTX_CM4.lib(rt_list.o)
    0x08004256   0x00000002   PAD
    0x08004258   0x00000014   Code   RO         7272    i.rt_put_rdy_first  RTX_CM4.lib(rt_list.o)
    0x0800426c   0x00000034   Code   RO         7273    i.rt_resort_prio    RTX_CM4.lib(rt_list.o)
    0x080042a0   0x00000010   Code   RO         7511    i.rt_ret_regs       RTX_CM4.lib(hal_cm.o)
    0x080042b0   0x0000000c   Code   RO         7512    i.rt_ret_val        RTX_CM4.lib(hal_cm.o)
    0x080042bc   0x00000010   Code   RO         7513    i.rt_ret_val2       RTX_CM4.lib(hal_cm.o)
    0x080042cc   0x00000028   Code   RO         7274    i.rt_rmv_dly        RTX_CM4.lib(rt_list.o)
    0x080042f4   0x00000030   Code   RO         7275    i.rt_rmv_list       RTX_CM4.lib(rt_list.o)
    0x08004324   0x00000034   Code   RO         7393    i.rt_sem_psh        RTX_CM4.lib(rt_semaphore.o)
    0x08004358   0x00000024   Code   RO         7141    i.rt_stk_check      RTX_CM4.lib(rt_system.o)
    0x0800437c   0x00000028   Code   RO         6985    i.rt_switch_req     RTX_CM4.lib(rt_task.o)
    0x080043a4   0x000000cc   Code   RO         6986    i.rt_sys_init       RTX_CM4.lib(rt_task.o)
    0x08004470   0x00000078   Code   RO         6987    i.rt_sys_start      RTX_CM4.lib(rt_task.o)
    0x080044e8   0x00000040   Code   RO         7143    i.rt_systick        RTX_CM4.lib(rt_system.o)
    0x08004528   0x00000012   Code   RO         6409    i.rt_tid2ptcb       RTX_CM4.lib(rt_cmsis.o)
    0x0800453a   0x00000002   PAD
    0x0800453c   0x00000034   Code   RO         6410    i.rt_timer_insert   RTX_CM4.lib(rt_cmsis.o)
    0x08004570   0x00000088   Code   RO         6988    i.rt_tsk_create     RTX_CM4.lib(rt_task.o)
    0x080045f8   0x0000017c   Code   RO         6989    i.rt_tsk_delete     RTX_CM4.lib(rt_task.o)
    0x08004774   0x0000007c   Code   RO         6991    i.rt_tsk_prio       RTX_CM4.lib(rt_task.o)
    0x080047f0   0x00000010   Code   RO         6992    i.rt_tsk_self       RTX_CM4.lib(rt_task.o)
    0x08004800   0x00000070   Code   RO         6413    i.svcKernelInitialize  RTX_CM4.lib(rt_cmsis.o)
    0x08004870   0x00000048   Code   RO         6415    i.svcKernelStart    RTX_CM4.lib(rt_cmsis.o)
    0x080048b8   0x00000024   Code   RO         6418    i.svcMessageCreate  RTX_CM4.lib(rt_cmsis.o)
    0x080048dc   0x0000003a   Code   RO         6419    i.svcMessageGet     RTX_CM4.lib(rt_cmsis.o)
    0x08004916   0x00000002   PAD
    0x08004918   0x00000070   Code   RO         6433    i.svcThreadCreate   RTX_CM4.lib(rt_cmsis.o)
    0x08004988   0x0000001c   Code   RO         6434    i.svcThreadGetId    RTX_CM4.lib(rt_cmsis.o)
    0x080049a4   0x00000038   Code   RO         6437    i.svcThreadTerminate  RTX_CM4.lib(rt_cmsis.o)
    0x080049dc   0x00000018   Code   RO         6439    i.svcTimerCall      RTX_CM4.lib(rt_cmsis.o)
    0x080049f4   0x0000005c   Code   RO         6448    i.sysTimerTick      RTX_CM4.lib(rt_cmsis.o)
    0x08004a50   0x0000000a   Code   RO         7771    x$fpl$fpinit        fz_wm.l(fpinit.o)
    0x08004a5a   0x00000002   PAD
    0x08004a5c   0x00000080   Data   RO            9    .constdata          gpiocontroller.o
    0x08004adc   0x00000080   Data   RO          470    .constdata          tm_stm32f4_mfrc522.o
    0x08004b5c   0x000018a0   Data   RO         1406    .constdata          glcd_fonts.o
    0x080063fc   0x00000056   Data   RO         1459    .constdata          rtx_conf_cm.o
    0x08006452   0x00000008   Data   RO         2208    .constdata          stm32f7xx_hal_dma.o
    0x0800645a   0x00000018   Data   RO         6322    .constdata          system_stm32f7xx.o
    0x08006472   0x00000028   Data   RO         7592    .constdata          c_w.l(_printf_hex_int.o)
    0x0800649a   0x00000011   Data   RO         7622    .constdata          c_w.l(__printf_flags_wp.o)
    0x080064ab   0x00000001   PAD
    0x080064ac   0x00000020   Data   RO         7805    Region$$Table       anon$$obj.o


    Execution Region ER_RW (Base: 0x20010000, Size: 0x0000005c, Max: 0xffffffff, ABSOLUTE)

    Base Addr    Size         Type   Attr      Idx    E Section Name        Object

    0x20010000   0x00000002   Data   RW         1134    .data               stm32746g_discovery_sdram.o
    0x20010002   0x00000002   PAD
    0x20010004   0x00000008   Data   RW         1304    .data               glcd_746g_discovery.o
    0x2001000c   0x00000024   Data   RW         1460    .data               rtx_conf_cm.o
    0x20010030   0x00000004   Data   RW         6323    .data               system_stm32f7xx.o
    0x20010034   0x00000008   Data   RW         6451    .data               RTX_CM4.lib(rt_cmsis.o)
    0x2001003c   0x00000008   Data   RW         6994    .data               RTX_CM4.lib(rt_task.o)
    0x20010044   0x00000004   Data   RW         7070    .data               RTX_CM4.lib(rt_time.o)
    0x20010048   0x00000008   Data   RW         7146    .data               RTX_CM4.lib(rt_system.o)
    0x20010050   0x00000008   Data   RW         7434    .data               RTX_CM4.lib(rt_robin.o)
    0x20010058   0x00000001   Data   RW         7514    .data               RTX_CM4.lib(hal_cm.o)


    Execution Region ER_ZI (Base: 0x2001005c, Size: 0x0000145c, Max: 0xffffffff, ABSOLUTE)

    Base Addr    Size         Type   Attr      Idx    E Section Name        Object

    0x2001005c   0x00000120   Zero   RW         1133    .bss                stm32746g_discovery_sdram.o
    0x2001017c   0x000000a8   Zero   RW         1303    .bss                glcd_746g_discovery.o
    0x20010224   0x00000004   PAD
    0x20010228   0x00000bc8   Zero   RW         1458    .bss                rtx_conf_cm.o
    0x20010df0   0x00000034   Zero   RW         6993    .bss                RTX_CM4.lib(rt_task.o)
    0x20010e24   0x00000030   Zero   RW         7276    .bss                RTX_CM4.lib(rt_list.o)
    0x20010e54   0x00000060   Zero   RW         7576    .bss                c_w.l(libspace.o)
    0x20010eb4   0x00000004   PAD
    0x20010eb8   0x00000200   Zero   RW         6311    HEAP                startup_stm32f746xx.o
    0x200110b8   0x00000400   Zero   RW         6310    STACK               startup_stm32f746xx.o



  Load Region LR$$.ARM.__AT_0xC0000000 (Base: 0xc0000000, Size: 0x00000000, Max: 0x0003fc00, ABSOLUTE)

    Execution Region ER$$.ARM.__AT_0xC0000000 (Base: 0xc0000000, Size: 0x0003fc00, Max: 0x0003fc00, ABSOLUTE, UNINIT)

    Base Addr    Size         Type   Attr      Idx    E Section Name        Object

    0xc0000000   0x0003fc00   Zero   RW         1302    .ARM.__AT_0xC0000000  glcd_746g_discovery.o


==============================================================================

Image component sizes


      Code (inc. data)   RO Data    RW Data    ZI Data      Debug   Object Name

       880         86          0          8     261288       6966   glcd_746g_discovery.o
         0          0       6304          0          0        784   glcd_fonts.o
       196          8        128          0          0     786298   gpiocontroller.o
       662         92          0          0          0      37122   main.o
       126         26         86         36       3016       9623   rtx_conf_cm.o
        64         26        456          0       1536        924   startup_stm32f746xx.o
       748         66          0          2        288       4744   stm32746g_discovery_sdram.o
       108         10          0          0          0       3236   stm32f7xx_hal.o
       298         22          0          0          0      36219   stm32f7xx_hal_cortex.o
       568         10          8          0          0       3764   stm32f7xx_hal_dma.o
       548         52          0          0          0       2576   stm32f7xx_hal_gpio.o
       922          6          0          0          0       3646   stm32f7xx_hal_ltdc.o
       144          8          0          0          0       1392   stm32f7xx_hal_pwr_ex.o
      1872         40          0          0          0       3960   stm32f7xx_hal_rcc.o
      2328         26          0          0          0       2376   stm32f7xx_hal_rcc_ex.o
       164          0          0          0          0       3516   stm32f7xx_hal_sdram.o
       244          0          0          0          0       1977   stm32f7xx_hal_spi.o
       368          4          0          0          0       3740   stm32f7xx_ll_fmc.o
       100         18         24          4          0       1539   system_stm32f7xx.o
       808         88          0          0          0       8860   tm_stm32_spi.o
      1006         28        128          0          0      16723   tm_stm32f4_mfrc522.o

    ----------------------------------------------------------------------
     12176        616       7166         52     266132     939985   Object Totals
         0          0         32          0          0          0   (incl. Generated)
        22          0          0          2          4          0   (incl. Padding)

    ----------------------------------------------------------------------

      Code (inc. data)   RO Data    RW Data    ZI Data      Debug   Library Member Name

       268         24          0          1          0       4452   hal_cm.o
       408         34          0          0          0        816   hal_cm4.o
      1118        140          0          8          0      33869   rt_cmsis.o
        80          4          0          0          0        701   rt_event.o
       530         34          0          0         48       8597   rt_list.o
       550         10          0          0          0       4185   rt_mailbox.o
       140          0          0          0          0       2045   rt_membox.o
       128          0          0          0          0       2419   rt_memory.o
       320         12          0          0          0       1699   rt_mutex.o
        96         22          0          8          0       1230   rt_robin.o
        52          4          0          0          0        613   rt_semaphore.o
       298         52          0          8          0       6439   rt_system.o
      1216        174          0          8         52      10025   rt_task.o
         0          0          0          4          0        206   rt_time.o
         4          4          0          0          0        200   svc_table.o
         8          0          0          0          0         68   __main.o
       312          4         17          0          0         92   __printf_flags_wp.o
        14          0          0          0          0         68   __printf_wp.o
         0          0          0          0          0          0   __rtentry.o
        20          0          0          0          0          0   __rtentry2.o
         6          0          0          0          0          0   __rtentry4.o
        52          8          0          0          0          0   __scatter.o
        26          0          0          0          0          0   __scatter_copy.o
        28          0          0          0          0          0   __scatter_zi.o
        48          6          0          0          0         96   _printf_char_common.o
        88          4         40          0          0         88   _printf_hex_int.o
       178          0          0          0          0         88   _printf_intcommon.o
        78          0          0          0          0        108   _printf_pad.o
         0          0          0          0          0          0   _printf_percent.o
         4          0          0          0          0          0   _printf_percent_end.o
         6          0          0          0          0          0   _printf_x.o
        10          0          0          0          0         68   _sputc.o
        18          0          0          0          0         80   exit.o
         6          0          0          0          0        152   heapauxi.o
         0          0          0          0          0          0   indicate_semi.o
         2          0          0          0          0          0   libinit.o
         6          0          0          0          0          0   libinit2.o
         2          0          0          0          0          0   libshutdown.o
         2          0          0          0          0          0   libshutdown2.o
         8          4          0          0         96         68   libspace.o
        40          6          0          0          0         84   noretval__2sprintf.o
       100          0          0          0          0         80   rt_memcpy_w.o
         2          0          0          0          0          0   rtexit.o
        10          0          0          0          0          0   rtexit2.o
        12          4          0          0          0         68   sys_exit.o
        74          0          0          0          0         80   sys_stackheap_outer.o
         2          0          0          0          0         68   use_no_semi.o
        10          0          0          0          0        116   fpinit.o

    ----------------------------------------------------------------------
      6404        550         58         40        200      78968   Library Totals
        24          0          1          3          4          0   (incl. Padding)

    ----------------------------------------------------------------------

      Code (inc. data)   RO Data    RW Data    ZI Data      Debug   Library Name

      5208        514          0         37        100      77496   RTX_CM4.lib
      1162         36         57          0         96       1356   c_w.l
        10          0          0          0          0        116   fz_wm.l

    ----------------------------------------------------------------------
      6404        550         58         40        200      78968   Library Totals

    ----------------------------------------------------------------------

==============================================================================


      Code (inc. data)   RO Data    RW Data    ZI Data      Debug   

     18580       1166       7224         92     266332    1003929   Grand Totals
     18580       1166       7224         92     266332    1003929   ELF Image Totals
     18580       1166       7224         92          0          0   ROM Totals

==============================================================================

    Total RO  Size (Code + RO Data)                25804 (  25.20kB)
    Total RW  Size (RW Data + ZI Data)            266424 ( 260.18kB)
    Total ROM Size (Code + RO Data + RW Data)      25896 (  25.29kB)

==============================================================================

