Component: ARM Compiler 5.06 update 1 (build 61) Tool: armlink [4d35a8]

==============================================================================

Section Cross References

    gpiocontroller.o(i.digitalRead) refers to stm32f7xx_hal_gpio.o(i.HAL_GPIO_ReadPin) for HAL_GPIO_ReadPin
    gpiocontroller.o(i.digitalRead) refers to gpiocontroller.o(.constdata) for GPIO_PINS
    gpiocontroller.o(i.digitalWrite) refers to stm32f7xx_hal_gpio.o(i.HAL_GPIO_WritePin) for HAL_GPIO_WritePin
    gpiocontroller.o(i.digitalWrite) refers to gpiocontroller.o(.constdata) for GPIO_PINS
    gpiocontroller.o(i.getPin) refers to gpiocontroller.o(.constdata) for GPIO_PINS
    gpiocontroller.o(i.initGPIO) refers to stm32f7xx_hal_gpio.o(i.HAL_GPIO_Init) for HAL_GPIO_Init
    gpiocontroller.o(i.initGPIO) refers to gpiocontroller.o(.constdata) for GPIO_PINS
    gpiocontroller.o(i.init_button) refers to gpiocontroller.o(i.initGPIO) for initGPIO
    ledbuzzercontroller.o(i.EXTI4_IRQHandler) refers to gpiocontroller.o(i.getPin) for getPin
    ledbuzzercontroller.o(i.EXTI4_IRQHandler) refers to stm32f7xx_hal_gpio.o(i.HAL_GPIO_EXTI_IRQHandler) for HAL_GPIO_EXTI_IRQHandler
    ledbuzzercontroller.o(i.initButton) refers to gpiocontroller.o(i.initGPIO) for initGPIO
    ledbuzzercontroller.o(i.initButton) refers to stm32f7xx_hal_cortex.o(i.HAL_NVIC_SetPriority) for HAL_NVIC_SetPriority
    ledbuzzercontroller.o(i.initButton) refers to stm32f7xx_hal_cortex.o(i.HAL_NVIC_EnableIRQ) for HAL_NVIC_EnableIRQ
    ledbuzzercontroller.o(i.initBuzzer) refers to gpiocontroller.o(i.initGPIO) for initGPIO
    ledbuzzercontroller.o(i.initLed) refers to gpiocontroller.o(i.initGPIO) for initGPIO
    ledbuzzercontroller.o(i.startAlarm) refers to gpiocontroller.o(i.digitalWrite) for digitalWrite
    ledbuzzercontroller.o(i.startLights) refers to gpiocontroller.o(i.digitalWrite) for digitalWrite
    ledbuzzercontroller.o(i.stopAlarm) refers to gpiocontroller.o(i.digitalWrite) for digitalWrite
    main.o(i.CPU_CACHE_Enable) refers to main.o(i.SCB_EnableDCache) for SCB_EnableDCache
    main.o(i.HAL_GetTick) refers to rt_time.o(.data) for os_time
    main.o(i.SystemClock_Config) refers to stm32f7xx_hal_rcc.o(i.HAL_RCC_OscConfig) for HAL_RCC_OscConfig
    main.o(i.SystemClock_Config) refers to stm32f7xx_hal_pwr_ex.o(i.HAL_PWREx_EnableOverDrive) for HAL_PWREx_EnableOverDrive
    main.o(i.SystemClock_Config) refers to stm32f7xx_hal_rcc.o(i.HAL_RCC_ClockConfig) for HAL_RCC_ClockConfig
    main.o(i.main) refers to main.o(i.CPU_CACHE_Enable) for CPU_CACHE_Enable
    main.o(i.main) refers to stm32f7xx_hal.o(i.HAL_Init) for HAL_Init
    main.o(i.main) refers to stm32746g_discovery_sdram.o(i.BSP_SDRAM_Init) for BSP_SDRAM_Init
    main.o(i.main) refers to main.o(i.SystemClock_Config) for SystemClock_Config
    main.o(i.main) refers to gpiocontroller.o(i.enableClocksGPIO) for enableClocksGPIO
    main.o(i.main) refers to touchinputcontroller.o(i.initGLCD) for initGLCD
    main.o(i.main) refers to ledbuzzercontroller.o(i.initLed) for initLed
    main.o(i.main) refers to ledbuzzercontroller.o(i.initBuzzer) for initBuzzer
    main.o(i.main) refers to ledbuzzercontroller.o(i.initButton) for initButton
    main.o(i.main) refers to motorcontroller.o(i.initMotor) for initMotor
    motorcontroller.o(i.HAL_TIM_PWM_MspInit) refers to gpiocontroller.o(i.initGPIO) for initGPIO
    motorcontroller.o(i.initMotor) refers to gpiocontroller.o(i.initGPIO) for initGPIO
    motorcontroller.o(i.initTIM3) refers to stm32f7xx_hal_tim.o(i.HAL_TIM_PWM_Init) for HAL_TIM_PWM_Init
    motorcontroller.o(i.initTIM3) refers to stm32f7xx_hal_tim_ex.o(i.HAL_TIM_PWM_ConfigChannel) for HAL_TIM_PWM_ConfigChannel
    motorcontroller.o(i.initTIM3) refers to motorcontroller.o(.bss) for htim3
    motorcontroller.o(i.moveDoor) refers to gpiocontroller.o(i.digitalWrite) for digitalWrite
    motorcontroller.o(i.moveDoor) refers to gpiocontroller.o(i.delayMicro) for delayMicro
    motorcontroller.o(i.startMotor) refers to stm32f7xx_hal_tim.o(i.HAL_TIM_PWM_Start) for HAL_TIM_PWM_Start
    motorcontroller.o(i.startMotor) refers to stm32f7xx_hal_tim_ex.o(i.HAL_TIMEx_PWMN_Start) for HAL_TIMEx_PWMN_Start
    motorcontroller.o(i.startMotor) refers to motorcontroller.o(.bss) for htim3
    motorcontroller.o(i.stopMotor) refers to stm32f7xx_hal_tim_ex.o(i.HAL_TIMEx_PWMN_Stop) for HAL_TIMEx_PWMN_Stop
    motorcontroller.o(i.stopMotor) refers to motorcontroller.o(.bss) for htim3
    pircontroller.o(i.EXTI0_IRQHandler) refers to gpiocontroller.o(i.getPin) for getPin
    pircontroller.o(i.EXTI0_IRQHandler) refers to stm32f7xx_hal_gpio.o(i.HAL_GPIO_EXTI_IRQHandler) for HAL_GPIO_EXTI_IRQHandler
    pircontroller.o(i.EXTI0_IRQHandler) refers to stm32f7xx_hal_cortex.o(i.HAL_NVIC_DisableIRQ) for HAL_NVIC_DisableIRQ
    pircontroller.o(i.HAL_GPIO_EXTI_Callback) refers to gpiocontroller.o(i.getPin) for getPin
    pircontroller.o(i.HAL_GPIO_EXTI_Callback) refers to ledbuzzercontroller.o(i.startLights) for startLights
[...]
    i.rt_sys_start                           0x08005414   Section        0  rt_task.o(i.rt_sys_start)
    i.rt_systick                             0x0800548c   Section        0  rt_system.o(i.rt_systick)
    i.rt_tid2ptcb                            0x080054cc   Section        0  rt_cmsis.o(i.rt_tid2ptcb)
    rt_tid2ptcb                              0x080054cd   Thumb Code    18  rt_cmsis.o(i.rt_tid2ptcb)
    i.rt_timer_insert                        0x080054e0   Section        0  rt_cmsis.o(i.rt_timer_insert)
    rt_timer_insert                          0x080054e1   Thumb Code    48  rt_cmsis.o(i.rt_timer_insert)
    i.rt_tsk_create                          0x08005514   Section        0  rt_task.o(i.rt_tsk_create)
    i.rt_tsk_delete                          0x0800559c   Section        0  rt_task.o(i.rt_tsk_delete)
    i.rt_tsk_prio                            0x08005718   Section        0  rt_task.o(i.rt_tsk_prio)
    i.rt_tsk_self                            0x08005794   Section        0  rt_task.o(i.rt_tsk_self)
    i.startAlarm                             0x080057a4   Section        0  ledbuzzercontroller.o(i.startAlarm)
    i.startLights                            0x080057c0   Section        0  ledbuzzercontroller.o(i.startLights)
    i.stopAlarm                              0x080057d4   Section        0  ledbuzzercontroller.o(i.stopAlarm)
    i.svcKernelInitialize                    0x080057f0   Section        0  rt_cmsis.o(i.svcKernelInitialize)
    i.svcKernelStart                         0x08005860   Section        0  rt_cmsis.o(i.svcKernelStart)
    i.svcMessageCreate                       0x080058a8   Section        0  rt_cmsis.o(i.svcMessageCreate)
    i.svcMessageGet                          0x080058cc   Section        0  rt_cmsis.o(i.svcMessageGet)
    i.svcThreadCreate                        0x08005908   Section        0  rt_cmsis.o(i.svcThreadCreate)
    i.svcThreadGetId                         0x08005978   Section        0  rt_cmsis.o(i.svcThreadGetId)
    i.svcThreadTerminate                     0x08005994   Section        0  rt_cmsis.o(i.svcThreadTerminate)
    i.svcTimerCall                           0x080059cc   Section        0  rt_cmsis.o(i.svcTimerCall)
    i.sysTimerTick                           0x080059e4   Section        0  rt_cmsis.o(i.sysTimerTick)
    i.wrongPass                              0x08005a40   Section        0  touchinputcontroller.o(i.wrongPass)
    x$fpl$fpinit                             0x08005a80   Section       10  fpinit.o(x$fpl$fpinit)
    $v0                                      0x08005a80   Number         0  fpinit.o(x$fpl$fpinit)
    .constdata                               0x08005a8c   Section      128  gpiocontroller.o(.constdata)
    GPIO_PINS                                0x08005a8c   Data         128  gpiocontroller.o(.constdata)
    .constdata                               0x08005b0c   Section     6304  glcd_fonts.o(.constdata)
    Font_6x8_h                               0x08005b0c   Data         896  glcd_fonts.o(.constdata)
    Font_16x24_h                             0x08005e8c   Data        5376  glcd_fonts.o(.constdata)
    .constdata                               0x080073ac   Section       86  rtx_conf_cm.o(.constdata)
    __tagsym$$used                           0x080073c8   Number         0  rtx_conf_cm.o(.constdata)
    __tagsym$$used                           0x080073cc   Number         0  rtx_conf_cm.o(.constdata)
    __tagsym$$used                           0x080073d0   Number         0  rtx_conf_cm.o(.constdata)
    __tagsym$$used                           0x080073d4   Number         0  rtx_conf_cm.o(.constdata)
    .constdata                               0x08007402   Section        8  stm32f7xx_hal_dma.o(.constdata)
    flagBitshiftOffset                       0x08007402   Data           8  stm32f7xx_hal_dma.o(.constdata)
    .constdata                               0x0800740a   Section       24  system_stm32f7xx.o(.constdata)
    .data                                    0x20010000   Section       24  touchinputcontroller.o(.data)
    .data                                    0x20010018   Section       46  ft5336.o(.data)
    ft5336_handle                            0x20010040   Data           3  ft5336.o(.data)
    coord                                    0x20010044   Data           2  ft5336.o(.data)
    .data                                    0x20010046   Section        2  stm32746g_discovery_sdram.o(.data)
    sdramstatus                              0x20010046   Data           1  stm32746g_discovery_sdram.o(.data)
    sdramstatus                              0x20010047   Data           1  stm32746g_discovery_sdram.o(.data)
    .data                                    0x20010048   Section       10  stm32746g_discovery_ts.o(.data)
    tsDriver                                 0x20010048   Data           4  stm32746g_discovery_ts.o(.data)
    tsXBoundary                              0x2001004c   Data           2  stm32746g_discovery_ts.o(.data)
    tsYBoundary                              0x2001004e   Data           2  stm32746g_discovery_ts.o(.data)
    tsOrientation                            0x20010050   Data           1  stm32746g_discovery_ts.o(.data)
    I2cAddress                               0x20010051   Data           1  stm32746g_discovery_ts.o(.data)
    .data                                    0x20010054   Section        8  glcd_746g_discovery.o(.data)
    foreground_color                         0x20010054   Data           2  glcd_746g_discovery.o(.data)
    background_color                         0x20010056   Data           2  glcd_746g_discovery.o(.data)
    active_font                              0x20010058   Data           4  glcd_746g_discovery.o(.data)
    .data                                    0x2001005c   Section       36  rtx_conf_cm.o(.data)
    nr_mutex                                 0x2001006c   Data           4  rtx_conf_cm.o(.data)
    .data                                    0x20010080   Section        4  system_stm32f7xx.o(.data)
    .data                                    0x20010084   Section        8  rt_cmsis.o(.data)
    .data                                    0x2001008c   Section        8  rt_task.o(.data)
    .data                                    0x20010094   Section        4  rt_time.o(.data)
    .data                                    0x20010098   Section        8  rt_system.o(.data)
    os_lock                                  0x20010098   Data           1  rt_system.o(.data)
    os_psh_flag                              0x20010099   Data           1  rt_system.o(.data)
    pend_flags                               0x2001009a   Data           1  rt_system.o(.data)
    .data                                    0x200100a0   Section        8  rt_robin.o(.data)
    .data                                    0x200100a8   Section        1  hal_cm.o(.data)
    .bss                                     0x200100ac   Section      152  stm32746g_discovery.o(.bss)
    hI2cAudioHandler                         0x200100ac   Data          76  stm32746g_discovery.o(.bss)
    hI2cExtHandler                           0x200100f8   Data          76  stm32746g_discovery.o(.bss)
    .bss                                     0x20010144   Section      288  stm32746g_discovery_sdram.o(.bss)
    Timing                                   0x20010178   Data          28  stm32746g_discovery_sdram.o(.bss)
    Command                                  0x20010194   Data          16  stm32746g_discovery_sdram.o(.bss)
    dma_handle                               0x200101a4   Data          96  stm32746g_discovery_sdram.o(.bss)
    dma_handle                               0x20010204   Data          96  stm32746g_discovery_sdram.o(.bss)
    .bss                                     0x20010264   Section       40  stm32746g_discovery_ts.o(.bss)
    _x                                       0x20010264   Data          20  stm32746g_discovery_ts.o(.bss)
    _y                                       0x20010278   Data          20  stm32746g_discovery_ts.o(.bss)
    .bss                                     0x2001028c   Section      168  glcd_746g_discovery.o(.bss)
    LTDC_Handle                              0x2001028c   Data         168  glcd_746g_discovery.o(.bss)
    .bss                                     0x20010338   Section     3016  rtx_conf_cm.o(.bss)
    std_libspace                             0x20010be0   Data         672  rtx_conf_cm.o(.bss)
    std_libmutex                             0x20010e80   Data         128  rtx_conf_cm.o(.bss)
    .bss                                     0x20010f00   Section       52  rt_task.o(.bss)
    .bss                                     0x20010f34   Section       48  rt_list.o(.bss)
    .bss                                     0x20010f64   Section       96  libspace.o(.bss)
    HEAP                                     0x20010fc8   Section      512  startup_stm32f746xx.o(HEAP)
    Heap_Mem                                 0x20010fc8   Data         512  startup_stm32f746xx.o(HEAP)
    STACK                                    0x200111c8   Section     1024  startup_stm32f746xx.o(STACK)
    Stack_Mem                                0x200111c8   Data        1024  startup_stm32f746xx.o(STACK)
    __initial_sp                             0x200115c8   Data           0  startup_stm32f746xx.o(STACK)
    .ARM.__AT_0xC0000000                     0xc0000000   Section    261120  glcd_746g_discovery.o(.ARM.__AT_0xC0000000)
    frame_buf                                0xc0000000   Data       261120  glcd_746g_discovery.o(.ARM.__AT_0xC0000000)

    Global Symbols

    Symbol Name                              Value     Ov Type        Size  Object(Section)

    BuildAttributes$$THM_ISAv4$E$P$D$K$B$S$7EM$VFPi5$EXTD16$VFPS$VFMA$PE$PLD8$A:L22UL41UL21$X:L11$S22US41US21$IEEE1$IW$USESV6$~STKCKD$USESV7$~SHL$OSPACE$ROPI$EBA8$UX$STANDARDLIB$REQ8$PRES8$EABIv2 0x00000000   Number         0  anon$$obj.o ABSOLUTE
    __ARM_use_no_argv                        0x00000000   Number         0  main.o ABSOLUTE
    __ARM_exceptions_init                     - Undefined Weak Reference
    __alloca_initialize                       - Undefined Weak Reference
    __arm_preinit_                            - Undefined Weak Reference
    __cpp_initialize__aeabi_                  - Undefined Weak Reference
    __cxa_finalize                            - Undefined Weak Reference
    __rt_locale                               - Undefined Weak Reference
    __sigvec_lookup                           - Undefined Weak Reference
    _atexit_init                              - Undefined Weak Reference
    _call_atexit_fns                          - Undefined Weak Reference
    _clock_init                               - Undefined Weak Reference
    _fp_trap_init                             - Undefined Weak Reference
    _fp_trap_shutdown                         - Undefined Weak Reference
    _get_lc_collate                           - Undefined Weak Reference
    _get_lc_ctype                             - Undefined Weak Reference
    _get_lc_monetary                          - Undefined Weak Reference
    _get_lc_numeric                           - Undefined Weak Reference
    _get_lc_time                              - Undefined Weak Reference
    _getenv_init                              - Undefined Weak Reference
    _handle_redirection                       - Undefined Weak Reference
    _init_alloc                               - Undefined Weak Reference
    _init_user_alloc                          - Undefined Weak Reference
    _initio                                   - Undefined Weak Reference
    _rand_init                                - Undefined Weak Reference
    _signal_finish                            - Undefined Weak Reference
    _signal_init                              - Undefined Weak Reference
    _terminate_alloc                          - Undefined Weak Reference
    _terminate_user_alloc                     - Undefined Weak Reference
    _terminateio                              - Undefined Weak Reference
    __Vectors_Size                           0x000001c8   Number         0  startup_stm32f746xx.o ABSOLUTE
    __RL_RTX_VER                             0x00000480   Number         0  rt_system.o ABSOLUTE
    __Vectors                                0x08000000   Data           4  startup_stm32f746xx.o(RESET)
    __Vectors_End                            0x080001c8   Data           0  startup_stm32f746xx.o(RESET)
    __main                                   0x080001c9   Thumb Code     8  __main.o(!!!main)
    __scatterload                            0x080001d1   Thumb Code     0  __scatter.o(!!!scatter)
    __scatterload_rt2                        0x080001d1   Thumb Code    44  __scatter.o(!!!scatter)
    __scatterload_rt2_thumb_only             0x080001d1   Thumb Code     0  __scatter.o(!!!scatter)
    __scatterload_null                       0x080001df   Thumb Code     0  __scatter.o(!!!scatter)
    __scatterload_copy                       0x08000205   Thumb Code    26  __scatter_copy.o(!!handler_copy)
    __scatterload_zeroinit                   0x08000221   Thumb Code    28  __scatter_zi.o(!!handler_zi)
    __rt_lib_init                            0x0800023d   Thumb Code     0  libinit.o(.ARM.Collect$$libinit$$00000000)
    __rt_lib_init_fp_1                       0x0800023f   Thumb Code     0  libinit2.o(.ARM.Collect$$libinit$$00000001)
    __rt_lib_init_alloca_1                   0x08000243   Thumb Code     0  libinit2.o(.ARM.Collect$$libinit$$0000002E)
    __rt_lib_init_argv_1                     0x08000243   Thumb Code     0  libinit2.o(.ARM.Collect$$libinit$$0000002C)
    __rt_lib_init_atexit_1                   0x08000243   Thumb Code     0  libinit2.o(.ARM.Collect$$libinit$$0000001B)
    __rt_lib_init_clock_1                    0x08000243   Thumb Code     0  libinit2.o(.ARM.Collect$$libinit$$00000021)
    __rt_lib_init_cpp_1                      0x08000243   Thumb Code     0  libinit2.o(.ARM.Collect$$libinit$$00000032)
    __rt_lib_init_exceptions_1               0x08000243   Thumb Code     0  libinit2.o(.ARM.Collect$$libinit$$00000030)
    __rt_lib_init_fp_trap_1                  0x08000243   Thumb Code     0  libinit2.o(.ARM.Collect$$libinit$$0000001F)
    __rt_lib_init_getenv_1                   0x08000243   Thumb Code     0  libinit2.o(.ARM.Collect$$libinit$$00000023)
    __rt_lib_init_heap_1                     0x08000243   Thumb Code     0  libinit2.o(.ARM.Collect$$libinit$$0000000A)
    __rt_lib_init_lc_collate_1               0x08000243   Thumb Code     0  libinit2.o(.ARM.Collect$$libinit$$00000011)
    __rt_lib_init_lc_ctype_1                 0x08000243   Thumb Code     0  libinit2.o(.ARM.Collect$$libinit$$00000013)
    __rt_lib_init_lc_monetary_1              0x08000243   Thumb Code     0  libinit2.o(.ARM.Collect$$libinit$$00000015)
    __rt_lib_init_lc_numeric_1               0x08000243   Thumb Code     0  libinit2.o(.ARM.Collect$$libinit$$00000017)
    __rt_lib_init_lc_time_1                  0x08000243   Thumb Code     0  libinit2.o(.ARM.Collect$$libinit$$00000019)
    __rt_lib_init_preinit_1                  0x08000243   Thumb Code     0  libinit2.o(.ARM.Collect$$libinit$$00000004)
    __rt_lib_init_rand_1                     0x08000243   Thumb Code     0  libinit2.o(.ARM.Collect$$libinit$$0000000E)
    __rt_lib_init_return                     0x08000243   Thumb Code     0  libinit2.o(.ARM.Collect$$libinit$$00000033)
    __rt_lib_init_signal_1                   0x08000243   Thumb Code     0  libinit2.o(.ARM.Collect$$libinit$$0000001D)
    __rt_lib_init_stdio_1                    0x08000243   Thumb Code     0  libinit2.o(.ARM.Collect$$libinit$$00000025)
    __rt_lib_init_user_alloc_1               0x08000243   Thumb Code     0  libinit2.o(.ARM.Collect$$libinit$$0000000C)
    __rt_lib_shutdown                        0x08000245   Thumb Code     0  libshutdown.o(.ARM.Collect$$libshutdown$$00000000)
    __rt_lib_shutdown_cpp_1                  0x08000247   Thumb Code     0  libshutdown2.o(.ARM.Collect$$libshutdown$$00000002)
    __rt_lib_shutdown_fp_trap_1              0x08000247   Thumb Code     0  libshutdown2.o(.ARM.Collect$$libshutdown$$00000007)
    __rt_lib_shutdown_heap_1                 0x08000247   Thumb Code     0  libshutdown2.o(.ARM.Collect$$libshutdown$$0000000F)
    __rt_lib_shutdown_return                 0x08000247   Thumb Code     0  libshutdown2.o(.ARM.Collect$$libshutdown$$00000010)
    __rt_lib_shutdown_signal_1               0x08000247   Thumb Code     0  libshutdown2.o(.ARM.Collect$$libshutdown$$0000000A)
    __rt_lib_shutdown_stdio_1                0x08000247   Thumb Code     0  libshutdown2.o(.ARM.Collect$$libshutdown$$00000004)
    __rt_lib_shutdown_user_alloc_1           0x08000247   Thumb Code     0  libshutdown2.o(.ARM.Collect$$libshutdown$$0000000C)
    __rt_entry                               0x08000249   Thumb Code     0  __rtentry.o(.ARM.Collect$$rtentry$$00000000)
    __rt_entry_presh_1                       0x08000249   Thumb Code     0  __rtentry2.o(.ARM.Collect$$rtentry$$00000002)
    __rt_entry_sh                            0x08000249   Thumb Code     0  __rtentry4.o(.ARM.Collect$$rtentry$$00000004)
    __rt_entry_li                            0x0800024f   Thumb Code     0  __rtentry2.o(.ARM.Collect$$rtentry$$0000000A)
    __rt_entry_postsh_1                      0x0800024f   Thumb Code     0  __rtentry2.o(.ARM.Collect$$rtentry$$00000009)
    __rt_entry_postli_1                      0x08000253   Thumb Code     0  __rtentry2.o(.ARM.Collect$$rtentry$$0000000B)
    __rt_entry_main                          0x0800025b   Thumb Code     0  __rtentry2.o(.ARM.Collect$$rtentry$$0000000D)
    __rt_exit                                0x08000263   Thumb Code     0  rtexit.o(.ARM.Collect$$rtexit$$00000000)
    __rt_exit_ls                             0x08000265   Thumb Code     0  rtexit2.o(.ARM.Collect$$rtexit$$00000003)
    __rt_exit_prels_1                        0x08000265   Thumb Code     0  rtexit2.o(.ARM.Collect$$rtexit$$00000002)
    __rt_exit_exit                           0x08000269   Thumb Code     0  rtexit2.o(.ARM.Collect$$rtexit$$00000004)
    _platform_post_lib_init                  0x08000271   Thumb Code    24  rtx_conf_cm.o(.emb_text)
    rt_set_PSP                               0x0800028d   Thumb Code     6  hal_cm4.o(.emb_text)
    rt_get_PSP                               0x08000293   Thumb Code     6  hal_cm4.o(.emb_text)
    os_set_env                               0x08000299   Thumb Code    24  hal_cm4.o(.emb_text)
    _alloc_box                               0x080002b5   Thumb Code    28  hal_cm4.o(.emb_text)
    _free_box                                0x080002d5   Thumb Code    28  hal_cm4.o(.emb_text)
    SVC_Handler                              0x080002f5   Thumb Code   168  hal_cm4.o(.emb_text)
    PendSV_Handler                           0x080003ad   Thumb Code    96  hal_cm4.o(.emb_text)
    SysTick_Handler                          0x08000411   Thumb Code     8  hal_cm4.o(.emb_text)
    OS_Tick_Handler                          0x08000419   Thumb Code    12  hal_cm4.o(.emb_text)
    Reset_Handler                            0x08000425   Thumb Code     8  startup_stm32f746xx.o(.text)
    NMI_Handler                              0x0800042d   Thumb Code     2  startup_stm32f746xx.o(.text)
    HardFault_Handler                        0x0800042f   Thumb Code     2  startup_stm32f746xx.o(.text)
    MemManage_Handler                        0x08000431   Thumb Code     2  startup_stm32f746xx.o(.text)
    BusFault_Handler                         0x08000433   Thumb Code     2  startup_stm32f746xx.o(.text)
    UsageFault_Handler                       0x08000435   Thumb Code     2  startup_stm32f746xx.o(.text)
    DebugMon_Handler                         0x08000439   Thumb Code     2  startup_stm32f746xx.o(.text)
    ADC_IRQHandler                           0x0800043f   Thumb Code     0  startup_stm32f746xx.o(.text)
    CAN1_RX0_IRQHandler                      0x0800043f   Thumb Code     0  startup_stm32f746xx.o(.text)
    CAN1_RX1_IRQHandler                      0x0800043f   Thumb Code     0  startup_stm32f746xx.o(.text)
    CAN1_SCE_IRQHandler                      0x0800043f   Thumb Code     0  startup_stm32f746xx.o(.text)
    CAN1_TX_IRQHandler                       0x0800043f   Thumb Code     0  startup_stm32f746xx.o(.text)
    CAN2_RX0_IRQHandler                      0x0800043f   Thumb Code     0  startup_stm32f746xx.o(.text)
    CAN2_RX1_IRQHandler                      0x0800043f   Thumb Code     0  startup_stm32f746xx.o(.text)
    CAN2_SCE_IRQHandler                      0x0800043f   Thumb Code     0  startup_stm32f746xx.o(.text)
    CAN2_TX_IRQHandler                       0x0800043f   Thumb Code     0  startup_stm32f746xx.o(.text)
    CEC_IRQHandler                           0x0800043f   Thumb Code     0  startup_stm32f746xx.o(.text)
    DCMI_IRQHandler                          0x0800043f   Thumb Code     0  startup_stm32f746xx.o(.text)
    DMA1_Stream0_IRQHandler                  0x0800043f   Thumb Code     0  startup_stm32f746xx.o(.text)
    DMA1_Stream1_IRQHandler                  0x0800043f   Thumb Code     0  startup_stm32f746xx.o(.text)
    DMA1_Stream2_IRQHandler                  0x0800043f   Thumb Code     0  startup_stm32f746xx.o(.text)
    DMA1_Stream3_IRQHandler                  0x0800043f   Thumb Code     0  startup_stm32f746xx.o(.text)
    DMA1_Stream4_IRQHandler                  0x0800043f   Thumb Code     0  startup_stm32f746xx.o(.text)
    DMA1_Stream5_IRQHandler                  0x0800043f   Thumb Code     0  startup_stm32f746xx.o(.text)
    DMA1_Stream6_IRQHandler                  0x0800043f   Thumb Code     0  startup_stm32f746xx.o(.text)
    DMA1_Stream7_IRQHandler                  0x0800043f   Thumb Code     0  startup_stm32f746xx.o(.text)
    DMA2D_IRQHandler                         0x0800043f   Thumb Code     0  startup_stm32f746xx.o(.text)
    DMA2_Stream0_IRQHandler                  0x0800043f   Thumb Code     0  startup_stm32f746xx.o(.text)
    DMA2_Stream1_IRQHandler                  0x0800043f   Thumb Code     0  startup_stm32f746xx.o(.text)
    DMA2_Stream2_IRQHandler                  0x0800043f   Thumb Code     0  startup_stm32f746xx.o(.text)
    DMA2_Stream3_IRQHandler                  0x0800043f   Thumb Code     0  startup_stm32f746xx.o(.text)
    DMA2_Stream4_IRQHandler                  0x0800043f   Thumb Code     0  startup_stm32f746xx.o(.text)
    DMA2_Stream5_IRQHandler                  0x0800043f   Thumb Code     0  startup_stm32f746xx.o(.text)
    DMA2_Stream6_IRQHandler                  0x0800043f   Thumb Code     0  startup_stm32f746xx.o(.text)
    DMA2_Stream7_IRQHandler                  0x0800043f   Thumb Code     0  startup_stm32f746xx.o(.text)
    ETH_IRQHandler                           0x0800043f   Thumb Code     0  startup_stm32f746xx.o(.text)
    ETH_WKUP_IRQHandler                      0x0800043f   Thumb Code     0  startup_stm32f746xx.o(.text)
    EXTI1_IRQHandler                         0x0800043f   Thumb Code     0  startup_stm32f746xx.o(.text)
    EXTI2_IRQHandler                         0x0800043f   Thumb Code     0  startup_stm32f746xx.o(.text)
    EXTI3_IRQHandler                         0x0800043f   Thumb Code     0  startup_stm32f746xx.o(.text)
    EXTI9_5_IRQHandler                       0x0800043f   Thumb Code     0  startup_stm32f746xx.o(.text)
    FLASH_IRQHandler                         0x0800043f   Thumb Code     0  startup_stm32f746xx.o(.text)
    FMC_IRQHandler                           0x0800043f   Thumb Code     0  startup_stm32f746xx.o(.text)
    FPU_IRQHandler                           0x0800043f   Thumb Code     0  startup_stm32f746xx.o(.text)
    I2C1_ER_IRQHandler                       0x0800043f   Thumb Code     0  startup_stm32f746xx.o(.text)
    I2C1_EV_IRQHandler                       0x0800043f   Thumb Code     0  startup_stm32f746xx.o(.text)
    I2C2_ER_IRQHandler                       0x0800043f   Thumb Code     0  startup_stm32f746xx.o(.text)
    I2C2_EV_IRQHandler                       0x0800043f   Thumb Code     0  startup_stm32f746xx.o(.text)
    I2C3_ER_IRQHandler                       0x0800043f   Thumb Code     0  startup_stm32f746xx.o(.text)
    I2C3_EV_IRQHandler                       0x0800043f   Thumb Code     0  startup_stm32f746xx.o(.text)
    I2C4_ER_IRQHandler                       0x0800043f   Thumb Code     0  startup_stm32f746xx.o(.text)
    I2C4_EV_IRQHandler                       0x0800043f   Thumb Code     0  startup_stm32f746xx.o(.text)
    LPTIM1_IRQHandler                        0x0800043f   Thumb Code     0  startup_stm32f746xx.o(.text)
    LTDC_ER_IRQHandler                       0x0800043f   Thumb Code     0  startup_stm32f746xx.o(.text)
    LTDC_IRQHandler                          0x0800043f   Thumb Code     0  startup_stm32f746xx.o(.text)
    OTG_FS_IRQHandler                        0x0800043f   Thumb Code     0  startup_stm32f746xx.o(.text)
    OTG_FS_WKUP_IRQHandler                   0x0800043f   Thumb Code     0  startup_stm32f746xx.o(.text)
    OTG_HS_EP1_IN_IRQHandler                 0x0800043f   Thumb Code     0  startup_stm32f746xx.o(.text)
    OTG_HS_EP1_OUT_IRQHandler                0x0800043f   Thumb Code     0  startup_stm32f746xx.o(.text)
    OTG_HS_IRQHandler                        0x0800043f   Thumb Code     0  startup_stm32f746xx.o(.text)
    OTG_HS_WKUP_IRQHandler                   0x0800043f   Thumb Code     0  startup_stm32f746xx.o(.text)
    PVD_IRQHandler                           0x0800043f   Thumb Code     0  startup_stm32f746xx.o(.text)
    QUADSPI_IRQHandler                       0x0800043f   Thumb Code     0  startup_stm32f746xx.o(.text)
    RCC_IRQHandler                           0x0800043f   Thumb Code     0  startup_stm32f746xx.o(.text)
    RNG_IRQHandler                           0x0800043f   Thumb Code     0  startup_stm32f746xx.o(.text)
    RTC_Alarm_IRQHandler                     0x0800043f   Thumb Code     0  startup_stm32f746xx.o(.text)
    RTC_WKUP_IRQHandler                      0x0800043f   Thumb Code     0  startup_stm32f746xx.o(.text)
    SAI1_IRQHandler                          0x0800043f   Thumb Code     0  startup_stm32f746xx.o(.text)
    SAI2_IRQHandler                          0x0800043f   Thumb Code     0  startup_stm32f746xx.o(.text)
    SDMMC1_IRQHandler                        0x0800043f   Thumb Code     0  startup_stm32f746xx.o(.text)
    SPDIF_RX_IRQHandler                      0x0800043f   Thumb Code     0  startup_stm32f746xx.o(.text)
    SPI1_IRQHandler                          0x0800043f   Thumb Code     0  startup_stm32f746xx.o(.text)
    SPI2_IRQHandler                          0x0800043f   Thumb Code     0  startup_stm32f746xx.o(.text)
    SPI3_IRQHandler                          0x0800043f   Thumb Code     0  startup_stm32f746xx.o(.text)
    SPI4_IRQHandler                          0x0800043f   Thumb Code     0  startup_stm32f746xx.o(.text)
    SPI5_IRQHandler                          0x0800043f   Thumb Code     0  startup_stm32f746xx.o(.text)
    SPI6_IRQHandler                          0x0800043f   Thumb Code     0  startup_stm32f746xx.o(.text)
    TAMP_STAMP_IRQHandler                    0x0800043f   Thumb Code     0  startup_stm32f746xx.o(.text)
    TIM1_BRK_TIM9_IRQHandler                 0x0800043f   Thumb Code     0  startup_stm32f746xx.o(.text)
    TIM1_CC_IRQHandler                       0x0800043f   Thumb Code     0  startup_stm32f746xx.o(.text)
    TIM1_TRG_COM_TIM11_IRQHandler            0x0800043f   Thumb Code     0  startup_stm32f746xx.o(.text)
    TIM1_UP_TIM10_IRQHandler                 0x0800043f   Thumb Code     0  startup_stm32f746xx.o(.text)
    TIM2_IRQHandler                          0x0800043f   Thumb Code     0  startup_stm32f746xx.o(.text)
    TIM3_IRQHandler                          0x0800043f   Thumb Code     0  startup_stm32f746xx.o(.text)
    TIM4_IRQHandler                          0x0800043f   Thumb Code     0  startup_stm32f746xx.o(.text)
    TIM5_IRQHandler                          0x0800043f   Thumb Code     0  startup_stm32f746xx.o(.text)
    TIM6_DAC_IRQHandler                      0x0800043f   Thumb Code     0  startup_stm32f746xx.o(.text)
    TIM7_IRQHandler                          0x0800043f   Thumb Code     0  startup_stm32f746xx.o(.text)
    TIM8_BRK_TIM12_IRQHandler                0x0800043f   Thumb Code     0  startup_stm32f746xx.o(.text)
    TIM8_CC_IRQHandler                       0x0800043f   Thumb Code     0  startup_stm32f746xx.o(.text)
    TIM8_TRG_COM_TIM14_IRQHandler            0x0800043f   Thumb Code     0  startup_stm32f746xx.o(.text)
    TIM8_UP_TIM13_IRQHandler                 0x0800043f   Thumb Code     0  startup_stm32f746xx.o(.text)
    UART4_IRQHandler                         0x0800043f   Thumb Code     0  startup_stm32f746xx.o(.text)
    UART5_IRQHandler                         0x0800043f   Thumb Code     0  startup_stm32f746xx.o(.text)
    UART7_IRQHandler                         0x0800043f   Thumb Code     0  startup_stm32f746xx.o(.text)
    UART8_IRQHandler                         0x0800043f   Thumb Code     0  startup_stm32f746xx.o(.text)
    USART1_IRQHandler                        0x0800043f   Thumb Code     0  startup_stm32f746xx.o(.text)
    USART2_IRQHandler                        0x0800043f   Thumb Code     0  startup_stm32f746xx.o(.text)
    USART3_IRQHandler                        0x0800043f   Thumb Code     0  startup_stm32f746xx.o(.text)
    USART6_IRQHandler                        0x0800043f   Thumb Code     0  startup_stm32f746xx.o(.text)
    WWDG_IRQHandler                          0x0800043f   Thumb Code     0  startup_stm32f746xx.o(.text)
    __user_initial_stackheap                 0x08000441   Thumb Code     0  startup_stm32f746xx.o(.text)
    __user_libspace                          0x08000465   Thumb Code     8  libspace.o(.text)
    __user_perproc_libspace                  0x08000465   Thumb Code     0  libspace.o(.text)
    exit                                     0x0800046d   Thumb Code    18  exit.o(.text)
    __aeabi_memcpy4                          0x0800047f   Thumb Code     0  rt_memcpy_w.o(.text)
    __aeabi_memcpy8                          0x0800047f   Thumb Code     0  rt_memcpy_w.o(.text)
    __rt_memcpy_w                            0x0800047f   Thumb Code   100  rt_memcpy_w.o(.text)
    _memcpy_lastbytes_aligned                0x080004c7   Thumb Code     0  rt_memcpy_w.o(.text)
    __use_two_region_memory                  0x080004e3   Thumb Code     2  heapauxi.o(.text)
    __rt_heap_escrow$2region                 0x080004e5   Thumb Code     2  heapauxi.o(.text)
    __rt_heap_expand$2region                 0x080004e7   Thumb Code     2  heapauxi.o(.text)
    _sys_exit                                0x080004e9   Thumb Code     8  sys_exit.o(.text)
    __user_setup_stackheap                   0x080004f5   Thumb Code    74  sys_stackheap_outer.o(.text)
    __I$use$semihosting                      0x0800053f   Thumb Code     0  use_no_semi.o(.text)
    __use_no_semihosting_swi                 0x0800053f   Thumb Code     2  use_no_semi.o(.text)
    SVC_Count                                0x08000540   Data           4  svc_table.o(SVC_TABLE)
    __semihosting_library_function           0x08000541   Thumb Code     0  indicate_semi.o(.text)
    BSP_SDRAM_Init                           0x08000545   Thumb Code   122  stm32746g_discovery_sdram.o(i.BSP_SDRAM_Init)
    SVC_Table                                0x08000544   Data           0  svc_table.o(SVC_TABLE)
    BSP_SDRAM_Initialization_sequence        0x080005d1   Thumb Code   142  stm32746g_discovery_sdram.o(i.BSP_SDRAM_Initialization_sequence)
    BSP_SDRAM_MspInit                        0x08000669   Thumb Code   418  stm32746g_discovery_sdram.o(i.BSP_SDRAM_MspInit)
    BSP_TS_GetState                          0x08000831   Thumb Code   526  stm32746g_discovery_ts.o(i.BSP_TS_GetState)
    BSP_TS_Get_GestureId                     0x08000a5d   Thumb Code   106  stm32746g_discovery_ts.o(i.BSP_TS_Get_GestureId)
    BSP_TS_ITConfig                          0x08000acd   Thumb Code    64  stm32746g_discovery_ts.o(i.BSP_TS_ITConfig)
    BSP_TS_Init                              0x08000b1d   Thumb Code    74  stm32746g_discovery_ts.o(i.BSP_TS_Init)
    EXTI0_IRQHandler                         0x08000cd7   Thumb Code    34  pircontroller.o(i.EXTI0_IRQHandler)
    EXTI15_10_IRQHandler                     0x08000cf9   Thumb Code    20  touchinputcontroller.o(i.EXTI15_10_IRQHandler)
    EXTI4_IRQHandler                         0x08000d11   Thumb Code    28  ledbuzzercontroller.o(i.EXTI4_IRQHandler)
    FMC_SDRAM_Init                           0x08000d2d   Thumb Code   116  stm32f7xx_ll_fmc.o(i.FMC_SDRAM_Init)
    FMC_SDRAM_ProgramRefreshRate             0x08000da1   Thumb Code    14  stm32f7xx_ll_fmc.o(i.FMC_SDRAM_ProgramRefreshRate)
    FMC_SDRAM_SendCommand                    0x08000daf   Thumb Code    82  stm32f7xx_ll_fmc.o(i.FMC_SDRAM_SendCommand)
    FMC_SDRAM_Timing_Init                    0x08000e01   Thumb Code   152  stm32f7xx_ll_fmc.o(i.FMC_SDRAM_Timing_Init)
    GLCD_ClearScreen                         0x08000e9d   Thumb Code    26  glcd_746g_discovery.o(i.GLCD_ClearScreen)
    GLCD_DrawChar                            0x08000ec1   Thumb Code   198  glcd_746g_discovery.o(i.GLCD_DrawChar)
    GLCD_DrawHLine                           0x08000f99   Thumb Code    36  glcd_746g_discovery.o(i.GLCD_DrawHLine)
    GLCD_DrawRectangle                       0x08000fc5   Thumb Code    54  glcd_746g_discovery.o(i.GLCD_DrawRectangle)
    GLCD_DrawString                          0x08000ffd   Thumb Code    38  glcd_746g_discovery.o(i.GLCD_DrawString)
    GLCD_DrawVLine                           0x08001029   Thumb Code    38  glcd_746g_discovery.o(i.GLCD_DrawVLine)
    GLCD_Initialize                          0x08001059   Thumb Code   502  glcd_746g_discovery.o(i.GLCD_Initialize)
    GLCD_SetBackgroundColor                  0x08001271   Thumb Code    10  glcd_746g_discovery.o(i.GLCD_SetBackgroundColor)
    GLCD_SetFont                             0x08001281   Thumb Code    10  glcd_746g_discovery.o(i.GLCD_SetFont)
    GLCD_SetForegroundColor                  0x08001291   Thumb Code    10  glcd_746g_discovery.o(i.GLCD_SetForegroundColor)
    HAL_DMA_DeInit                           0x080012a1   Thumb Code    98  stm32f7xx_hal_dma.o(i.HAL_DMA_DeInit)
    HAL_DMA_Init                             0x08001305   Thumb Code   228  stm32f7xx_hal_dma.o(i.HAL_DMA_Init)
    HAL_Delay                                0x080013ed   Thumb Code    26  stm32f7xx_hal.o(i.HAL_Delay)
    HAL_GPIO_EXTI_Callback                   0x08001407   Thumb Code    98  pircontroller.o(i.HAL_GPIO_EXTI_Callback)
    HAL_GPIO_EXTI_IRQHandler                 0x08001469   Thumb Code    24  stm32f7xx_hal_gpio.o(i.HAL_GPIO_EXTI_IRQHandler)
    HAL_GPIO_Init                            0x08001485   Thumb Code   484  stm32f7xx_hal_gpio.o(i.HAL_GPIO_Init)
    HAL_GPIO_WritePin                        0x0800169d   Thumb Code    12  stm32f7xx_hal_gpio.o(i.HAL_GPIO_WritePin)
    HAL_GetTick                              0x080016a9   Thumb Code     6  main.o(i.HAL_GetTick)
    HAL_I2C_DeInit                           0x080016b5   Thumb Code    60  stm32f7xx_hal_i2c.o(i.HAL_I2C_DeInit)
    HAL_I2C_GetState                         0x080016f1   Thumb Code     8  stm32f7xx_hal_i2c.o(i.HAL_I2C_GetState)
    HAL_I2C_Init                             0x080016f9   Thumb Code   192  stm32f7xx_hal_i2c.o(i.HAL_I2C_Init)
    HAL_I2C_Mem_Read                         0x080017bd   Thumb Code   438  stm32f7xx_hal_i2c.o(i.HAL_I2C_Mem_Read)
    HAL_I2C_Mem_Write                        0x08001979   Thumb Code   436  stm32f7xx_hal_i2c.o(i.HAL_I2C_Mem_Write)
    HAL_I2C_MspDeInit                        0x08001b31   Thumb Code     2  stm32f7xx_hal_i2c.o(i.HAL_I2C_MspDeInit)
    HAL_I2C_MspInit                          0x08001b33   Thumb Code     2  stm32f7xx_hal_i2c.o(i.HAL_I2C_MspInit)
    HAL_Init                                 0x08001b35   Thumb Code    34  stm32f7xx_hal.o(i.HAL_Init)
    HAL_InitTick                             0x08001b5d   Thumb Code    36  stm32f7xx_hal.o(i.HAL_InitTick)
    HAL_LTDC_ConfigLayer                     0x08001b85   Thumb Code    94  stm32f7xx_hal_ltdc.o(i.HAL_LTDC_ConfigLayer)
    HAL_LTDC_Init                            0x08001be5   Thumb Code   290  stm32f7xx_hal_ltdc.o(i.HAL_LTDC_Init)
    HAL_LTDC_MspInit                         0x08001d0d   Thumb Code     2  stm32f7xx_hal_ltdc.o(i.HAL_LTDC_MspInit)
    HAL_MspInit                              0x08001d0f   Thumb Code     2  stm32f7xx_hal.o(i.HAL_MspInit)
    HAL_NVIC_DisableIRQ                      0x08001d11   Thumb Code    22  stm32f7xx_hal_cortex.o(i.HAL_NVIC_DisableIRQ)
    HAL_NVIC_EnableIRQ                       0x08001d2d   Thumb Code    26  stm32f7xx_hal_cortex.o(i.HAL_NVIC_EnableIRQ)
    HAL_NVIC_SetPriority                     0x08001d47   Thumb Code   124  stm32f7xx_hal_cortex.o(i.HAL_NVIC_SetPriority)
    HAL_NVIC_SetPriorityGrouping             0x08001dc5   Thumb Code    32  stm32f7xx_hal_cortex.o(i.HAL_NVIC_SetPriorityGrouping)
    HAL_PWREx_EnableOverDrive                0x08001ded   Thumb Code   136  stm32f7xx_hal_pwr_ex.o(i.HAL_PWREx_EnableOverDrive)
    HAL_RCCEx_PeriphCLKConfig                0x08001e7d   Thumb Code  2322  stm32f7xx_hal_rcc_ex.o(i.HAL_RCCEx_PeriphCLKConfig)
    HAL_RCC_ClockConfig                      0x08002795   Thumb Code   420  stm32f7xx_hal_rcc.o(i.HAL_RCC_ClockConfig)
    HAL_RCC_GetSysClockFreq                  0x08002949   Thumb Code   168  stm32f7xx_hal_rcc.o(i.HAL_RCC_GetSysClockFreq)
    HAL_RCC_OscConfig                        0x080029fd   Thumb Code  1252  stm32f7xx_hal_rcc.o(i.HAL_RCC_OscConfig)
    HAL_SDRAM_Init                           0x08002ee5   Thumb Code    64  stm32f7xx_hal_sdram.o(i.HAL_SDRAM_Init)
    HAL_SDRAM_MspInit                        0x08002f25   Thumb Code     2  stm32f7xx_hal_sdram.o(i.HAL_SDRAM_MspInit)
    HAL_SDRAM_ProgramRefreshRate             0x08002f27   Thumb Code    40  stm32f7xx_hal_sdram.o(i.HAL_SDRAM_ProgramRefreshRate)
    HAL_SDRAM_SendCommand                    0x08002f4f   Thumb Code    58  stm32f7xx_hal_sdram.o(i.HAL_SDRAM_SendCommand)
    HAL_SYSTICK_Config                       0x08002f89   Thumb Code    52  stm32f7xx_hal_cortex.o(i.HAL_SYSTICK_Config)
    SystemInit                               0x0800383d   Thumb Code    82  system_stm32f7xx.o(i.SystemInit)
    TS_IO_Delay                              0x080038a1   Thumb Code    12  stm32746g_discovery.o(i.TS_IO_Delay)
    TS_IO_Init                               0x080038ad   Thumb Code    10  stm32746g_discovery.o(i.TS_IO_Init)
    TS_IO_Read                               0x080038bd   Thumb Code    36  stm32746g_discovery.o(i.TS_IO_Read)
    TS_IO_Write                              0x080038e5   Thumb Code    32  stm32746g_discovery.o(i.TS_IO_Write)
    Touch_GetState                           0x08003909   Thumb Code    60  touch_746g_discovery.o(i.Touch_GetState)
    Touch_Initialize                         0x08003945   Thumb Code    28  touch_746g_discovery.o(i.Touch_Initialize)
    _init_box                                0x08003961   Thumb Code    70  rt_membox.o(i._init_box)
    _mutex_acquire                           0x080039a9   Thumb Code    22  rtx_conf_cm.o(i._mutex_acquire)
    _mutex_release                           0x080039c9   Thumb Code    18  rtx_conf_cm.o(i._mutex_release)
    addKey                                   0x080039e5   Thumb Code   128  touchinputcontroller.o(i.addKey)
    clearInput                               0x08003a75   Thumb Code    28  touchinputcontroller.o(i.clearInput)
    dbg_init                                 0x08003a99   Thumb Code    34  hal_cm.o(i.dbg_init)
    dbg_task_notify                          0x08003ac9   Thumb Code    32  hal_cm.o(i.dbg_task_notify)
    dbg_task_switch                          0x08003ae9   Thumb Code    16  hal_cm.o(i.dbg_task_switch)
    delayMicro                               0x08003af9   Thumb Code    12  gpiocontroller.o(i.delayMicro)
    digitalWrite                             0x08003b05   Thumb Code    56  gpiocontroller.o(i.digitalWrite)
    drawKeypad                               0x08003b41   Thumb Code   778  touchinputcontroller.o(i.drawKeypad)
    enableClocksGPIO                         0x08003e75   Thumb Code   136  gpiocontroller.o(i.enableClocksGPIO)
    ft5336_Init                              0x08003f25   Thumb Code    16  ft5336.o(i.ft5336_Init)
    ft5336_ReadID                            0x08003f35   Thumb Code    58  ft5336.o(i.ft5336_ReadID)
    ft5336_Reset                             0x08003f6f   Thumb Code     2  ft5336.o(i.ft5336_Reset)
    ft5336_TS_ClearIT                        0x08003f71   Thumb Code     2  ft5336.o(i.ft5336_TS_ClearIT)
    ft5336_TS_DetectTouch                    0x08003f79   Thumb Code    58  ft5336.o(i.ft5336_TS_DetectTouch)
    ft5336_TS_DisableIT                      0x08003fb9   Thumb Code    20  ft5336.o(i.ft5336_TS_DisableIT)
    ft5336_TS_EnableIT                       0x08003fcd   Thumb Code    20  ft5336.o(i.ft5336_TS_EnableIT)
    ft5336_TS_GetGestureID                   0x08003fe1   Thumb Code    28  ft5336.o(i.ft5336_TS_GetGestureID)
    ft5336_TS_GetTouchInfo                   0x08003ffd   Thumb Code   258  ft5336.o(i.ft5336_TS_GetTouchInfo)
    ft5336_TS_GetXY                          0x08004105   Thumb Code   346  ft5336.o(i.ft5336_TS_GetXY)
    ft5336_TS_ITStatus                       0x08004269   Thumb Code     6  ft5336.o(i.ft5336_TS_ITStatus)
    ft5336_TS_Start                          0x0800426f   Thumb Code    22  ft5336.o(i.ft5336_TS_Start)
    getPin                                   0x08004285   Thumb Code    14  gpiocontroller.o(i.getPin)
    getPressedKey                            0x08004299   Thumb Code   752  touchinputcontroller.o(i.getPressedKey)
    getTouch                                 0x08004599   Thumb Code    36  touchinputcontroller.o(i.getTouch)
    initButton                               0x080045bd   Thumb Code    36  ledbuzzercontroller.o(i.initButton)
    initBuzzer                               0x080045e5   Thumb Code    22  ledbuzzercontroller.o(i.initBuzzer)
    initGLCD                                 0x080045fd   Thumb Code    66  touchinputcontroller.o(i.initGLCD)
    initGPIO                                 0x08004685   Thumb Code    66  gpiocontroller.o(i.initGPIO)
    initLed                                  0x080046cd   Thumb Code    22  ledbuzzercontroller.o(i.initLed)
    initMotor                                0x080046e3   Thumb Code    22  motorcontroller.o(i.initMotor)
    initPir                                  0x080046f9   Thumb Code    36  pircontroller.o(i.initPir)
    isrMessageGet                            0x08004721   Thumb Code    42  rt_cmsis.o(i.isrMessageGet)
    isrMessagePut                            0x0800474b   Thumb Code    44  rt_cmsis.o(i.isrMessagePut)
    isr_mbx_receive                          0x08004779   Thumb Code    82  rt_mailbox.o(i.isr_mbx_receive)
    isr_mbx_send                             0x080047cb   Thumb Code    14  rt_mailbox.o(i.isr_mbx_send)
    main                                     0x080047d9   Thumb Code    56  main.o(i.main)
    moveDoor                                 0x08004811   Thumb Code    28  motorcontroller.o(i.moveDoor)
    osKernelInitialize                       0x08004831   Thumb Code    30  rt_cmsis.o(i.osKernelInitialize)
    osKernelStart                            0x08004855   Thumb Code    98  rt_cmsis.o(i.osKernelStart)
    osMessageGet                             0x080048c1   Thumb Code    18  rt_cmsis.o(i.osMessageGet)
    osThreadCreate                           0x080048d9   Thumb Code    38  rt_cmsis.o(i.osThreadCreate)
    osThreadExit                             0x08004909   Thumb Code    14  rt_cmsis.o(i.osThreadExit)
    osTimerCall                              0x08004921   Thumb Code     8  rt_cmsis.o(i.osTimerCall)
    osTimerThread                            0x0800492d   Thumb Code    38  rt_cmsis.o(i.osTimerThread)
    os_error                                 0x08004959   Thumb Code    34  rtx_conf_cm.o(i.os_error)
    os_idle_demon                            0x0800497b   Thumb Code     4  rtx_conf_cm.o(i.os_idle_demon)
    os_tick_init                             0x08004981   Thumb Code    32  rt_system.o(i.os_tick_init)
    os_tick_irqack                           0x080049a9   Thumb Code     2  rt_system.o(i.os_tick_irqack)
    rightPass                                0x080049ad   Thumb Code    26  touchinputcontroller.o(i.rightPass)
    rt_alloc_box                             0x080049dd   Thumb Code    26  rt_membox.o(i.rt_alloc_box)
    rt_alloc_mem                             0x080049f7   Thumb Code    62  rt_memory.o(i.rt_alloc_mem)
    rt_block                                 0x08004a35   Thumb Code    48  rt_task.o(i.rt_block)
    rt_chk_robin                             0x08004a6d   Thumb Code    60  rt_robin.o(i.rt_chk_robin)
    rt_dec_dly                               0x08004ab5   Thumb Code   102  rt_list.o(i.rt_dec_dly)
    rt_dispatch                              0x08004b25   Thumb Code    60  rt_task.o(i.rt_dispatch)
    rt_evt_psh                               0x08004b69   Thumb Code    76  rt_event.o(i.rt_evt_psh)
    rt_free_box                              0x08004bb9   Thumb Code    44  rt_membox.o(i.rt_free_box)
    rt_free_mem                              0x08004be5   Thumb Code    40  rt_memory.o(i.rt_free_mem)
    rt_get_first                             0x08004c0d   Thumb Code    40  rt_list.o(i.rt_get_first)
    rt_init_mem                              0x08004c85   Thumb Code    26  rt_memory.o(i.rt_init_mem)
    rt_init_robin                            0x08004ca1   Thumb Code    14  rt_robin.o(i.rt_init_robin)
    rt_init_stack                            0x08004cb9   Thumb Code   118  hal_cm.o(i.rt_init_stack)
    rt_mbx_check                             0x08004d39   Thumb Code     8  rt_mailbox.o(i.rt_mbx_check)
    rt_mbx_init                              0x08004d41   Thumb Code    26  rt_mailbox.o(i.rt_mbx_init)
    rt_mbx_psh                               0x08004d5d   Thumb Code   236  rt_mailbox.o(i.rt_mbx_psh)
    rt_mbx_wait                              0x08004e4d   Thumb Code   174  rt_mailbox.o(i.rt_mbx_wait)
    rt_mut_release                           0x08004f45   Thumb Code   208  rt_mutex.o(i.rt_mut_release)
    rt_mut_wait                              0x0800501d   Thumb Code   100  rt_mutex.o(i.rt_mut_wait)
    rt_pop_req                               0x08005085   Thumb Code   112  rt_system.o(i.rt_pop_req)
    rt_psh_req                               0x08005101   Thumb Code    22  rt_system.o(i.rt_psh_req)
    rt_psq_enq                               0x08005121   Thumb Code    88  rt_list.o(i.rt_psq_enq)
    rt_put_dly                               0x0800517d   Thumb Code    68  rt_list.o(i.rt_put_dly)
    rt_put_prio                              0x080051c5   Thumb Code    54  rt_list.o(i.rt_put_prio)
    rt_put_rdy_first                         0x080051fd   Thumb Code    14  rt_list.o(i.rt_put_rdy_first)
    rt_resort_prio                           0x08005211   Thumb Code    46  rt_list.o(i.rt_resort_prio)
    rt_ret_val                               0x08005255   Thumb Code    12  hal_cm.o(i.rt_ret_val)
    rt_ret_val2                              0x08005261   Thumb Code    16  hal_cm.o(i.rt_ret_val2)
    rt_rmv_dly                               0x08005271   Thumb Code    40  rt_list.o(i.rt_rmv_dly)
    rt_rmv_list                              0x08005299   Thumb Code    44  rt_list.o(i.rt_rmv_list)
    rt_sem_psh                               0x080052c9   Thumb Code    48  rt_semaphore.o(i.rt_sem_psh)
    rt_stk_check                             0x080052fd   Thumb Code    28  rt_system.o(i.rt_stk_check)
    rt_switch_req                            0x08005321   Thumb Code    30  rt_task.o(i.rt_switch_req)
    rt_sys_init                              0x08005349   Thumb Code   138  rt_task.o(i.rt_sys_init)
    rt_sys_start                             0x08005415   Thumb Code   110  rt_task.o(i.rt_sys_start)
    rt_systick                               0x0800548d   Thumb Code    50  rt_system.o(i.rt_systick)
    rt_tsk_create                            0x08005515   Thumb Code   118  rt_task.o(i.rt_tsk_create)
    rt_tsk_delete                            0x0800559d   Thumb Code   352  rt_task.o(i.rt_tsk_delete)
    rt_tsk_prio                              0x08005719   Thumb Code   108  rt_task.o(i.rt_tsk_prio)
    rt_tsk_self                              0x08005795   Thumb Code    12  rt_task.o(i.rt_tsk_self)
    startAlarm                               0x080057a5   Thumb Code    28  ledbuzzercontroller.o(i.startAlarm)
    startLights                              0x080057c1   Thumb Code    20  ledbuzzercontroller.o(i.startLights)
    stopAlarm                                0x080057d5   Thumb Code    28  ledbuzzercontroller.o(i.stopAlarm)
    svcKernelInitialize                      0x080057f1   Thumb Code    80  rt_cmsis.o(i.svcKernelInitialize)
    svcKernelStart                           0x08005861   Thumb Code    62  rt_cmsis.o(i.svcKernelStart)
    svcMessageCreate                         0x080058a9   Thumb Code    36  rt_cmsis.o(i.svcMessageCreate)
    svcMessageGet                            0x080058cd   Thumb Code    58  rt_cmsis.o(i.svcMessageGet)
    svcThreadCreate                          0x08005909   Thumb Code   100  rt_cmsis.o(i.svcThreadCreate)
    svcThreadGetId                           0x08005979   Thumb Code    22  rt_cmsis.o(i.svcThreadGetId)
    svcThreadTerminate                       0x08005995   Thumb Code    50  rt_cmsis.o(i.svcThreadTerminate)
    svcTimerCall                             0x080059cd   Thumb Code    24  rt_cmsis.o(i.svcTimerCall)
    sysTimerTick                             0x080059e5   Thumb Code    84  rt_cmsis.o(i.sysTimerTick)
    wrongPass                                0x08005a41   Thumb Code    42  touchinputcontroller.o(i.wrongPass)
    _fp_init                                 0x08005a81   Thumb Code    10  fpinit.o(x$fpl$fpinit)
    __fplib_config_fpu_vfp                   0x08005a89   Thumb Code     0  fpinit.o(x$fpl$fpinit)
    __fplib_config_pureend_doubles           0x08005a89   Thumb Code     0  fpinit.o(x$fpl$fpinit)
    GLCD_Font_6x8                            0x0800738c   Data          16  glcd_fonts.o(.constdata)
    GLCD_Font_16x24                          0x0800739c   Data          16  glcd_fonts.o(.constdata)
    os_maxtaskrun                            0x080073ac   Data           2  rtx_conf_cm.o(.constdata)
    os_stackinfo                             0x080073b0   Data           4  rtx_conf_cm.o(.constdata)
    os_rrobin                                0x080073b4   Data           4  rtx_conf_cm.o(.constdata)
    os_tickfreq                              0x080073b8   Data           4  rtx_conf_cm.o(.constdata)
    os_tickus_i                              0x080073bc   Data           2  rtx_conf_cm.o(.constdata)
    os_tickus_f                              0x080073be   Data           2  rtx_conf_cm.o(.constdata)
    os_trv                                   0x080073c0   Data           4  rtx_conf_cm.o(.constdata)
    os_flags                                 0x080073c4   Data           1  rtx_conf_cm.o(.constdata)
    CMSIS_RTOS_API_Version                   0x080073c8   Data           4  rtx_conf_cm.o(.constdata)
    CMSIS_RTOS_RTX_Version                   0x080073cc   Data           4  rtx_conf_cm.o(.constdata)
    os_clockrate                             0x080073d0   Data           4  rtx_conf_cm.o(.constdata)
    os_timernum                              0x080073d4   Data           4  rtx_conf_cm.o(.constdata)
    mp_tcb_size                              0x080073d8   Data           2  rtx_conf_cm.o(.constdata)
    mp_stk_size                              0x080073dc   Data           4  rtx_conf_cm.o(.constdata)
    os_stack_sz                              0x080073e0   Data           4  rtx_conf_cm.o(.constdata)
    os_fifo_size                             0x080073e4   Data           1  rtx_conf_cm.o(.constdata)
    os_thread_def_osTimerThread              0x080073e8   Data          16  rtx_conf_cm.o(.constdata)
    os_messageQ_def_osTimerMessageQ          0x080073f8   Data           8  rtx_conf_cm.o(.constdata)
    mp_tmr_size                              0x08007400   Data           2  rtx_conf_cm.o(.constdata)
    AHBPrescTable                            0x0800740a   Data          16  system_stm32f7xx.o(.constdata)
    APBPrescTable                            0x0800741a   Data           8  system_stm32f7xx.o(.constdata)
    Region$$Table$$Base                      0x08007424   Number         0  anon$$obj.o(Region$$Table)
    Region$$Table$$Limit                     0x08007444   Number         0  anon$$obj.o(Region$$Table)
    box_x                                    0x20010000   Data           2  touchinputcontroller.o(.data)
    box_y                                    0x20010002   Data           2  touchinputcontroller.o(.data)
    char_x                                   0x20010004   Data           2  touchinputcontroller.o(.data)
    char_y                                   0x20010006   Data           2  touchinputcontroller.o(.data)
    w                                        0x20010008   Data           2  touchinputcontroller.o(.data)
    h                                        0x2001000a   Data           2  touchinputcontroller.o(.data)
    passInput                                0x2001000c   Data           5  touchinputcontroller.o(.data)
    inputLen                                 0x20010014   Data           4  touchinputcontroller.o(.data)
    ft5336_ts_drv                            0x20010018   Data          40  ft5336.o(.data)
    osThreadId_osTimerThread                 0x2001005c   Data           4  rtx_conf_cm.o(.data)
    osMessageQId_osTimerMessageQ             0x20010060   Data           4  rtx_conf_cm.o(.data)
    os_tmr                                   0x20010064   Data           4  rtx_conf_cm.o(.data)
    m_tmr                                    0x20010068   Data           4  rtx_conf_cm.o(.data)
    os_thread_def_main                       0x20010070   Data          16  rtx_conf_cm.o(.data)
    SystemCoreClock                          0x20010080   Data           4  system_stm32f7xx.o(.data)
    os_initialized                           0x20010084   Data           1  rt_cmsis.o(.data)
    os_running                               0x20010085   Data           1  rt_cmsis.o(.data)
    os_timer_head                            0x20010088   Data           4  rt_cmsis.o(.data)
    os_tsk                                   0x2001008c   Data           8  rt_task.o(.data)
    os_time                                  0x20010094   Data           4  rt_time.o(.data)
    os_tick_irqn                             0x2001009c   Data           4  rt_system.o(.data)
    os_robin                                 0x200100a0   Data           8  rt_robin.o(.data)
    dbg_msg                                  0x200100a8   Data           1  hal_cm.o(.data)
    sdramHandle                              0x20010144   Data          52  stm32746g_discovery_sdram.o(.bss)
    mp_tcb                                   0x20010338   Data         376  rtx_conf_cm.o(.bss)
    mp_stk                                   0x200104b0   Data        1216  rtx_conf_cm.o(.bss)
    os_stack_mem                             0x20010970   Data         432  rtx_conf_cm.o(.bss)
    os_fifo                                  0x20010b20   Data         132  rtx_conf_cm.o(.bss)
    os_active_TCB                            0x20010ba4   Data          28  rtx_conf_cm.o(.bss)
    os_messageQ_q_osTimerMessageQ            0x20010bc0   Data          32  rtx_conf_cm.o(.bss)
    os_idle_TCB                              0x20010f00   Data          52  rt_task.o(.bss)
    os_rdy                                   0x20010f34   Data          24  rt_list.o(.bss)
    os_dly                                   0x20010f4c   Data          24  rt_list.o(.bss)
    __libspace_start                         0x20010f64   Data          96  libspace.o(.bss)
    __temporary_stack_top$libspace           0x20010fc4   Data           0  libspace.o(.bss)



==============================================================================

Memory Map of the image

  Image Entry point : 0x08000425

  Load Region LR_1 (Base: 0x08000000, Size: 0x000074f0, Max: 0xffffffff, ABSOLUTE)

    Execution Region ER_RO (Base: 0x08000000, Size: 0x00007444, Max: 0xffffffff, ABSOLUTE)

    Base Addr    Size         Type   Attr      Idx    E Section Name        Object

    0x08000000   0x000001c8   Data   RO         6773    RESET               startup_stm32f746xx.o
    0x080001c8   0x00000008   Code   RO         8047  * !!!main             c_w.l(__main.o)
    0x080001d0   0x00000034   Code   RO         8208    !!!scatter          c_w.l(__scatter.o)
    0x08000204   0x0000001a   Code   RO         8210    !!handler_copy      c_w.l(__scatter_copy.o)
    0x0800021e   0x00000002   PAD
    0x08000220   0x0000001c   Code   RO         8212    !!handler_zi        c_w.l(__scatter_zi.o)
    0x0800023c   0x00000002   Code   RO         8094    .ARM.Collect$$libinit$$00000000  c_w.l(libinit.o)
    0x0800023e   0x00000004   Code   RO         8105    .ARM.Collect$$libinit$$00000001  c_w.l(libinit2.o)
    0x08000242   0x00000000   Code   RO         8108    .ARM.Collect$$libinit$$00000004  c_w.l(libinit2.o)
    0x08000242   0x00000000   Code   RO         8111    .ARM.Collect$$libinit$$0000000A  c_w.l(libinit2.o)
    0x08000242   0x00000000   Code   RO         8113    .ARM.Collect$$libinit$$0000000C  c_w.l(libinit2.o)
    0x08000242   0x00000000   Code   RO         8115    .ARM.Collect$$libinit$$0000000E  c_w.l(libinit2.o)
    0x08000242   0x00000000   Code   RO         8118    .ARM.Collect$$libinit$$00000011  c_w.l(libinit2.o)
    0x08000242   0x00000000   Code   RO         8120    .ARM.Collect$$libinit$$00000013  c_w.l(libinit2.o)
    0x08000242   0x00000000   Code   RO         8122    .ARM.Collect$$libinit$$00000015  c_w.l(libinit2.o)
    0x08000242   0x00000000   Code   RO         8124    .ARM.Collect$$libinit$$00000017  c_w.l(libinit2.o)
    0x08000242   0x00000000   Code   RO         8126    .ARM.Collect$$libinit$$00000019  c_w.l(libinit2.o)
    0x08000242   0x00000000   Code   RO         8128    .ARM.Collect$$libinit$$0000001B  c_w.l(libinit2.o)
    0x08000242   0x00000000   Code   RO         8130    .ARM.Collect$$libinit$$0000001D  c_w.l(libinit2.o)
    0x08000242   0x00000000   Code   RO         8132    .ARM.Collect$$libinit$$0000001F  c_w.l(libinit2.o)
    0x08000242   0x00000000   Code   RO         8134    .ARM.Collect$$libinit$$00000021  c_w.l(libinit2.o)
    0x08000242   0x00000000   Code   RO         8136    .ARM.Collect$$libinit$$00000023  c_w.l(libinit2.o)
    0x08000242   0x00000000   Code   RO         8138    .ARM.Collect$$libinit$$00000025  c_w.l(libinit2.o)
    0x08000242   0x00000000   Code   RO         8142    .ARM.Collect$$libinit$$0000002C  c_w.l(libinit2.o)
    0x08000242   0x00000000   Code   RO         8144    .ARM.Collect$$libinit$$0000002E  c_w.l(libinit2.o)
    0x08000242   0x00000000   Code   RO         8146    .ARM.Collect$$libinit$$00000030  c_w.l(libinit2.o)
    0x08000242   0x00000000   Code   RO         8148    .ARM.Collect$$libinit$$00000032  c_w.l(libinit2.o)
    0x08000242   0x00000002   Code   RO         8149    .ARM.Collect$$libinit$$00000033  c_w.l(libinit2.o)
    0x08000244   0x00000002   Code   RO         8095    .ARM.Collect$$libshutdown$$00000000  c_w.l(libshutdown.o)
    0x08000246   0x00000000   Code   RO         8151    .ARM.Collect$$libshutdown$$00000002  c_w.l(libshutdown2.o)
    0x08000246   0x00000000   Code   RO         8153    .ARM.Collect$$libshutdown$$00000004  c_w.l(libshutdown2.o)
    0x08000246   0x00000000   Code   RO         8156    .ARM.Collect$$libshutdown$$00000007  c_w.l(libshutdown2.o)
    0x08000246   0x00000000   Code   RO         8159    .ARM.Collect$$libshutdown$$0000000A  c_w.l(libshutdown2.o)
    0x08000246   0x00000000   Code   RO         8161    .ARM.Collect$$libshutdown$$0000000C  c_w.l(libshutdown2.o)
    0x08000246   0x00000000   Code   RO         8164    .ARM.Collect$$libshutdown$$0000000F  c_w.l(libshutdown2.o)
    0x08000246   0x00000002   Code   RO         8165    .ARM.Collect$$libshutdown$$00000010  c_w.l(libshutdown2.o)
    0x08000248   0x00000000   Code   RO         8049    .ARM.Collect$$rtentry$$00000000  c_w.l(__rtentry.o)
    0x08000248   0x00000000   Code   RO         8057    .ARM.Collect$$rtentry$$00000002  c_w.l(__rtentry2.o)
    0x08000248   0x00000006   Code   RO         8069    .ARM.Collect$$rtentry$$00000004  c_w.l(__rtentry4.o)
    0x0800024e   0x00000000   Code   RO         8059    .ARM.Collect$$rtentry$$00000009  c_w.l(__rtentry2.o)
    0x0800024e   0x00000004   Code   RO         8060    .ARM.Collect$$rtentry$$0000000A  c_w.l(__rtentry2.o)
    0x08000252   0x00000008   Code   RO         8061    .ARM.Collect$$rtentry$$0000000B  c_w.l(__rtentry2.o)
    0x0800025a   0x00000008   Code   RO         8063    .ARM.Collect$$rtentry$$0000000D  c_w.l(__rtentry2.o)
    0x08000262   0x00000002   Code   RO         8050    .ARM.Collect$$rtexit$$00000000  c_w.l(rtexit.o)
    0x08000264   0x00000000   Code   RO         8072    .ARM.Collect$$rtexit$$00000002  c_w.l(rtexit2.o)
    0x08000264   0x00000004   Code   RO         8073    .ARM.Collect$$rtexit$$00000003  c_w.l(rtexit2.o)
    0x08000268   0x00000006   Code   RO         8074    .ARM.Collect$$rtexit$$00000004  c_w.l(rtexit2.o)
    0x0800026e   0x00000002   PAD
    0x08000270   0x0000001c   Code   RO         1381    .emb_text           rtx_conf_cm.o
    0x0800028c   0x00000198   Code   RO         8021    .emb_text           RTX_CM4.lib(hal_cm4.o)
    0x08000424   0x00000040   Code   RO         6774  * .text               startup_stm32f746xx.o
    0x08000464   0x00000008   Code   RO         8036    .text               c_w.l(libspace.o)
    0x0800046c   0x00000012   Code   RO         8041    .text               c_w.l(exit.o)
    0x0800047e   0x00000064   Code   RO         8043    .text               c_w.l(rt_memcpy_w.o)
    0x080004e2   0x00000006   Code   RO         8045    .text               c_w.l(heapauxi.o)
    0x080004e8   0x0000000c   Code   RO         8080    .text               c_w.l(sys_exit.o)
    0x080004f4   0x0000004a   Code   RO         8082    .text               c_w.l(sys_stackheap_outer.o)
    0x0800053e   0x00000002   Code   RO         8096    .text               c_w.l(use_no_semi.o)
    0x08000540   0x00000000   Code   RO         8098    .text               c_w.l(indicate_semi.o)
    0x08000540   0x00000004   Code   RO         8031    SVC_TABLE           RTX_CM4.lib(svc_table.o)
    0x08000544   0x0000008c   Code   RO         1065    i.BSP_SDRAM_Init    stm32746g_discovery_sdram.o
    0x080005d0   0x00000098   Code   RO         1066    i.BSP_SDRAM_Initialization_sequence  stm32746g_discovery_sdram.o
    0x08000668   0x000001c8   Code   RO         1068    i.BSP_SDRAM_MspInit  stm32746g_discovery_sdram.o
    0x08000830   0x0000022c   Code   RO         1147    i.BSP_TS_GetState   stm32746g_discovery_ts.o
    0x08000a5c   0x00000070   Code   RO         1148    i.BSP_TS_Get_GestureId  stm32746g_discovery_ts.o
    0x08000acc   0x00000050   Code   RO         1150    i.BSP_TS_ITConfig   stm32746g_discovery_ts.o
    0x08000b1c   0x00000064   Code   RO         1152    i.BSP_TS_Init       stm32746g_discovery_ts.o
    0x08000b80   0x00000068   Code   RO          278    i.CPU_CACHE_Enable  main.o
    0x08000be8   0x00000034   Code   RO         2123    i.DMA_CalcBaseAndBitshift  stm32f7xx_hal_dma.o
    0x08000c1c   0x000000ba   Code   RO         2124    i.DMA_CheckFifoParam  stm32f7xx_hal_dma.o
    0x08000cd6   0x00000022   Code   RO          430    i.EXTI0_IRQHandler  pircontroller.o
    0x08000cf8   0x00000018   Code   RO          473    i.EXTI15_10_IRQHandler  touchinputcontroller.o
    0x08000d10   0x0000001c   Code   RO          210    i.EXTI4_IRQHandler  ledbuzzercontroller.o
    0x08000d2c   0x00000074   Code   RO         6363    i.FMC_SDRAM_Init    stm32f7xx_ll_fmc.o
    0x08000da0   0x0000000e   Code   RO         6364    i.FMC_SDRAM_ProgramRefreshRate  stm32f7xx_ll_fmc.o
    0x08000dae   0x00000052   Code   RO         6365    i.FMC_SDRAM_SendCommand  stm32f7xx_ll_fmc.o
    0x08000e00   0x0000009c   Code   RO         6367    i.FMC_SDRAM_Timing_Init  stm32f7xx_ll_fmc.o
    0x08000e9c   0x00000024   Code   RO         1215    i.GLCD_ClearScreen  glcd_746g_discovery.o
    0x08000ec0   0x000000d8   Code   RO         1218    i.GLCD_DrawChar     glcd_746g_discovery.o
    0x08000f98   0x0000002c   Code   RO         1219    i.GLCD_DrawHLine    glcd_746g_discovery.o
    0x08000fc4   0x00000036   Code   RO         1221    i.GLCD_DrawRectangle  glcd_746g_discovery.o
    0x08000ffa   0x00000002   PAD
    0x08000ffc   0x0000002c   Code   RO         1222    i.GLCD_DrawString   glcd_746g_discovery.o
    0x08001028   0x00000030   Code   RO         1223    i.GLCD_DrawVLine    glcd_746g_discovery.o
    0x08001058   0x00000218   Code   RO         1226    i.GLCD_Initialize   glcd_746g_discovery.o
    0x08001270   0x00000010   Code   RO         1227    i.GLCD_SetBackgroundColor  glcd_746g_discovery.o
    0x08001280   0x00000010   Code   RO         1228    i.GLCD_SetFont      glcd_746g_discovery.o
    0x08001290   0x00000010   Code   RO         1229    i.GLCD_SetForegroundColor  glcd_746g_discovery.o
    0x080012a0   0x00000062   Code   RO         2128    i.HAL_DMA_DeInit    stm32f7xx_hal_dma.o
    0x08001302   0x00000002   PAD
    0x08001304   0x000000e8   Code   RO         2132    i.HAL_DMA_Init      stm32f7xx_hal_dma.o
    0x080013ec   0x0000001a   Code   RO         1452    i.HAL_Delay         stm32f7xx_hal.o
    0x08001406   0x00000062   Code   RO          431    i.HAL_GPIO_EXTI_Callback  pircontroller.o
    0x08001468   0x0000001c   Code   RO         2692    i.HAL_GPIO_EXTI_IRQHandler  stm32f7xx_hal_gpio.o
    0x08001484   0x00000218   Code   RO         2693    i.HAL_GPIO_Init     stm32f7xx_hal_gpio.o
    0x0800169c   0x0000000c   Code   RO         2697    i.HAL_GPIO_WritePin  stm32f7xx_hal_gpio.o
    0x080016a8   0x0000000c   Code   RO          279    i.HAL_GetTick       main.o
    0x080016b4   0x0000003c   Code   RO         2758    i.HAL_I2C_DeInit    stm32f7xx_hal_i2c.o
    0x080016f0   0x00000008   Code   RO         2766    i.HAL_I2C_GetState  stm32f7xx_hal_i2c.o
    0x080016f8   0x000000c4   Code   RO         2767    i.HAL_I2C_Init      stm32f7xx_hal_i2c.o
    0x080017bc   0x000001bc   Code   RO         2783    i.HAL_I2C_Mem_Read  stm32f7xx_hal_i2c.o
    0x08001978   0x000001b8   Code   RO         2786    i.HAL_I2C_Mem_Write  stm32f7xx_hal_i2c.o
    0x08001b30   0x00000002   Code   RO         2789    i.HAL_I2C_MspDeInit  stm32f7xx_hal_i2c.o
    0x08001b32   0x00000002   Code   RO         2790    i.HAL_I2C_MspInit   stm32f7xx_hal_i2c.o
    0x08001b34   0x00000028   Code   RO         1462    i.HAL_Init          stm32f7xx_hal.o
    0x08001b5c   0x00000028   Code   RO         1463    i.HAL_InitTick      stm32f7xx_hal.o
    0x08001b84   0x0000005e   Code   RO         3217    i.HAL_LTDC_ConfigLayer  stm32f7xx_hal_ltdc.o
    0x08001be2   0x00000002   PAD
    0x08001be4   0x00000128   Code   RO         3234    i.HAL_LTDC_Init     stm32f7xx_hal_ltdc.o
    0x08001d0c   0x00000002   Code   RO         3237    i.HAL_LTDC_MspInit  stm32f7xx_hal_ltdc.o
    0x08001d0e   0x00000002   Code   RO         1465    i.HAL_MspInit       stm32f7xx_hal.o
    0x08001d10   0x0000001c   Code   RO         1608    i.HAL_NVIC_DisableIRQ  stm32f7xx_hal_cortex.o
    0x08001d2c   0x0000001a   Code   RO         1609    i.HAL_NVIC_EnableIRQ  stm32f7xx_hal_cortex.o
    0x08001d46   0x0000007c   Code   RO         1615    i.HAL_NVIC_SetPriority  stm32f7xx_hal_cortex.o
    0x08001dc2   0x00000002   PAD
    0x08001dc4   0x00000028   Code   RO         1616    i.HAL_NVIC_SetPriorityGrouping  stm32f7xx_hal_cortex.o
    0x08001dec   0x00000090   Code   RO         3781    i.HAL_PWREx_EnableOverDrive  stm32f7xx_hal_pwr_ex.o
    0x08001e7c   0x00000918   Code   RO         3971    i.HAL_RCCEx_PeriphCLKConfig  stm32f7xx_hal_rcc_ex.o
    0x08002794   0x000001b4   Code   RO         3868    i.HAL_RCC_ClockConfig  stm32f7xx_hal_rcc.o
    0x08002948   0x000000b4   Code   RO         3877    i.HAL_RCC_GetSysClockFreq  stm32f7xx_hal_rcc.o
    0x080029fc   0x000004e8   Code   RO         3880    i.HAL_RCC_OscConfig  stm32f7xx_hal_rcc.o
    0x08002ee4   0x00000040   Code   RO         4644    i.HAL_SDRAM_Init    stm32f7xx_hal_sdram.o
    0x08002f24   0x00000002   Code   RO         4646    i.HAL_SDRAM_MspInit  stm32f7xx_hal_sdram.o
    0x08002f26   0x00000028   Code   RO         4647    i.HAL_SDRAM_ProgramRefreshRate  stm32f7xx_hal_sdram.o
    0x08002f4e   0x0000003a   Code   RO         4653    i.HAL_SDRAM_SendCommand  stm32f7xx_hal_sdram.o
    0x08002f88   0x00000034   Code   RO         1620    i.HAL_SYSTICK_Config  stm32f7xx_hal_cortex.o
    0x08002fbc   0x00000028   Code   RO         2809    i.I2C_Flush_TXDR    stm32f7xx_hal_i2c.o
    0x08002fe4   0x0000008c   Code   RO         2817    i.I2C_IsAcknowledgeFailed  stm32f7xx_hal_i2c.o
    0x08003070   0x0000008c   Code   RO         2820    i.I2C_RequestMemoryRead  stm32f7xx_hal_i2c.o
    0x080030fc   0x0000008c   Code   RO         2821    i.I2C_RequestMemoryWrite  stm32f7xx_hal_i2c.o
    0x08003188   0x00000030   Code   RO         2824    i.I2C_TransferConfig  stm32f7xx_hal_i2c.o
    0x080031b8   0x00000056   Code   RO         2825    i.I2C_WaitOnFlagUntilTimeout  stm32f7xx_hal_i2c.o
    0x0800320e   0x00000056   Code   RO         2827    i.I2C_WaitOnSTOPFlagUntilTimeout  stm32f7xx_hal_i2c.o
    0x08003264   0x0000005a   Code   RO         2828    i.I2C_WaitOnTXISFlagUntilTimeout  stm32f7xx_hal_i2c.o
    0x080032be   0x00000014   Code   RO          726    i.I2Cx_Error        stm32746g_discovery.o
    0x080032d2   0x00000002   PAD
    0x080032d4   0x00000050   Code   RO          727    i.I2Cx_Init         stm32746g_discovery.o
    0x08003324   0x00000164   Code   RO          729    i.I2Cx_MspInit      stm32746g_discovery.o
    0x08003488   0x0000003a   Code   RO          730    i.I2Cx_ReadMultiple  stm32746g_discovery.o
    0x080034c2   0x0000003a   Code   RO          731    i.I2Cx_WriteMultiple  stm32746g_discovery.o
    0x080034fc   0x00000212   Code   RO         3253    i.LTDC_SetConfig    stm32f7xx_hal_ltdc.o
    0x0800370e   0x00000002   PAD
    0x08003710   0x00000010   Code   RO         1622    i.NVIC_GetPriorityGrouping  stm32f7xx_hal_cortex.o
    0x08003720   0x00000028   Code   RO         1623    i.NVIC_SetPriority  stm32f7xx_hal_cortex.o
    0x08003748   0x0000009c   Code   RO          280    i.SCB_EnableDCache  main.o
    0x080037e4   0x00000056   Code   RO          281    i.SystemClock_Config  main.o
    0x0800383a   0x00000002   PAD
    0x0800383c   0x00000064   Code   RO         6782    i.SystemInit        system_stm32f7xx.o
    0x080038a0   0x0000000c   Code   RO          732    i.TS_IO_Delay       stm32746g_discovery.o
    0x080038ac   0x00000010   Code   RO          733    i.TS_IO_Init        stm32746g_discovery.o
    0x080038bc   0x00000028   Code   RO          734    i.TS_IO_Read        stm32746g_discovery.o
    0x080038e4   0x00000024   Code   RO          735    i.TS_IO_Write       stm32746g_discovery.o
    0x08003908   0x0000003c   Code   RO         1348    i.Touch_GetState    touch_746g_discovery.o
    0x08003944   0x0000001c   Code   RO         1349    i.Touch_Initialize  touch_746g_discovery.o
    0x08003960   0x00000046   Code   RO         7915    i._init_box         RTX_CM4.lib(rt_membox.o)
    0x080039a6   0x00000002   PAD
    0x080039a8   0x00000020   Code   RO         1383    i._mutex_acquire    rtx_conf_cm.o
    0x080039c8   0x0000001c   Code   RO         1385    i._mutex_release    rtx_conf_cm.o
    0x080039e4   0x00000090   Code   RO          474    i.addKey            touchinputcontroller.o
    0x08003a74   0x00000024   Code   RO          475    i.clearInput        touchinputcontroller.o
    0x08003a98   0x00000030   Code   RO         7968    i.dbg_init          RTX_CM4.lib(hal_cm.o)
    0x08003ac8   0x00000020   Code   RO         7969    i.dbg_task_notify   RTX_CM4.lib(hal_cm.o)
    0x08003ae8   0x00000010   Code   RO         7970    i.dbg_task_switch   RTX_CM4.lib(hal_cm.o)
    0x08003af8   0x0000000c   Code   RO            4    i.delayMicro        gpiocontroller.o
    0x08003b04   0x0000003c   Code   RO            6    i.digitalWrite      gpiocontroller.o
    0x08003b40   0x00000334   Code   RO          476    i.drawKeypad        touchinputcontroller.o
    0x08003e74   0x0000008c   Code   RO            7    i.enableClocksGPIO  gpiocontroller.o
    0x08003f00   0x0000000c   Code   RO          597    i.ft5336_Get_I2C_InitializedStatus  ft5336.o
    0x08003f0c   0x00000018   Code   RO          598    i.ft5336_I2C_InitializeIfRequired  ft5336.o
    0x08003f24   0x00000010   Code   RO          599    i.ft5336_Init       ft5336.o
    0x08003f34   0x0000003a   Code   RO          600    i.ft5336_ReadID     ft5336.o
    0x08003f6e   0x00000002   Code   RO          601    i.ft5336_Reset      ft5336.o
    0x08003f70   0x00000002   Code   RO          602    i.ft5336_TS_ClearIT  ft5336.o
    0x08003f72   0x00000006   Code   RO          603    i.ft5336_TS_Configure  ft5336.o
    0x08003f78   0x00000040   Code   RO          604    i.ft5336_TS_DetectTouch  ft5336.o
    0x08003fb8   0x00000014   Code   RO          605    i.ft5336_TS_DisableIT  ft5336.o
    0x08003fcc   0x00000014   Code   RO          606    i.ft5336_TS_EnableIT  ft5336.o
    0x08003fe0   0x0000001c   Code   RO          607    i.ft5336_TS_GetGestureID  ft5336.o
    0x08003ffc   0x00000108   Code   RO          608    i.ft5336_TS_GetTouchInfo  ft5336.o
    0x08004104   0x00000164   Code   RO          609    i.ft5336_TS_GetXY   ft5336.o
    0x08004268   0x00000006   Code   RO          610    i.ft5336_TS_ITStatus  ft5336.o
    0x0800426e   0x00000016   Code   RO          611    i.ft5336_TS_Start   ft5336.o
    0x08004284   0x00000014   Code   RO            8    i.getPin            gpiocontroller.o
    0x08004298   0x00000300   Code   RO          477    i.getPressedKey     touchinputcontroller.o
    0x08004598   0x00000024   Code   RO          478    i.getTouch          touchinputcontroller.o
    0x080045bc   0x00000028   Code   RO          211    i.initButton        ledbuzzercontroller.o
    0x080045e4   0x00000016   Code   RO          212    i.initBuzzer        ledbuzzercontroller.o
    0x080045fa   0x00000002   PAD
    0x080045fc   0x00000088   Code   RO          479    i.initGLCD          touchinputcontroller.o
    0x08004684   0x00000048   Code   RO            9    i.initGPIO          gpiocontroller.o
    0x080046cc   0x00000016   Code   RO          213    i.initLed           ledbuzzercontroller.o
    0x080046e2   0x00000016   Code   RO          373    i.initMotor         motorcontroller.o
    0x080046f8   0x00000028   Code   RO          432    i.initPir           pircontroller.o
    0x08004720   0x0000002a   Code   RO         6818    i.isrMessageGet     RTX_CM4.lib(rt_cmsis.o)
    0x0800474a   0x0000002c   Code   RO         6819    i.isrMessagePut     RTX_CM4.lib(rt_cmsis.o)
    0x08004776   0x00000002   PAD
    0x08004778   0x00000052   Code   RO         7803    i.isr_mbx_receive   RTX_CM4.lib(rt_mailbox.o)
    0x080047ca   0x0000000e   Code   RO         7804    i.isr_mbx_send      RTX_CM4.lib(rt_mailbox.o)
    0x080047d8   0x00000038   Code   RO          282    i.main              main.o
    0x08004810   0x00000020   Code   RO          375    i.moveDoor          motorcontroller.o
    0x08004830   0x00000024   Code   RO         6823    i.osKernelInitialize  RTX_CM4.lib(rt_cmsis.o)
    0x08004854   0x0000006c   Code   RO         6825    i.osKernelStart     RTX_CM4.lib(rt_cmsis.o)
    0x080048c0   0x00000018   Code   RO         6834    i.osMessageGet      RTX_CM4.lib(rt_cmsis.o)
    0x080048d8   0x00000030   Code   RO         6851    i.osThreadCreate    RTX_CM4.lib(rt_cmsis.o)
    0x08004908   0x00000018   Code   RO         6852    i.osThreadExit      RTX_CM4.lib(rt_cmsis.o)
    0x08004920   0x0000000c   Code   RO         6858    i.osTimerCall       RTX_CM4.lib(rt_cmsis.o)
    0x0800492c   0x0000002c   Code   RO         6863    i.osTimerThread     RTX_CM4.lib(rt_cmsis.o)
    0x08004958   0x00000022   Code   RO         1386    i.os_error          rtx_conf_cm.o
    0x0800497a   0x00000004   Code   RO         1387    i.os_idle_demon     rtx_conf_cm.o
    0x0800497e   0x00000002   PAD
    0x08004980   0x00000028   Code   RO         7595    i.os_tick_init      RTX_CM4.lib(rt_system.o)
    0x080049a8   0x00000002   Code   RO         7596    i.os_tick_irqack    RTX_CM4.lib(rt_system.o)
    0x080049aa   0x00000002   PAD
    0x080049ac   0x00000030   Code   RO          480    i.rightPass         touchinputcontroller.o
    0x080049dc   0x0000001a   Code   RO         7916    i.rt_alloc_box      RTX_CM4.lib(rt_membox.o)
    0x080049f6   0x0000003e   Code   RO         7944    i.rt_alloc_mem      RTX_CM4.lib(rt_memory.o)
    0x08004a34   0x00000038   Code   RO         7443    i.rt_block          RTX_CM4.lib(rt_task.o)
    0x08004a6c   0x00000048   Code   RO         7893    i.rt_chk_robin      RTX_CM4.lib(rt_robin.o)
    0x08004ab4   0x00000070   Code   RO         7727    i.rt_dec_dly        RTX_CM4.lib(rt_list.o)
    0x08004b24   0x00000044   Code   RO         7444    i.rt_dispatch       RTX_CM4.lib(rt_task.o)
    0x08004b68   0x00000050   Code   RO         7688    i.rt_evt_psh        RTX_CM4.lib(rt_event.o)
    0x08004bb8   0x0000002c   Code   RO         7917    i.rt_free_box       RTX_CM4.lib(rt_membox.o)
    0x08004be4   0x00000028   Code   RO         7945    i.rt_free_mem       RTX_CM4.lib(rt_memory.o)
    0x08004c0c   0x00000028   Code   RO         7728    i.rt_get_first      RTX_CM4.lib(rt_list.o)
    0x08004c34   0x00000008   Code   RO         6868    i.rt_id2obj         RTX_CM4.lib(rt_cmsis.o)
    0x08004c3c   0x00000048   Code   RO         7445    i.rt_init_context   RTX_CM4.lib(rt_task.o)
    0x08004c84   0x0000001a   Code   RO         7946    i.rt_init_mem       RTX_CM4.lib(rt_memory.o)
    0x08004c9e   0x00000002   PAD
    0x08004ca0   0x00000018   Code   RO         7894    i.rt_init_robin     RTX_CM4.lib(rt_robin.o)
    0x08004cb8   0x00000080   Code   RO         7971    i.rt_init_stack     RTX_CM4.lib(hal_cm.o)
    0x08004d38   0x00000008   Code   RO         7805    i.rt_mbx_check      RTX_CM4.lib(rt_mailbox.o)
    0x08004d40   0x0000001a   Code   RO         7806    i.rt_mbx_init       RTX_CM4.lib(rt_mailbox.o)
    0x08004d5a   0x00000002   PAD
    0x08004d5c   0x000000f0   Code   RO         7807    i.rt_mbx_psh        RTX_CM4.lib(rt_mailbox.o)
    0x08004e4c   0x000000b4   Code   RO         7809    i.rt_mbx_wait       RTX_CM4.lib(rt_mailbox.o)
    0x08004f00   0x00000044   Code   RO         6869    i.rt_ms2tick        RTX_CM4.lib(rt_cmsis.o)
    0x08004f44   0x000000d8   Code   RO         7562    i.rt_mut_release    RTX_CM4.lib(rt_mutex.o)
    0x0800501c   0x00000068   Code   RO         7563    i.rt_mut_wait       RTX_CM4.lib(rt_mutex.o)
    0x08005084   0x0000007c   Code   RO         7599    i.rt_pop_req        RTX_CM4.lib(rt_system.o)
    0x08005100   0x00000020   Code   RO         7600    i.rt_psh_req        RTX_CM4.lib(rt_system.o)
    0x08005120   0x0000005c   Code   RO         7730    i.rt_psq_enq        RTX_CM4.lib(rt_list.o)
    0x0800517c   0x00000048   Code   RO         7731    i.rt_put_dly        RTX_CM4.lib(rt_list.o)
    0x080051c4   0x00000036   Code   RO         7732    i.rt_put_prio       RTX_CM4.lib(rt_list.o)
    0x080051fa   0x00000002   PAD
    0x080051fc   0x00000014   Code   RO         7733    i.rt_put_rdy_first  RTX_CM4.lib(rt_list.o)
    0x08005210   0x00000034   Code   RO         7734    i.rt_resort_prio    RTX_CM4.lib(rt_list.o)
    0x08005244   0x00000010   Code   RO         7972    i.rt_ret_regs       RTX_CM4.lib(hal_cm.o)
    0x08005254   0x0000000c   Code   RO         7973    i.rt_ret_val        RTX_CM4.lib(hal_cm.o)
    0x08005260   0x00000010   Code   RO         7974    i.rt_ret_val2       RTX_CM4.lib(hal_cm.o)
    0x08005270   0x00000028   Code   RO         7735    i.rt_rmv_dly        RTX_CM4.lib(rt_list.o)
    0x08005298   0x00000030   Code   RO         7736    i.rt_rmv_list       RTX_CM4.lib(rt_list.o)
    0x080052c8   0x00000034   Code   RO         7854    i.rt_sem_psh        RTX_CM4.lib(rt_semaphore.o)
    0x080052fc   0x00000024   Code   RO         7602    i.rt_stk_check      RTX_CM4.lib(rt_system.o)
    0x08005320   0x00000028   Code   RO         7446    i.rt_switch_req     RTX_CM4.lib(rt_task.o)
    0x08005348   0x000000cc   Code   RO         7447    i.rt_sys_init       RTX_CM4.lib(rt_task.o)
    0x08005414   0x00000078   Code   RO         7448    i.rt_sys_start      RTX_CM4.lib(rt_task.o)
    0x0800548c   0x00000040   Code   RO         7604    i.rt_systick        RTX_CM4.lib(rt_system.o)
    0x080054cc   0x00000012   Code   RO         6870    i.rt_tid2ptcb       RTX_CM4.lib(rt_cmsis.o)
    0x080054de   0x00000002   PAD
    0x080054e0   0x00000034   Code   RO         6871    i.rt_timer_insert   RTX_CM4.lib(rt_cmsis.o)
    0x08005514   0x00000088   Code   RO         7449    i.rt_tsk_create     RTX_CM4.lib(rt_task.o)
    0x0800559c   0x0000017c   Code   RO         7450    i.rt_tsk_delete     RTX_CM4.lib(rt_task.o)
    0x08005718   0x0000007c   Code   RO         7452    i.rt_tsk_prio       RTX_CM4.lib(rt_task.o)
    0x08005794   0x00000010   Code   RO         7453    i.rt_tsk_self       RTX_CM4.lib(rt_task.o)
    0x080057a4   0x0000001c   Code   RO          214    i.startAlarm        ledbuzzercontroller.o
    0x080057c0   0x00000014   Code   RO          215    i.startLights       ledbuzzercontroller.o
    0x080057d4   0x0000001c   Code   RO          216    i.stopAlarm         ledbuzzercontroller.o
    0x080057f0   0x00000070   Code   RO         6874    i.svcKernelInitialize  RTX_CM4.lib(rt_cmsis.o)
    0x08005860   0x00000048   Code   RO         6876    i.svcKernelStart    RTX_CM4.lib(rt_cmsis.o)
    0x080058a8   0x00000024   Code   RO         6879    i.svcMessageCreate  RTX_CM4.lib(rt_cmsis.o)
    0x080058cc   0x0000003a   Code   RO         6880    i.svcMessageGet     RTX_CM4.lib(rt_cmsis.o)
    0x08005906   0x00000002   PAD
    0x08005908   0x00000070   Code   RO         6894    i.svcThreadCreate   RTX_CM4.lib(rt_cmsis.o)
    0x08005978   0x0000001c   Code   RO         6895    i.svcThreadGetId    RTX_CM4.lib(rt_cmsis.o)
    0x08005994   0x00000038   Code   RO         6898    i.svcThreadTerminate  RTX_CM4.lib(rt_cmsis.o)
    0x080059cc   0x00000018   Code   RO         6900    i.svcTimerCall      RTX_CM4.lib(rt_cmsis.o)
    0x080059e4   0x0000005c   Code   RO         6909    i.sysTimerTick      RTX_CM4.lib(rt_cmsis.o)
    0x08005a40   0x00000040   Code   RO          481    i.wrongPass         touchinputcontroller.o
    0x08005a80   0x0000000a   Code   RO         8172    x$fpl$fpinit        fz_wm.l(fpinit.o)
    0x08005a8a   0x00000002   PAD
    0x08005a8c   0x00000080   Data   RO           11    .constdata          gpiocontroller.o
    0x08005b0c   0x000018a0   Data   RO         1336    .constdata          glcd_fonts.o
    0x080073ac   0x00000056   Data   RO         1389    .constdata          rtx_conf_cm.o
    0x08007402   0x00000008   Data   RO         2138    .constdata          stm32f7xx_hal_dma.o
    0x0800740a   0x00000018   Data   RO         6783    .constdata          system_stm32f7xx.o
    0x08007422   0x00000002   PAD
    0x08007424   0x00000020   Data   RO         8206    Region$$Table       anon$$obj.o


    Execution Region ER_RW (Base: 0x20010000, Size: 0x000000ac, Max: 0xffffffff, ABSOLUTE)

    Base Addr    Size         Type   Attr      Idx    E Section Name        Object

    0x20010000   0x00000018   Data   RW          483    .data               touchinputcontroller.o
    0x20010018   0x0000002e   Data   RW          612    .data               ft5336.o
    0x20010046   0x00000002   Data   RW         1075    .data               stm32746g_discovery_sdram.o
    0x20010048   0x0000000a   Data   RW         1155    .data               stm32746g_discovery_ts.o
    0x20010052   0x00000002   PAD
    0x20010054   0x00000008   Data   RW         1234    .data               glcd_746g_discovery.o
    0x2001005c   0x00000024   Data   RW         1390    .data               rtx_conf_cm.o
    0x20010080   0x00000004   Data   RW         6784    .data               system_stm32f7xx.o
    0x20010084   0x00000008   Data   RW         6912    .data               RTX_CM4.lib(rt_cmsis.o)
    0x2001008c   0x00000008   Data   RW         7455    .data               RTX_CM4.lib(rt_task.o)
    0x20010094   0x00000004   Data   RW         7531    .data               RTX_CM4.lib(rt_time.o)
    0x20010098   0x00000008   Data   RW         7607    .data               RTX_CM4.lib(rt_system.o)
    0x200100a0   0x00000008   Data   RW         7895    .data               RTX_CM4.lib(rt_robin.o)
    0x200100a8   0x00000001   Data   RW         7975    .data               RTX_CM4.lib(hal_cm.o)


    Execution Region ER_ZI (Base: 0x200100ac, Size: 0x0000151c, Max: 0xffffffff, ABSOLUTE)

    Base Addr    Size         Type   Attr      Idx    E Section Name        Object

    0x200100ac   0x00000098   Zero   RW          736    .bss                stm32746g_discovery.o
    0x20010144   0x00000120   Zero   RW         1074    .bss                stm32746g_discovery_sdram.o
    0x20010264   0x00000028   Zero   RW         1154    .bss                stm32746g_discovery_ts.o
    0x2001028c   0x000000a8   Zero   RW         1233    .bss                glcd_746g_discovery.o
    0x20010334   0x00000004   PAD
    0x20010338   0x00000bc8   Zero   RW         1388    .bss                rtx_conf_cm.o
    0x20010f00   0x00000034   Zero   RW         7454    .bss                RTX_CM4.lib(rt_task.o)
    0x20010f34   0x00000030   Zero   RW         7737    .bss                RTX_CM4.lib(rt_list.o)
    0x20010f64   0x00000060   Zero   RW         8037    .bss                c_w.l(libspace.o)
    0x20010fc4   0x00000004   PAD
    0x20010fc8   0x00000200   Zero   RW         6772    HEAP                startup_stm32f746xx.o
    0x200111c8   0x00000400   Zero   RW         6771    STACK               startup_stm32f746xx.o



  Load Region LR$$.ARM.__AT_0xC0000000 (Base: 0xc0000000, Size: 0x00000000, Max: 0x0003fc00, ABSOLUTE)

    Execution Region ER$$.ARM.__AT_0xC0000000 (Base: 0xc0000000, Size: 0x0003fc00, Max: 0x0003fc00, ABSOLUTE, UNINIT)

    Base Addr    Size         Type   Attr      Idx    E Section Name        Object

    0xc0000000   0x0003fc00   Zero   RW         1232    .ARM.__AT_0xC0000000  glcd_746g_discovery.o


==============================================================================

Image component sizes


      Code (inc. data)   RO Data    RW Data    ZI Data      Debug   Object Name

       900         52          0         46          0      17839   ft5336.o
      1026        104          0          8     261288       9373   glcd_746g_discovery.o
         0          0       6304          0          0        784   glcd_fonts.o
       304         20        128          0          0     802135   gpiocontroller.o
       188          4          0          0          0       3918   ledbuzzercontroller.o
       414         22          0          0          0      37815   main.o
        54          4          0          0          0       1119   motorcontroller.o
       172          4          0          0          0       1766   pircontroller.o
       126         26         86         36       3016       9623   rtx_conf_cm.o
        64         26        456          0       1536        924   startup_stm32f746xx.o
       676         48          0          0        152       8344   stm32746g_discovery.o
       748         66          0          2        288       4744   stm32746g_discovery_sdram.o
       848         78          0         10         40       4309   stm32746g_discovery_ts.o
       108         10          0          0          0       3236   stm32f7xx_hal.o
       326         28          0          0          0      36957   stm32f7xx_hal_cortex.o
       568         10          8          0          0       3764   stm32f7xx_hal_dma.o
       576         56          0          0          0       3247   stm32f7xx_hal_gpio.o
      1922         24          0          0          0      14568   stm32f7xx_hal_i2c.o
       922          6          0          0          0       3646   stm32f7xx_hal_ltdc.o
       144          8          0          0          0       1392   stm32f7xx_hal_pwr_ex.o
      1872         40          0          0          0       3960   stm32f7xx_hal_rcc.o
      2328         26          0          0          0       2376   stm32f7xx_hal_rcc_ex.o
       164          0          0          0          0       3516   stm32f7xx_hal_sdram.o
       368          4          0          0          0       3740   stm32f7xx_ll_fmc.o
       100         18         24          4          0       1539   system_stm32f7xx.o
        88          0          0          0          0       2096   touch_746g_discovery.o
      2076        200          0         24          0       6795   touchinputcontroller.o

    ----------------------------------------------------------------------
     17100        884       7040        132     266324     993525   Object Totals
         0          0         32          0          0          0   (incl. Generated)
        18          0          2          2          4          0   (incl. Padding)

    ----------------------------------------------------------------------

      Code (inc. data)   RO Data    RW Data    ZI Data      Debug   Library Member Name

       268         24          0          1          0       4452   hal_cm.o
       408         34          0          0          0        816   hal_cm4.o
      1118        140          0          8          0      33869   rt_cmsis.o
        80          4          0          0          0        701   rt_event.o
       530         34          0          0         48       8597   rt_list.o
       550         10          0          0          0       4185   rt_mailbox.o
       140          0          0          0          0       2045   rt_membox.o
       128          0          0          0          0       2419   rt_memory.o
       320         12          0          0          0       1699   rt_mutex.o
        96         22          0          8          0       1230   rt_robin.o
        52          4          0          0          0        613   rt_semaphore.o
       298         52          0          8          0       6439   rt_system.o
      1216        174          0          8         52      10025   rt_task.o
         0          0          0          4          0        206   rt_time.o
         4          4          0          0          0        200   svc_table.o
         8          0          0          0          0         68   __main.o
         0          0          0          0          0          0   __rtentry.o
        20          0          0          0          0          0   __rtentry2.o
         6          0          0          0          0          0   __rtentry4.o
        52          8          0          0          0          0   __scatter.o
        26          0          0          0          0          0   __scatter_copy.o
        28          0          0          0          0          0   __scatter_zi.o
        18          0          0          0          0         80   exit.o
         6          0          0          0          0        152   heapauxi.o
         0          0          0          0          0          0   indicate_semi.o
         2          0          0          0          0          0   libinit.o
         6          0          0          0          0          0   libinit2.o
         2          0          0          0          0          0   libshutdown.o
         2          0          0          0          0          0   libshutdown2.o
         8          4          0          0         96         68   libspace.o
       100          0          0          0          0         80   rt_memcpy_w.o
         2          0          0          0          0          0   rtexit.o
        10          0          0          0          0          0   rtexit2.o
        12          4          0          0          0         68   sys_exit.o
        74          0          0          0          0         80   sys_stackheap_outer.o
         2          0          0          0          0         68   use_no_semi.o
        10          0          0          0          0        116   fpinit.o

    ----------------------------------------------------------------------
      5624        530          0         40        200      78276   Library Totals
        22          0          0          3          4          0   (incl. Padding)

    ----------------------------------------------------------------------

      Code (inc. data)   RO Data    RW Data    ZI Data      Debug   Library Name

      5208        514          0         37        100      77496   RTX_CM4.lib
       384         16          0          0         96        664   c_w.l
        10          0          0          0          0        116   fz_wm.l

    ----------------------------------------------------------------------
      5624        530          0         40        200      78276   Library Totals

    ----------------------------------------------------------------------

==============================================================================


      Code (inc. data)   RO Data    RW Data    ZI Data      Debug   

     22724       1414       7040        172     266524    1052393   Grand Totals
     22724       1414       7040        172     266524    1052393   ELF Image Totals
     22724       1414       7040        172          0          0   ROM Totals

==============================================================================

    Total RO  Size (Code + RO Data)                29764 (  29.07kB)
    Total RW  Size (RW Data + ZI Data)            266696 ( 260.45kB)
    Total ROM Size (Code + RO Data + RW Data)      29936 (  29.23kB)

==============================================================================

