<html>
<body>
<pre>
<h1>µVision Build Log</h1>
<h2>Tool Versions:</h2>
IDE-Version: µVision V5.18.0.0
Copyright (C) 2016 ARM Ltd and ARM Germany GmbH. All rights reserved.
License Information: Authorised User, Microsoft, LIC=----
 
Tool Versions:
Toolchain:       MDK-Lite  Version: 5.18
Toolchain Path:  C:\Keil_v5-18\ARM\ARMCC\Bin
C Compiler:      Armcc.exe V5.06 update 1 (build 61)
Assembler:       Armasm.exe V5.06 update 1 (build 61)
Linker/Locator:  ArmLink.exe V5.06 update 1 (build 61)
Library Manager: ArmAr.exe V5.06 update 1 (build 61)
Hex Converter:   FromElf.exe V5.06 update 1 (build 61)
CPU DLL:         SARMCM3.DLL V5.18
Dialog DLL:      DCM.DLL V1.13.6.0
Target DLL:      STLink\ST-LINKIII-KEIL_SWO.dll V2.0.18.0
Dialog DLL:      TCM.DLL V1.14.8.0
 
<h2>Project:</h2>
U:\Embedded-Systems-Project\Input_example\MDK\Boards\ST\STM32F746G_Discovery\Blinky\Blinky.uvprojx
Project File Date:  01/24/2017

<h2>Output:</h2>
*** Using Compiler 'V5.06 update 1 (build 61)', folder: 'C:\Keil_v5-18\ARM\ARMCC\Bin'
Build target 'STM32F746 Flash'
compiling Blinky.c...
linking...
Program Size: Code=9940 RO-data=616 RW-data=68 ZI-data=4756  
".\Flash\Blinky.axf" - 0 Error(s), 0 Warning(s).

<h2>Software Packages used:</h2>

Package Vendor: ARM
                http://www.keil.com/pack/ARM.CMSIS.5.2.0.pack
                ::CMSIS:RTOS:1.0.0 (API)
                CMSIS (Cortex Microcontroller Software Interface Standard)
   * Component: RTOS Version: 1.0.0
   * Component: CORE Version: 5.0.2
   * Component: Keil RTX Version: 4.81.1

Package Vendor: Keil
                http://www.keil.com/pack/Keil.MDK-Middleware.7.5.0.pack
                ::Board Support:LED:1.0.0 (API)
                Middleware for Keil MDK-Professional and MDK-Plus
   * Component: LED Version: 1.0.0
   * Component: Buttons Version: 1.0.0

Package Vendor: Keil
                http://www.keil.com/pack/Keil.STM32F7xx_DFP.2.9.0.pack
                ::Device:STM32Cube Framework:1.0.0 (API)
                STMicroelectronics STM32F7 Series Device Support, Drivers and Examples
   * Component: STM32Cube Framework Version: 1.0.0
   * Component: Startup Version: 1.2.0
   * Component: Classic Version: 1.2.0
   * Component: Common Version: 1.2.0
   * Component: Cortex Version: 1.2.0
   * Component: GPIO Version: 1.2.0
   * Component: PWR Version: 1.2.0
   * Component: RCC Version: 1.2.0
   * Component: LED Version: 1.1.1
   * Component: Buttons Version: 1.1.1

<h2>Collection of Component include folders:</h2>
  U:\Embedded-Systems-Project\Input_example\MDK\Boards\ST\STM32F746G_Discovery\Blinky\RTE
  U:\Embedded-Systems-Project\Input_example\MDK\Boards\ST\STM32F746G_Discovery\Blinky\RTE\Device\STM32F746NGHx
  C:\Keil_v5-18\ARM\PACK\ARM\CMSIS\5.2.0\CMSIS\Include
  C:\Keil_v5-18\ARM\PACK\ARM\CMSIS\5.2.0\CMSIS\RTOS\RTX\INC
  C:\Keil_v5-18\ARM\PACK\Keil\MDK-Middleware\7.5.0\Board
  C:\Keil_v5-18\ARM\PACK\Keil\STM32F7xx_DFP\2.9.0\Drivers\CMSIS\Device\ST\STM32F7xx\Include
  C:\Keil_v5-18\ARM\PACK\Keil\STM32F7xx_DFP\2.9.0\Drivers\STM32F7xx_HAL_Driver\Inc

<h2>Collection of Component Files used:</h2>

   * Component: ::CMSIS:RTOS:1.0.0 (API)

   * Component: ARM::CMSIS:CORE:5.0.2

   * Component: ARM::CMSIS:RTOS:Keil RTX:4.81.1
      Include file:  CMSIS\RTOS\RTX\INC\cmsis_os.h
      Source file:   CMSIS\RTOS\RTX\Templates\RTX_Conf_CM.c
      Include file:  CMSIS\RTOS\RTX\UserCodeTemplates\osObjects.h
      Source file:   CMSIS\RTOS\RTX\UserCodeTemplates\main.c
      Source file:   CMSIS\RTOS\RTX\UserCodeTemplates\MailQueue.c
      Source file:   CMSIS\RTOS\RTX\UserCodeTemplates\MemPool.c
      Source file:   CMSIS\RTOS\RTX\UserCodeTemplates\MsgQueue.c
      Source file:   CMSIS\RTOS\RTX\UserCodeTemplates\Mutex.c
      Source file:   CMSIS\RTOS\RTX\UserCodeTemplates\Semaphore.c
      Source file:   CMSIS\RTOS\RTX\UserCodeTemplates\Thread.c
      Source file:   CMSIS\RTOS\RTX\UserCodeTemplates\Timer.c
      Source file:   CMSIS\RTOS\RTX\SRC\ARM\SVC_Table.s
      Library file:  CMSIS\RTOS\RTX\LIB\ARM\RTX_CM4.lib

   * Component: ::Board Support:LED:1.0.0 (API)
      Include file:  Board\Board_LED.h

   * Component: ::Board Support:Buttons:1.0.0 (API)
      Include file:  Board\Board_Buttons.h

   * Component: ::Device:STM32Cube Framework:1.0.0 (API)

   * Component: Keil::Device:Startup:1.2.0
      Source file:   MDK\Device\Source\ARM\STM32F7xx_OPT.s
      Source file:   MDK\Device\Source\ARM\STM32F7xx_OTP.s
      Include file:  Drivers\CMSIS\Device\ST\STM32F7xx\Include\stm32f7xx.h
      Source file:   Drivers\CMSIS\Device\ST\STM32F7xx\Source\Templates\arm\startup_stm32f746xx.s
      Source file:   Drivers\CMSIS\Device\ST\STM32F7xx\Source\Templates\system_stm32f7xx.c

   * Component: Keil::Device:STM32Cube Framework:Classic:1.2.0
      Include file:  CMSIS\Driver\Config\RTE_Device.h
      Include file:  MDK\Templates\Inc\stm32f7xx_hal_conf.h
      Source file:   MDK\Templates\Src\stm32f7xx_hal_msp.c
      Include file:  MDK\Templates\Inc\stm32f7xx_it.h
      Source file:   MDK\Templates\Src\stm32f7xx_it.c
      Include file:  MDK\Templates\Inc\main.h
      Source file:   MDK\Templates\Src\main.c

   * Component: Keil::Device:STM32Cube HAL:Common:1.2.0
      Include file:  Drivers\STM32F7xx_HAL_Driver\Inc\stm32f7xx_hal.h
      Source file:   Drivers\STM32F7xx_HAL_Driver\Src\stm32f7xx_hal.c

   * Component: Keil::Device:STM32Cube HAL:Cortex:1.2.0
      Source file:   Drivers\STM32F7xx_HAL_Driver\Src\stm32f7xx_hal_cortex.c

   * Component: Keil::Device:STM32Cube HAL:GPIO:1.2.0
      Source file:   Drivers\STM32F7xx_HAL_Driver\Src\stm32f7xx_hal_gpio.c

   * Component: Keil::Device:STM32Cube HAL:PWR:1.2.0
      Source file:   Drivers\STM32F7xx_HAL_Driver\Src\stm32f7xx_hal_pwr.c
      Source file:   Drivers\STM32F7xx_HAL_Driver\Src\stm32f7xx_hal_pwr_ex.c

   * Component: Keil::Device:STM32Cube HAL:RCC:1.2.0
      Source file:   Drivers\STM32F7xx_HAL_Driver\Src\stm32f7xx_hal_rcc.c
      Source file:   Drivers\STM32F7xx_HAL_Driver\Src\stm32f7xx_hal_rcc_ex.c

   * Component: Keil.STM32F746G-Discovery::Board Support:LED:1.1.1
      Source file:   MDK\Boards\ST\STM32F746G_Discovery\Common\LED_746G_Discovery.c

   * Component: Keil.STM32F746G-Discovery::Board Support:Buttons:1.1.1
      Source file:   MDK\Boards\ST\STM32F746G_Discovery\Common\Buttons_746G_Discovery.c
Build Time Elapsed:  00:00:06
</pre>
</body>
</html>
